<html>
<body>
<pre>
<h1>礦ision Build Log</h1>
<h2>Tool Versions:</h2>
IDE-Version: μVision V5.14.0.0
Copyright (C) 2015 ARM Ltd and ARM Germany GmbH. All rights reserved.
License Information: Fantasy King, USTB, LIC=ATTJJ-URPRA-442SX-H8FZA-MP317-00ZRF
 
Tool Versions:
Toolchain:       MDK-ARM Standard  Version: 5.14.0.0
Toolchain Path:  D:\Study\MDK\ARM\ARMCC\Bin
C Compiler:      Armcc.exe V5.05 update 1 (build 106)
Assembler:       Armasm.exe V5.05 update 1 (build 106)
Linker/Locator:  ArmLink.exe V5.05 update 1 (build 106)
Library Manager: ArmAr.exe V5.05 update 1 (build 106)
Hex Converter:   FromElf.exe V5.05 update 1 (build 106)
CPU DLL:         SARMCM3.DLL V5.14.0.0
Dialog DLL:      DARMSTM.DLL V1.65.0.0
Target DLL:      Segger\JL2CM3.dll V2.99.13.0
Dialog DLL:      TARMSTM.DLL V1.64.0.0
 
<h2>Project:</h2>
G:\秉火mini\3-程序源码\2-裸机例程\陀螺仪—MPU6050\2.开发板配套例程\4.硬件STM32-MPU6050\Project\RVMDK（uv4）\iSO-STM32.uvprojx
Project File Date:  03/01/2017

<h2>Output:</h2>
Build target 'Led'
compiling bsp_i2c.c...
linking...
Program Size: Code=8600 RO-data=428 RW-data=56 ZI-data=1024  
FromELF: creating hex file...
"..\..\Output\流水灯.axf" - 0 Error(s), 0 Warning(s).

<h2>Collection of Component include folders:</h2>
  G:\秉火mini\3-程序源码\2-裸机例程\陀螺仪—MPU6050\2.开发板配套例程\4.硬件STM32-MPU6050\Project\RVMDK（uv4）\RTE
  D:\Study\MDK\ARM\PACK\Keil\STM32F1xx_DFP\2.1.0

<h2>Collection of Component Files used:</h2>
</pre>
</body>
</html>
