Component: ARM Compiler 5.05 update 1 (build 106) Tool: armlink [4d0efa]

==============================================================================

Section Cross References

    startup_stm32f10x_hd.o(RESET) refers to startup_stm32f10x_hd.o(STACK) for __initial_sp
    startup_stm32f10x_hd.o(RESET) refers to startup_stm32f10x_hd.o(.text) for Reset_Handler
    startup_stm32f10x_hd.o(RESET) refers to stm32f10x_it.o(.text) for NMI_Handler
    startup_stm32f10x_hd.o(.text) refers to system_stm32f10x.o(.text) for SystemInit
    startup_stm32f10x_hd.o(.text) refers to entry.o(.ARM.Collect$$$$00000000) for __main
    system_stm32f10x.o(.text) refers to system_stm32f10x.o(.data) for SystemCoreClock
    stm32f10x_adc.o(.text) refers to stm32f10x_rcc.o(.text) for RCC_APB2PeriphResetCmd
    stm32f10x_bkp.o(.text) refers to stm32f10x_rcc.o(.text) for RCC_BackupResetCmd
    stm32f10x_can.o(.text) refers to stm32f10x_rcc.o(.text) for RCC_APB1PeriphResetCmd
    stm32f10x_cec.o(.text) refers to stm32f10x_rcc.o(.text) for RCC_APB1PeriphResetCmd
    stm32f10x_dac.o(.text) refers to stm32f10x_rcc.o(.text) for RCC_APB1PeriphResetCmd
    stm32f10x_gpio.o(.text) refers to stm32f10x_rcc.o(.text) for RCC_APB2PeriphResetCmd
    stm32f10x_i2c.o(.text) refers to stm32f10x_rcc.o(.text) for RCC_APB1PeriphResetCmd
    stm32f10x_pwr.o(.text) refers to stm32f10x_rcc.o(.text) for RCC_APB1PeriphResetCmd
    stm32f10x_rcc.o(.text) refers to stm32f10x_rcc.o(.data) for APBAHBPrescTable
    stm32f10x_spi.o(.text) refers to stm32f10x_rcc.o(.text) for RCC_APB2PeriphResetCmd
    stm32f10x_tim.o(.text) refers to stm32f10x_rcc.o(.text) for RCC_APB2PeriphResetCmd
    stm32f10x_usart.o(.text) refers to stm32f10x_rcc.o(.text) for RCC_APB2PeriphResetCmd
    stm32f10x_wwdg.o(.text) refers to stm32f10x_rcc.o(.text) for RCC_APB1PeriphResetCmd
    main.o(.text) refers to stm32f10x_usart.o(.text) for USART_GetFlagStatus
    main.o(.text) refers to fmul.o(.text) for __aeabi_fmul
    main.o(.text) refers to ffixi.o(.text) for __aeabi_f2iz
    main.o(.text) refers to empl_outputs.o(.text) for inv_get_sensor_type_quat
    main.o(.text) refers to log_stm32.o(.text) for eMPL_send_quat
    main.o(.text) refers to dflti.o(.text) for __aeabi_i2d
    main.o(.text) refers to dmul.o(.text) for __aeabi_dmul
    main.o(.text) refers to ddiv.o(.text) for __aeabi_ddiv
    main.o(.text) refers to d2f.o(.text) for __aeabi_d2f
    main.o(.text) refers to f2d.o(.text) for __aeabi_f2d
    main.o(.text) refers to printfa.o(i.__0sprintf) for __2sprintf
    main.o(.text) refers to bsp_ili9341_lcd.o(.text) for ILI9341_DispString_EN_CH
    main.o(.text) refers to main.o(.bss) for hal
    main.o(.text) refers to data_builder.o(.bss) for sensors
    main.o(.text) refers to inv_mpu.o(.text) for mpu_get_temperature
    main.o(.text) refers to bsp_systick.o(.text) for get_tick_count
    main.o(.text) refers to inv_mpu_dmp_motion_driver.o(.text) for dmp_get_pedometer_step_count
    main.o(.text) refers to hal_outputs.o(.text) for inv_get_sensor_type_linear_acceleration
    main.o(.text) refers to message_layer.o(.text) for inv_get_message_level_0
    main.o(.text) refers to data_builder.o(.text) for inv_set_accel_sample_rate
    main.o(.text) refers to fflti.o(.text) for __aeabi_i2f
    main.o(.text) refers to fdiv.o(.text) for __aeabi_fdiv
    main.o(.text) refers to bsp_lcd.o(.text) for LCD_Init
    main.o(.text) refers to bsp_led.o(.text) for LED_GPIO_Config
    main.o(.text) refers to bsp_usart1.o(.text) for USARTx_Config
    main.o(.text) refers to bsp_exti.o(.text) for EXTI_Pxy_Config
    main.o(.text) refers to bsp_i2c.o(.text) for I2C_Bus_Init
    main.o(.text) refers to printfa.o(i.__0printf) for __2printf
    main.o(.text) refers to mpl.o(.text) for inv_init_mpl
    main.o(.text) refers to quaternion_supervisor.o(.text) for inv_enable_quaternion
    main.o(.text) refers to fusion_9axis.o(.text) for inv_enable_9x_sensor_fusion
    main.o(.text) refers to fast_no_motion.o(.text) for inv_enable_fast_nomot
    main.o(.text) refers to gyro_tc.o(.text) for inv_enable_gyro_tc
    main.o(.text) refers to ml_math_func.o(.text) for inv_orientation_matrix_to_scalar
    main.o(.text) refers to main.o(.data) for gyro_pdata
    main.o(.data) refers to main.o(.conststring) for .conststring
    stm32f10x_it.o(.text) refers to bsp_systick.o(.text) for TimingDelay_Decrement
    stm32f10x_it.o(.text) refers to stm32f10x_exti.o(.text) for EXTI_GetITStatus
    stm32f10x_it.o(.text) refers to main.o(.text) for gyro_data_ready_cb
    stm32f10x_it.o(.text) refers to stm32f10x_it.o(.data) for Task_Delay
    bsp_led.o(.text) refers to stm32f10x_rcc.o(.text) for RCC_APB2PeriphClockCmd
    bsp_led.o(.text) refers to stm32f10x_gpio.o(.text) for GPIO_Init
    bsp_systick.o(.text) refers to system_stm32f10x.o(.data) for SystemCoreClock
    bsp_systick.o(.text) refers to bsp_systick.o(.data) for TimingDelay
[...]
    __Vectors                                0x08000000   Data           4  startup_stm32f10x_hd.o(RESET)
    __Vectors_End                            0x08000130   Data           0  startup_stm32f10x_hd.o(RESET)
    __main                                   0x08000131   Thumb Code     0  entry.o(.ARM.Collect$$$$00000000)
    _main_stk                                0x08000131   Thumb Code     0  entry2.o(.ARM.Collect$$$$00000001)
    _main_scatterload                        0x08000135   Thumb Code     0  entry5.o(.ARM.Collect$$$$00000004)
    __main_after_scatterload                 0x08000139   Thumb Code     0  entry5.o(.ARM.Collect$$$$00000004)
    _main_clock                              0x08000139   Thumb Code     0  entry7b.o(.ARM.Collect$$$$00000008)
    _main_cpp_init                           0x08000139   Thumb Code     0  entry8b.o(.ARM.Collect$$$$0000000A)
    _main_init                               0x08000139   Thumb Code     0  entry9a.o(.ARM.Collect$$$$0000000B)
    __rt_final_cpp                           0x08000141   Thumb Code     0  entry10a.o(.ARM.Collect$$$$0000000D)
    __rt_final_exit                          0x08000141   Thumb Code     0  entry11a.o(.ARM.Collect$$$$0000000F)
    Reset_Handler                            0x08000145   Thumb Code     8  startup_stm32f10x_hd.o(.text)
    ADC1_2_IRQHandler                        0x0800015f   Thumb Code     0  startup_stm32f10x_hd.o(.text)
    ADC3_IRQHandler                          0x0800015f   Thumb Code     0  startup_stm32f10x_hd.o(.text)
    CAN1_RX1_IRQHandler                      0x0800015f   Thumb Code     0  startup_stm32f10x_hd.o(.text)
    CAN1_SCE_IRQHandler                      0x0800015f   Thumb Code     0  startup_stm32f10x_hd.o(.text)
    DMA1_Channel1_IRQHandler                 0x0800015f   Thumb Code     0  startup_stm32f10x_hd.o(.text)
    DMA1_Channel2_IRQHandler                 0x0800015f   Thumb Code     0  startup_stm32f10x_hd.o(.text)
    DMA1_Channel3_IRQHandler                 0x0800015f   Thumb Code     0  startup_stm32f10x_hd.o(.text)
    DMA1_Channel4_IRQHandler                 0x0800015f   Thumb Code     0  startup_stm32f10x_hd.o(.text)
    DMA1_Channel5_IRQHandler                 0x0800015f   Thumb Code     0  startup_stm32f10x_hd.o(.text)
    DMA1_Channel6_IRQHandler                 0x0800015f   Thumb Code     0  startup_stm32f10x_hd.o(.text)
    DMA1_Channel7_IRQHandler                 0x0800015f   Thumb Code     0  startup_stm32f10x_hd.o(.text)
    DMA2_Channel1_IRQHandler                 0x0800015f   Thumb Code     0  startup_stm32f10x_hd.o(.text)
    DMA2_Channel2_IRQHandler                 0x0800015f   Thumb Code     0  startup_stm32f10x_hd.o(.text)
    DMA2_Channel3_IRQHandler                 0x0800015f   Thumb Code     0  startup_stm32f10x_hd.o(.text)
    DMA2_Channel4_5_IRQHandler               0x0800015f   Thumb Code     0  startup_stm32f10x_hd.o(.text)
    EXTI0_IRQHandler                         0x0800015f   Thumb Code     0  startup_stm32f10x_hd.o(.text)
    EXTI1_IRQHandler                         0x0800015f   Thumb Code     0  startup_stm32f10x_hd.o(.text)
    EXTI2_IRQHandler                         0x0800015f   Thumb Code     0  startup_stm32f10x_hd.o(.text)
    EXTI3_IRQHandler                         0x0800015f   Thumb Code     0  startup_stm32f10x_hd.o(.text)
    EXTI4_IRQHandler                         0x0800015f   Thumb Code     0  startup_stm32f10x_hd.o(.text)
    EXTI9_5_IRQHandler                       0x0800015f   Thumb Code     0  startup_stm32f10x_hd.o(.text)
    FLASH_IRQHandler                         0x0800015f   Thumb Code     0  startup_stm32f10x_hd.o(.text)
    FSMC_IRQHandler                          0x0800015f   Thumb Code     0  startup_stm32f10x_hd.o(.text)
    I2C1_ER_IRQHandler                       0x0800015f   Thumb Code     0  startup_stm32f10x_hd.o(.text)
    I2C1_EV_IRQHandler                       0x0800015f   Thumb Code     0  startup_stm32f10x_hd.o(.text)
    I2C2_ER_IRQHandler                       0x0800015f   Thumb Code     0  startup_stm32f10x_hd.o(.text)
    I2C2_EV_IRQHandler                       0x0800015f   Thumb Code     0  startup_stm32f10x_hd.o(.text)
    PVD_IRQHandler                           0x0800015f   Thumb Code     0  startup_stm32f10x_hd.o(.text)
    RCC_IRQHandler                           0x0800015f   Thumb Code     0  startup_stm32f10x_hd.o(.text)
    RTCAlarm_IRQHandler                      0x0800015f   Thumb Code     0  startup_stm32f10x_hd.o(.text)
    RTC_IRQHandler                           0x0800015f   Thumb Code     0  startup_stm32f10x_hd.o(.text)
    SDIO_IRQHandler                          0x0800015f   Thumb Code     0  startup_stm32f10x_hd.o(.text)
    SPI1_IRQHandler                          0x0800015f   Thumb Code     0  startup_stm32f10x_hd.o(.text)
    SPI2_IRQHandler                          0x0800015f   Thumb Code     0  startup_stm32f10x_hd.o(.text)
    SPI3_IRQHandler                          0x0800015f   Thumb Code     0  startup_stm32f10x_hd.o(.text)
    TAMPER_IRQHandler                        0x0800015f   Thumb Code     0  startup_stm32f10x_hd.o(.text)
    TIM1_BRK_IRQHandler                      0x0800015f   Thumb Code     0  startup_stm32f10x_hd.o(.text)
    TIM1_CC_IRQHandler                       0x0800015f   Thumb Code     0  startup_stm32f10x_hd.o(.text)
    TIM1_TRG_COM_IRQHandler                  0x0800015f   Thumb Code     0  startup_stm32f10x_hd.o(.text)
    TIM1_UP_IRQHandler                       0x0800015f   Thumb Code     0  startup_stm32f10x_hd.o(.text)
    TIM2_IRQHandler                          0x0800015f   Thumb Code     0  startup_stm32f10x_hd.o(.text)
    TIM3_IRQHandler                          0x0800015f   Thumb Code     0  startup_stm32f10x_hd.o(.text)
    TIM4_IRQHandler                          0x0800015f   Thumb Code     0  startup_stm32f10x_hd.o(.text)
    TIM5_IRQHandler                          0x0800015f   Thumb Code     0  startup_stm32f10x_hd.o(.text)
    TIM6_IRQHandler                          0x0800015f   Thumb Code     0  startup_stm32f10x_hd.o(.text)
    TIM7_IRQHandler                          0x0800015f   Thumb Code     0  startup_stm32f10x_hd.o(.text)
    TIM8_BRK_IRQHandler                      0x0800015f   Thumb Code     0  startup_stm32f10x_hd.o(.text)
    TIM8_CC_IRQHandler                       0x0800015f   Thumb Code     0  startup_stm32f10x_hd.o(.text)
    TIM8_TRG_COM_IRQHandler                  0x0800015f   Thumb Code     0  startup_stm32f10x_hd.o(.text)
    TIM8_UP_IRQHandler                       0x0800015f   Thumb Code     0  startup_stm32f10x_hd.o(.text)
    UART4_IRQHandler                         0x0800015f   Thumb Code     0  startup_stm32f10x_hd.o(.text)
    UART5_IRQHandler                         0x0800015f   Thumb Code     0  startup_stm32f10x_hd.o(.text)
    USART1_IRQHandler                        0x0800015f   Thumb Code     0  startup_stm32f10x_hd.o(.text)
    USART2_IRQHandler                        0x0800015f   Thumb Code     0  startup_stm32f10x_hd.o(.text)
    USART3_IRQHandler                        0x0800015f   Thumb Code     0  startup_stm32f10x_hd.o(.text)
    USBWakeUp_IRQHandler                     0x0800015f   Thumb Code     0  startup_stm32f10x_hd.o(.text)
    USB_HP_CAN1_TX_IRQHandler                0x0800015f   Thumb Code     0  startup_stm32f10x_hd.o(.text)
    USB_LP_CAN1_RX0_IRQHandler               0x0800015f   Thumb Code     0  startup_stm32f10x_hd.o(.text)
    WWDG_IRQHandler                          0x0800015f   Thumb Code     0  startup_stm32f10x_hd.o(.text)
    SystemInit                               0x08000247   Thumb Code    78  system_stm32f10x.o(.text)
    SystemCoreClockUpdate                    0x08000295   Thumb Code   142  system_stm32f10x.o(.text)
    NVIC_PriorityGroupConfig                 0x08000349   Thumb Code    10  misc.o(.text)
    NVIC_Init                                0x08000353   Thumb Code   100  misc.o(.text)
    NVIC_SetVectorTable                      0x080003b7   Thumb Code    14  misc.o(.text)
    NVIC_SystemLPConfig                      0x080003c5   Thumb Code    34  misc.o(.text)
    SysTick_CLKSourceConfig                  0x080003e7   Thumb Code    40  misc.o(.text)
    EXTI_DeInit                              0x08000425   Thumb Code    28  stm32f10x_exti.o(.text)
    EXTI_Init                                0x08000441   Thumb Code   142  stm32f10x_exti.o(.text)
    EXTI_StructInit                          0x080004cf   Thumb Code    16  stm32f10x_exti.o(.text)
    EXTI_GenerateSWInterrupt                 0x080004df   Thumb Code    16  stm32f10x_exti.o(.text)
    EXTI_GetFlagStatus                       0x080004ef   Thumb Code    22  stm32f10x_exti.o(.text)
    EXTI_ClearFlag                           0x08000505   Thumb Code     8  stm32f10x_exti.o(.text)
    EXTI_GetITStatus                         0x0800050d   Thumb Code    34  stm32f10x_exti.o(.text)
    EXTI_ClearITPendingBit                   0x0800052f   Thumb Code     8  stm32f10x_exti.o(.text)
    FSMC_NORSRAMDeInit                       0x08000541   Thumb Code    54  stm32f10x_fsmc.o(.text)
    FSMC_NANDDeInit                          0x08000577   Thumb Code    62  stm32f10x_fsmc.o(.text)
    FSMC_PCCARDDeInit                        0x080005b5   Thumb Code    36  stm32f10x_fsmc.o(.text)
    FSMC_NORSRAMInit                         0x080005d9   Thumb Code   230  stm32f10x_fsmc.o(.text)
    FSMC_NANDInit                            0x080006bf   Thumb Code   132  stm32f10x_fsmc.o(.text)
    FSMC_PCCARDInit                          0x08000743   Thumb Code   130  stm32f10x_fsmc.o(.text)
    FSMC_NORSRAMStructInit                   0x080007c5   Thumb Code   114  stm32f10x_fsmc.o(.text)
    FSMC_NANDStructInit                      0x08000837   Thumb Code    54  stm32f10x_fsmc.o(.text)
    FSMC_PCCARDStructInit                    0x0800086d   Thumb Code    60  stm32f10x_fsmc.o(.text)
    FSMC_NORSRAMCmd                          0x080008a9   Thumb Code    46  stm32f10x_fsmc.o(.text)
    FSMC_NANDCmd                             0x080008d7   Thumb Code    86  stm32f10x_fsmc.o(.text)
    FSMC_PCCARDCmd                           0x0800092d   Thumb Code    44  stm32f10x_fsmc.o(.text)
    FSMC_NANDECCCmd                          0x08000959   Thumb Code    90  stm32f10x_fsmc.o(.text)
    FSMC_GetECC                              0x080009b3   Thumb Code    24  stm32f10x_fsmc.o(.text)
    FSMC_ITConfig                            0x080009cb   Thumb Code   128  stm32f10x_fsmc.o(.text)
    FSMC_GetFlagStatus                       0x08000a4b   Thumb Code    54  stm32f10x_fsmc.o(.text)
    FSMC_ClearFlag                           0x08000a81   Thumb Code    62  stm32f10x_fsmc.o(.text)
    FSMC_GetITStatus                         0x08000abf   Thumb Code    64  stm32f10x_fsmc.o(.text)
    FSMC_ClearITPendingBit                   0x08000aff   Thumb Code    68  stm32f10x_fsmc.o(.text)
    GPIO_DeInit                              0x08000b4d   Thumb Code   172  stm32f10x_gpio.o(.text)
    GPIO_AFIODeInit                          0x08000bf9   Thumb Code    20  stm32f10x_gpio.o(.text)
    GPIO_Init                                0x08000c0d   Thumb Code   278  stm32f10x_gpio.o(.text)
    GPIO_StructInit                          0x08000d23   Thumb Code    16  stm32f10x_gpio.o(.text)
    GPIO_ReadInputDataBit                    0x08000d33   Thumb Code    18  stm32f10x_gpio.o(.text)
    GPIO_ReadInputData                       0x08000d45   Thumb Code     8  stm32f10x_gpio.o(.text)
    GPIO_ReadOutputDataBit                   0x08000d4d   Thumb Code    18  stm32f10x_gpio.o(.text)
    GPIO_ReadOutputData                      0x08000d5f   Thumb Code     8  stm32f10x_gpio.o(.text)
    GPIO_SetBits                             0x08000d67   Thumb Code     4  stm32f10x_gpio.o(.text)
    GPIO_ResetBits                           0x08000d6b   Thumb Code     4  stm32f10x_gpio.o(.text)
    GPIO_WriteBit                            0x08000d6f   Thumb Code    10  stm32f10x_gpio.o(.text)
    GPIO_Write                               0x08000d79   Thumb Code     4  stm32f10x_gpio.o(.text)
    GPIO_PinLockConfig                       0x08000d7d   Thumb Code    18  stm32f10x_gpio.o(.text)
    GPIO_EventOutputConfig                   0x08000d8f   Thumb Code    26  stm32f10x_gpio.o(.text)
    GPIO_EventOutputCmd                      0x08000da9   Thumb Code     6  stm32f10x_gpio.o(.text)
    GPIO_PinRemapConfig                      0x08000daf   Thumb Code   138  stm32f10x_gpio.o(.text)
    GPIO_EXTILineConfig                      0x08000e39   Thumb Code    66  stm32f10x_gpio.o(.text)
    GPIO_ETH_MediaInterfaceConfig            0x08000e7b   Thumb Code     8  stm32f10x_gpio.o(.text)
    RCC_DeInit                               0x08000ea9   Thumb Code    64  stm32f10x_rcc.o(.text)
    RCC_HSEConfig                            0x08000ee9   Thumb Code    70  stm32f10x_rcc.o(.text)
    RCC_GetFlagStatus                        0x08000f2f   Thumb Code    56  stm32f10x_rcc.o(.text)
    RCC_WaitForHSEStartUp                    0x08000f67   Thumb Code    56  stm32f10x_rcc.o(.text)
    RCC_AdjustHSICalibrationValue            0x08000f9f   Thumb Code    20  stm32f10x_rcc.o(.text)
    RCC_HSICmd                               0x08000fb3   Thumb Code     6  stm32f10x_rcc.o(.text)
    RCC_PLLConfig                            0x08000fb9   Thumb Code    24  stm32f10x_rcc.o(.text)
    RCC_PLLCmd                               0x08000fd1   Thumb Code     6  stm32f10x_rcc.o(.text)
    RCC_SYSCLKConfig                         0x08000fd7   Thumb Code    18  stm32f10x_rcc.o(.text)
    RCC_GetSYSCLKSource                      0x08000fe9   Thumb Code    10  stm32f10x_rcc.o(.text)
    RCC_HCLKConfig                           0x08000ff3   Thumb Code    18  stm32f10x_rcc.o(.text)
    RCC_PCLK1Config                          0x08001005   Thumb Code    18  stm32f10x_rcc.o(.text)
    RCC_PCLK2Config                          0x08001017   Thumb Code    20  stm32f10x_rcc.o(.text)
    RCC_ITConfig                             0x0800102b   Thumb Code    26  stm32f10x_rcc.o(.text)
    RCC_USBCLKConfig                         0x08001045   Thumb Code     8  stm32f10x_rcc.o(.text)
    RCC_ADCCLKConfig                         0x0800104d   Thumb Code    18  stm32f10x_rcc.o(.text)
    RCC_LSEConfig                            0x0800105f   Thumb Code    50  stm32f10x_rcc.o(.text)
    RCC_LSICmd                               0x08001091   Thumb Code     6  stm32f10x_rcc.o(.text)
    RCC_RTCCLKConfig                         0x08001097   Thumb Code    12  stm32f10x_rcc.o(.text)
    RCC_RTCCLKCmd                            0x080010a3   Thumb Code     8  stm32f10x_rcc.o(.text)
    RCC_GetClocksFreq                        0x080010ab   Thumb Code   192  stm32f10x_rcc.o(.text)
    RCC_AHBPeriphClockCmd                    0x0800116b   Thumb Code    26  stm32f10x_rcc.o(.text)
    RCC_APB2PeriphClockCmd                   0x08001185   Thumb Code    26  stm32f10x_rcc.o(.text)
    RCC_APB1PeriphClockCmd                   0x0800119f   Thumb Code    26  stm32f10x_rcc.o(.text)
    RCC_APB2PeriphResetCmd                   0x080011b9   Thumb Code    26  stm32f10x_rcc.o(.text)
    RCC_APB1PeriphResetCmd                   0x080011d3   Thumb Code    26  stm32f10x_rcc.o(.text)
    RCC_BackupResetCmd                       0x080011ed   Thumb Code     8  stm32f10x_rcc.o(.text)
    RCC_ClockSecuritySystemCmd               0x080011f5   Thumb Code     6  stm32f10x_rcc.o(.text)
    RCC_MCOConfig                            0x080011fb   Thumb Code     6  stm32f10x_rcc.o(.text)
    RCC_ClearFlag                            0x08001201   Thumb Code    14  stm32f10x_rcc.o(.text)
    RCC_GetITStatus                          0x0800120f   Thumb Code    20  stm32f10x_rcc.o(.text)
    RCC_ClearITPendingBit                    0x08001223   Thumb Code     6  stm32f10x_rcc.o(.text)
    USART_DeInit                             0x0800124d   Thumb Code   134  stm32f10x_usart.o(.text)
    USART_Init                               0x080012d3   Thumb Code   210  stm32f10x_usart.o(.text)
    USART_StructInit                         0x080013a5   Thumb Code    24  stm32f10x_usart.o(.text)
    USART_ClockInit                          0x080013bd   Thumb Code    34  stm32f10x_usart.o(.text)
    USART_ClockStructInit                    0x080013df   Thumb Code    12  stm32f10x_usart.o(.text)
    USART_Cmd                                0x080013eb   Thumb Code    24  stm32f10x_usart.o(.text)
    USART_ITConfig                           0x08001403   Thumb Code    74  stm32f10x_usart.o(.text)
    USART_DMACmd                             0x0800144d   Thumb Code    18  stm32f10x_usart.o(.text)
    USART_SetAddress                         0x0800145f   Thumb Code    18  stm32f10x_usart.o(.text)
    USART_WakeUpConfig                       0x08001471   Thumb Code    18  stm32f10x_usart.o(.text)
    USART_ReceiverWakeUpCmd                  0x08001483   Thumb Code    24  stm32f10x_usart.o(.text)
    USART_LINBreakDetectLengthConfig         0x0800149b   Thumb Code    18  stm32f10x_usart.o(.text)
    USART_LINCmd                             0x080014ad   Thumb Code    24  stm32f10x_usart.o(.text)
    USART_SendData                           0x080014c5   Thumb Code     8  stm32f10x_usart.o(.text)
    USART_ReceiveData                        0x080014cd   Thumb Code    10  stm32f10x_usart.o(.text)
    USART_SendBreak                          0x080014d7   Thumb Code    10  stm32f10x_usart.o(.text)
    USART_SetGuardTime                       0x080014e1   Thumb Code    16  stm32f10x_usart.o(.text)
    USART_SetPrescaler                       0x080014f1   Thumb Code    16  stm32f10x_usart.o(.text)
    USART_SmartCardCmd                       0x08001501   Thumb Code    24  stm32f10x_usart.o(.text)
    USART_SmartCardNACKCmd                   0x08001519   Thumb Code    24  stm32f10x_usart.o(.text)
    USART_HalfDuplexCmd                      0x08001531   Thumb Code    24  stm32f10x_usart.o(.text)
    USART_OverSampling8Cmd                   0x08001549   Thumb Code    22  stm32f10x_usart.o(.text)
    USART_OneBitMethodCmd                    0x0800155f   Thumb Code    24  stm32f10x_usart.o(.text)
    USART_IrDAConfig                         0x08001577   Thumb Code    18  stm32f10x_usart.o(.text)
    USART_IrDACmd                            0x08001589   Thumb Code    24  stm32f10x_usart.o(.text)
    USART_GetFlagStatus                      0x080015a1   Thumb Code    26  stm32f10x_usart.o(.text)
    USART_ClearFlag                          0x080015bb   Thumb Code    18  stm32f10x_usart.o(.text)
    USART_GetITStatus                        0x080015cd   Thumb Code    84  stm32f10x_usart.o(.text)
    USART_ClearITPendingBit                  0x08001621   Thumb Code    52  stm32f10x_usart.o(.text)
    usart_send_char                          0x08001655   Thumb Code    28  main.o(.text)
    Data_Send_Status                         0x08001671   Thumb Code   322  main.o(.text)
    Send_Data                                0x080017b3   Thumb Code   310  main.o(.text)
    gyro_data_ready_cb                       0x08002455   Thumb Code     8  main.o(.text)
    main                                     0x0800245d   Thumb Code  1058  main.o(.text)
    NMI_Handler                              0x08002989   Thumb Code     2  stm32f10x_it.o(.text)
    HardFault_Handler                        0x0800298b   Thumb Code     4  stm32f10x_it.o(.text)
    MemManage_Handler                        0x0800298f   Thumb Code     4  stm32f10x_it.o(.text)
    BusFault_Handler                         0x08002993   Thumb Code     4  stm32f10x_it.o(.text)
    UsageFault_Handler                       0x08002997   Thumb Code     4  stm32f10x_it.o(.text)
    SVC_Handler                              0x0800299b   Thumb Code     2  stm32f10x_it.o(.text)
    DebugMon_Handler                         0x0800299d   Thumb Code     2  stm32f10x_it.o(.text)
    PendSV_Handler                           0x0800299f   Thumb Code     2  stm32f10x_it.o(.text)
    SysTick_Handler                          0x080029a1   Thumb Code    46  stm32f10x_it.o(.text)
    EXTI15_10_IRQHandler                     0x080029cf   Thumb Code    26  stm32f10x_it.o(.text)
    LED_GPIO_Config                          0x080029ed   Thumb Code    94  bsp_led.o(.text)
    SysTick_Init                             0x08002a55   Thumb Code   108  bsp_systick.o(.text)
    mdelay                                   0x08002ac1   Thumb Code    16  bsp_systick.o(.text)
    get_tick_count                           0x08002ad1   Thumb Code    12  bsp_systick.o(.text)
    TimingDelay_Decrement                    0x08002add   Thumb Code    18  bsp_systick.o(.text)
    TimeStamp_Increment                      0x08002aef   Thumb Code    12  bsp_systick.o(.text)
    USARTx_Config                            0x08002b11   Thumb Code   120  bsp_usart1.o(.text)
    fputc                                    0x08002b89   Thumb Code    32  bsp_usart1.o(.text)
    fgetc                                    0x08002ba9   Thumb Code    26  bsp_usart1.o(.text)
    Set_I2C_Retry                            0x08002c13   Thumb Code     6  bsp_i2c.o(.text)
    I2C_Bus_Init                             0x08002c19   Thumb Code    18  bsp_i2c.o(.text)
    Soft_I2C_Wait_Ack                        0x08002c59   Thumb Code    74  bsp_i2c.o(.text)
    Get_I2C_Retry                            0x08002db3   Thumb Code     6  bsp_i2c.o(.text)
    Sensors_I2C_WriteRegister                0x08002db9   Thumb Code    76  bsp_i2c.o(.text)
    Sensors_I2C_ReadRegister                 0x08002f7f   Thumb Code    76  bsp_i2c.o(.text)
    EXTI_Pxy_Config                          0x08003001   Thumb Code    76  bsp_exti.o(.text)
    EnableInvInterrupt                       0x0800304d   Thumb Code    34  bsp_exti.o(.text)
    DisableInvInterrupt                      0x0800306f   Thumb Code    42  bsp_exti.o(.text)
    ILI9341_Rst                              0x0800341d   Thumb Code    36  bsp_ili9341_lcd.o(.text)
    ILI9341_BackLed_Control                  0x08003441   Thumb Code    26  bsp_ili9341_lcd.o(.text)
    ILI9341_Init                             0x0800345b   Thumb Code    26  bsp_ili9341_lcd.o(.text)
    ILI9341_GramScan                         0x08003475   Thumb Code   346  bsp_ili9341_lcd.o(.text)
    ILI9341_OpenWindow                       0x080035cf   Thumb Code    96  bsp_ili9341_lcd.o(.text)
    ILI9341_Clear                            0x08003663   Thumb Code    42  bsp_ili9341_lcd.o(.text)
    ILI9341_SetPointPixel                    0x0800368d   Thumb Code    36  bsp_ili9341_lcd.o(.text)
    ILI9341_GetPointPixel                    0x080036e7   Thumb Code    24  bsp_ili9341_lcd.o(.text)
    ILI9341_DrawLine                         0x080036ff   Thumb Code   174  bsp_ili9341_lcd.o(.text)
    ILI9341_DrawRectangle                    0x080037ad   Thumb Code   140  bsp_ili9341_lcd.o(.text)
    ILI9341_DrawCircle                       0x08003839   Thumb Code   344  bsp_ili9341_lcd.o(.text)
    ILI9341_DispChar_EN                      0x08003991   Thumb Code   104  bsp_ili9341_lcd.o(.text)
    ILI9341_DispString_EN                    0x080039f9   Thumb Code    82  bsp_ili9341_lcd.o(.text)
    ILI9341_DispChar_CH                      0x08003a4b   Thumb Code   120  bsp_ili9341_lcd.o(.text)
    ILI9341_DispString_CH                    0x08003ac3   Thumb Code    92  bsp_ili9341_lcd.o(.text)
    ILI9341_DispString_EN_CH                 0x08003b1f   Thumb Code   154  bsp_ili9341_lcd.o(.text)
    LCD_Init                                 0x08003bd5   Thumb Code     8  bsp_lcd.o(.text)
    mpu_reg_dump                             0x08003c67   Thumb Code    90  inv_mpu.o(.text)
    mpu_read_reg                             0x08003cc1   Thumb Code    66  inv_mpu.o(.text)
    mpu_set_int_latched                      0x08003d03   Thumb Code   102  inv_mpu.o(.text)
    mpu_set_sensors                          0x08003d69   Thumb Code   202  inv_mpu.o(.text)
    mpu_set_bypass                           0x08003e33   Thumb Code   328  inv_mpu.o(.text)
    mpu_reset_fifo                           0x08003f7b   Thumb Code   470  inv_mpu.o(.text)
    mpu_configure_fifo                       0x08004151   Thumb Code   106  inv_mpu.o(.text)
    mpu_set_lpf                              0x080041bb   Thumb Code   126  inv_mpu.o(.text)
    mpu_lp_accel_mode                        0x08004239   Thumb Code   218  inv_mpu.o(.text)
    mpu_set_sample_rate                      0x08004313   Thumb Code   152  inv_mpu.o(.text)
    mpu_set_accel_fsr                        0x080043ab   Thumb Code   132  inv_mpu.o(.text)
    mpu_set_gyro_fsr                         0x0800442f   Thumb Code   132  inv_mpu.o(.text)
    mpu_init                                 0x080044b3   Thumb Code   248  inv_mpu.o(.text)
    mpu_get_gyro_reg                         0x080045ab   Thumb Code   110  inv_mpu.o(.text)
    mpu_get_accel_reg                        0x08004619   Thumb Code   110  inv_mpu.o(.text)
    mpu_get_temperature                      0x08004687   Thumb Code   150  inv_mpu.o(.text)
    mpu_read_6500_accel_bias                 0x0800471d   Thumb Code   124  inv_mpu.o(.text)
    mpu_read_6050_accel_bias                 0x08004799   Thumb Code   134  inv_mpu.o(.text)
    mpu_read_6500_gyro_bias                  0x0800481f   Thumb Code   124  inv_mpu.o(.text)
    mpu_set_gyro_bias_reg                    0x0800489b   Thumb Code   152  inv_mpu.o(.text)
    mpu_set_accel_bias_6050_reg              0x08004933   Thumb Code   196  inv_mpu.o(.text)
    mpu_set_accel_bias_6500_reg              0x080049f7   Thumb Code   196  inv_mpu.o(.text)
    mpu_get_gyro_fsr                         0x08004abb   Thumb Code    64  inv_mpu.o(.text)
    mpu_get_accel_fsr                        0x08004afb   Thumb Code    72  inv_mpu.o(.text)
    mpu_get_lpf                              0x08004b43   Thumb Code    74  inv_mpu.o(.text)
    mpu_get_sample_rate                      0x08004b8d   Thumb Code    26  inv_mpu.o(.text)
    mpu_get_compass_sample_rate              0x08004ba7   Thumb Code    10  inv_mpu.o(.text)
    mpu_set_compass_sample_rate              0x08004bb1   Thumb Code    12  inv_mpu.o(.text)
    mpu_get_gyro_sens                        0x08004bbd   Thumb Code    58  inv_mpu.o(.text)
    mpu_get_accel_sens                       0x08004bf7   Thumb Code    78  inv_mpu.o(.text)
    mpu_get_fifo_config                      0x08004c45   Thumb Code    12  inv_mpu.o(.text)
    mpu_get_power_state                      0x08004c51   Thumb Code    22  inv_mpu.o(.text)
    mpu_get_int_status                       0x08004c67   Thumb Code    64  inv_mpu.o(.text)
    mpu_read_fifo                            0x08004ca7   Thumb Code   500  inv_mpu.o(.text)
    mpu_read_fifo_stream                     0x08004e9b   Thumb Code   186  inv_mpu.o(.text)
    mpu_set_int_level                        0x08004f55   Thumb Code    12  inv_mpu.o(.text)
    mpu_set_dmp_state                        0x0800566d   Thumb Code   138  inv_mpu.o(.text)
    mpu_run_self_test                        0x080056f7   Thumb Code   292  inv_mpu.o(.text)
    mpu_write_mem                            0x0800581b   Thumb Code   122  inv_mpu.o(.text)
    mpu_read_mem                             0x08005895   Thumb Code   122  inv_mpu.o(.text)
    mpu_load_firmware                        0x0800590f   Thumb Code   180  inv_mpu.o(.text)
    mpu_get_dmp_state                        0x080059c3   Thumb Code    14  inv_mpu.o(.text)
    mpu_get_compass_reg                      0x080059d1   Thumb Code     8  inv_mpu.o(.text)
    mpu_get_compass_fsr                      0x080059d9   Thumb Code     8  inv_mpu.o(.text)
    mpu_lp_motion_interrupt                  0x080059e1   Thumb Code   230  inv_mpu.o(.text)
    dmp_load_motion_driver_firmware          0x08005acd   Thumb Code    20  inv_mpu_dmp_motion_driver.o(.text)
    dmp_set_orientation                      0x08005ae1   Thumb Code   290  inv_mpu_dmp_motion_driver.o(.text)
    dmp_set_gyro_bias                        0x08005c03   Thumb Code   294  inv_mpu_dmp_motion_driver.o(.text)
    dmp_set_accel_bias                       0x08005d29   Thumb Code   302  inv_mpu_dmp_motion_driver.o(.text)
    dmp_set_fifo_rate                        0x08005e57   Thumb Code   138  inv_mpu_dmp_motion_driver.o(.text)
    dmp_get_fifo_rate                        0x08005ee1   Thumb Code    12  inv_mpu_dmp_motion_driver.o(.text)
    dmp_set_tap_thresh                       0x08005eed   Thumb Code   396  inv_mpu_dmp_motion_driver.o(.text)
    dmp_set_tap_axes                         0x08006079   Thumb Code    70  inv_mpu_dmp_motion_driver.o(.text)
    dmp_set_tap_count                        0x080060bf   Thumb Code    38  inv_mpu_dmp_motion_driver.o(.text)
    dmp_set_tap_time                         0x080060e5   Thumb Code    38  inv_mpu_dmp_motion_driver.o(.text)
    dmp_set_tap_time_multi                   0x0800610b   Thumb Code    38  inv_mpu_dmp_motion_driver.o(.text)
    dmp_set_shake_reject_thresh              0x08006131   Thumb Code    56  inv_mpu_dmp_motion_driver.o(.text)
    dmp_set_shake_reject_time                0x08006169   Thumb Code    38  inv_mpu_dmp_motion_driver.o(.text)
    dmp_set_shake_reject_timeout             0x0800618f   Thumb Code    38  inv_mpu_dmp_motion_driver.o(.text)
    dmp_get_pedometer_step_count             0x080061b5   Thumb Code    66  inv_mpu_dmp_motion_driver.o(.text)
    dmp_set_pedometer_step_count             0x080061f7   Thumb Code    42  inv_mpu_dmp_motion_driver.o(.text)
    dmp_get_pedometer_walk_time              0x08006221   Thumb Code    72  inv_mpu_dmp_motion_driver.o(.text)
    dmp_set_pedometer_walk_time              0x08006269   Thumb Code    48  inv_mpu_dmp_motion_driver.o(.text)
    dmp_enable_6x_lp_quat                    0x08006299   Thumb Code    84  inv_mpu_dmp_motion_driver.o(.text)
    dmp_enable_lp_quat                       0x080062ed   Thumb Code    60  inv_mpu_dmp_motion_driver.o(.text)
    dmp_enable_gyro_cal                      0x08006329   Thumb Code    62  inv_mpu_dmp_motion_driver.o(.text)
    dmp_enable_feature                       0x08006367   Thumb Code   530  inv_mpu_dmp_motion_driver.o(.text)
    dmp_get_enabled_features                 0x08006579   Thumb Code    12  inv_mpu_dmp_motion_driver.o(.text)
    dmp_set_interrupt_mode                   0x080065e3   Thumb Code    66  inv_mpu_dmp_motion_driver.o(.text)
    dmp_read_fifo                            0x08006625   Thumb Code   514  inv_mpu_dmp_motion_driver.o(.text)
    dmp_register_tap_cb                      0x08006827   Thumb Code    10  inv_mpu_dmp_motion_driver.o(.text)
    dmp_register_android_orient_cb           0x08006831   Thumb Code    10  inv_mpu_dmp_motion_driver.o(.text)
    fputcc                                   0x08006841   Thumb Code    30  log_stm32.o(.text)
    _MLPrintLog                              0x0800685f   Thumb Code   200  log_stm32.o(.text)
    eMPL_send_quat                           0x08006927   Thumb Code   186  log_stm32.o(.text)
    eMPL_send_data                           0x080069e1   Thumb Code   404  log_stm32.o(.text)
    inv_get_sensor_type_accel                0x08006b79   Thumb Code    36  empl_outputs.o(.text)
    inv_get_sensor_type_gyro                 0x08006b9d   Thumb Code    36  empl_outputs.o(.text)
    inv_get_sensor_type_compass              0x08006bc1   Thumb Code    36  empl_outputs.o(.text)
    inv_get_sensor_type_quat                 0x08006be5   Thumb Code    32  empl_outputs.o(.text)
    inv_get_sensor_type_heading              0x08006c05   Thumb Code   176  empl_outputs.o(.text)
    inv_get_sensor_type_euler                0x08006cb5   Thumb Code   536  empl_outputs.o(.text)
    inv_get_sensor_type_rot_mat              0x08006ecd   Thumb Code    36  empl_outputs.o(.text)
    inv_enable_eMPL_outputs                  0x0800701b   Thumb Code    22  empl_outputs.o(.text)
    inv_disable_eMPL_outputs                 0x08007031   Thumb Code    14  empl_outputs.o(.text)
    inv_disable_compass_soft_iron_matrix     0x080070a5   Thumb Code    10  data_builder.o(.text)
    inv_reset_compass_soft_iron_matrix       0x080070af   Thumb Code    70  data_builder.o(.text)
    inv_init_data_builder                    0x080070f5   Thumb Code    44  data_builder.o(.text)
    inv_get_gyro_sensitivity                 0x08007121   Thumb Code     6  data_builder.o(.text)
    inv_get_accel_sensitivity                0x08007127   Thumb Code     6  data_builder.o(.text)
    inv_get_compass_sensitivity              0x0800712d   Thumb Code     8  data_builder.o(.text)
    set_sensor_orientation_and_scale         0x08007135   Thumb Code     6  data_builder.o(.text)
    inv_set_gyro_orientation_and_scale       0x0800713b   Thumb Code    18  data_builder.o(.text)
    inv_set_gyro_sample_rate                 0x0800714d   Thumb Code    32  data_builder.o(.text)
    inv_set_accel_sample_rate                0x0800716d   Thumb Code    36  data_builder.o(.text)
    inv_set_compass_sample_rate              0x08007191   Thumb Code    40  data_builder.o(.text)
    inv_get_gyro_sample_rate_ms              0x080071b9   Thumb Code     8  data_builder.o(.text)
    inv_get_accel_sample_rate_ms             0x080071c1   Thumb Code     8  data_builder.o(.text)
    inv_get_compass_sample_rate_ms           0x080071c9   Thumb Code    10  data_builder.o(.text)
    inv_set_quat_sample_rate                 0x080071d3   Thumb Code    22  data_builder.o(.text)
    inv_set_gyro_bandwidth                   0x080071e9   Thumb Code     6  data_builder.o(.text)
    inv_set_accel_bandwidth                  0x080071ef   Thumb Code     8  data_builder.o(.text)
    inv_set_compass_bandwidth                0x080071f7   Thumb Code     8  data_builder.o(.text)
    inv_get_compass_on                       0x080071ff   Thumb Code    12  data_builder.o(.text)
    inv_get_gyro_on                          0x0800720b   Thumb Code    10  data_builder.o(.text)
    inv_get_accel_on                         0x08007215   Thumb Code    12  data_builder.o(.text)
    inv_get_last_timestamp                   0x08007221   Thumb Code    98  data_builder.o(.text)
    inv_set_accel_orientation_and_scale      0x08007283   Thumb Code    20  data_builder.o(.text)
    inv_set_compass_orientation_and_scale    0x08007297   Thumb Code    20  data_builder.o(.text)
    inv_matrix_vector_mult                   0x080072ab   Thumb Code   110  data_builder.o(.text)
    inv_apply_calibration                    0x08007319   Thumb Code   106  data_builder.o(.text)
    inv_get_compass_bias                     0x08007383   Thumb Code    20  data_builder.o(.text)
    inv_set_compass_bias                     0x08007397   Thumb Code    66  data_builder.o(.text)
    inv_set_compass_disturbance              0x080073d9   Thumb Code    10  data_builder.o(.text)
    inv_get_compass_disturbance              0x080073e3   Thumb Code    10  data_builder.o(.text)
    inv_set_accel_bias                       0x080073ed   Thumb Code    92  data_builder.o(.text)
    inv_set_accel_accuracy                   0x08007449   Thumb Code    26  data_builder.o(.text)
    inv_set_accel_bias_mask                  0x08007463   Thumb Code    84  data_builder.o(.text)
    inv_set_gyro_bias                        0x080074b7   Thumb Code   106  data_builder.o(.text)
    inv_get_gyro_bias_tc_set                 0x08007521   Thumb Code    26  data_builder.o(.text)
    inv_get_gyro_bias                        0x0800753b   Thumb Code    32  data_builder.o(.text)
    inv_get_accel_bias                       0x0800755b   Thumb Code    32  data_builder.o(.text)
    inv_build_accel                          0x0800757b   Thumb Code   128  data_builder.o(.text)
    inv_build_gyro                           0x080075fb   Thumb Code    48  data_builder.o(.text)
    inv_get_compass_soft_iron_output_data    0x0800762b   Thumb Code    24  data_builder.o(.text)
    inv_set_compass_soft_iron_input_data     0x08007643   Thumb Code    72  data_builder.o(.text)
    inv_build_compass                        0x0800768b   Thumb Code   168  data_builder.o(.text)
    inv_build_temp                           0x08007733   Thumb Code    38  data_builder.o(.text)
    inv_build_quat                           0x08007759   Thumb Code    56  data_builder.o(.text)
    inv_accel_was_turned_off                 0x08007791   Thumb Code     8  data_builder.o(.text)
    inv_compass_was_turned_off               0x08007799   Thumb Code    10  data_builder.o(.text)
    inv_quaternion_sensor_was_turned_off     0x080077a3   Thumb Code    10  data_builder.o(.text)
    inv_gyro_was_turned_off                  0x080077ad   Thumb Code     8  data_builder.o(.text)
    inv_temperature_was_turned_off           0x080077b5   Thumb Code    10  data_builder.o(.text)
    inv_register_data_cb                     0x080077bf   Thumb Code   246  data_builder.o(.text)
    inv_unregister_data_cb                   0x080078b5   Thumb Code    96  data_builder.o(.text)
    inv_execute_on_data                      0x08007a2f   Thumb Code   152  data_builder.o(.text)
    inv_get_accel_set                        0x08007ac7   Thumb Code    40  data_builder.o(.text)
    inv_get_gyro_set                         0x08007aef   Thumb Code    34  data_builder.o(.text)
    inv_get_gyro_set_raw                     0x08007b11   Thumb Code    34  data_builder.o(.text)
    inv_get_gyro                             0x08007b33   Thumb Code    12  data_builder.o(.text)
    inv_get_compass_set                      0x08007b3f   Thumb Code    58  data_builder.o(.text)
    inv_get_temp_set                         0x08007b79   Thumb Code    30  data_builder.o(.text)
    inv_get_gyro_accuracy                    0x08007b97   Thumb Code     6  data_builder.o(.text)
    inv_get_mag_accuracy                     0x08007b9d   Thumb Code    22  data_builder.o(.text)
    inv_get_accel_accuracy                   0x08007bb3   Thumb Code     6  data_builder.o(.text)
    inv_get_gyro_orient                      0x08007bb9   Thumb Code    12  data_builder.o(.text)
    inv_get_accel_orient                     0x08007bc5   Thumb Code    12  data_builder.o(.text)
    inv_get_compass_soft_iron_matrix_d       0x08007bd1   Thumb Code    24  data_builder.o(.text)
    inv_set_compass_soft_iron_matrix_d       0x08007be9   Thumb Code    58  data_builder.o(.text)
    inv_get_compass_soft_iron_matrix_f       0x08007c23   Thumb Code    46  data_builder.o(.text)
    inv_set_compass_soft_iron_matrix_f       0x08007c51   Thumb Code    54  data_builder.o(.text)
    inv_get_compass_soft_iron_input_data     0x08007c87   Thumb Code    26  data_builder.o(.text)
    inv_enable_compass_soft_iron_matrix      0x08007ca1   Thumb Code    10  data_builder.o(.text)
    inv_get_sensor_type_accelerometer        0x08007cb5   Thumb Code    92  hal_outputs.o(.text)
    inv_get_sensor_type_linear_acceleration  0x08007d11   Thumb Code   110  hal_outputs.o(.text)
    inv_get_sensor_type_gravity              0x08007d7f   Thumb Code    86  hal_outputs.o(.text)
    inv_get_sensor_type_gyroscope            0x08007dd5   Thumb Code    92  hal_outputs.o(.text)
    inv_get_sensor_type_gyroscope_raw        0x08007e31   Thumb Code    92  hal_outputs.o(.text)
    inv_get_sensor_type_rotation_vector      0x08007e8d   Thumb Code   216  hal_outputs.o(.text)
    inv_get_sensor_type_magnetic_field       0x08007f65   Thumb Code    68  hal_outputs.o(.text)
    inv_get_sensor_type_orientation          0x080080cd   Thumb Code    34  hal_outputs.o(.text)
    inv_generate_hal_outputs                 0x080080ef   Thumb Code   482  hal_outputs.o(.text)
    inv_stop_hal_outputs                     0x080082d1   Thumb Code    16  hal_outputs.o(.text)
    inv_start_hal_outputs                    0x080082e1   Thumb Code    22  hal_outputs.o(.text)
    inv_init_hal_outputs                     0x080082f7   Thumb Code    46  hal_outputs.o(.text)
    inv_enable_hal_outputs                   0x08008325   Thumb Code    20  hal_outputs.o(.text)
    inv_disable_hal_outputs                  0x08008339   Thumb Code    20  hal_outputs.o(.text)
    inv_set_message                          0x08008355   Thumb Code    24  message_layer.o(.text)
    inv_get_message_level_0                  0x0800836d   Thumb Code    16  message_layer.o(.text)
    inv_sinf                                 0x08008381   Thumb Code    42  ml_math_func.o(.text)
    inv_cosf                                 0x080083ab   Thumb Code    44  ml_math_func.o(.text)
    inv_q30_mult                             0x080083d7   Thumb Code    18  ml_math_func.o(.text)
    inv_q_mult                               0x080083e9   Thumb Code   178  ml_math_func.o(.text)
    inv_q_invert                             0x0800849b   Thumb Code    24  ml_math_func.o(.text)
    inv_compass_angle                        0x080084b3   Thumb Code   162  ml_math_func.o(.text)
    inv_get_gyro_sum_of_sqr                  0x08008555   Thumb Code    28  ml_math_func.o(.text)
    inv_q29_mult                             0x08008571   Thumb Code    18  ml_math_func.o(.text)
    inv_q30_div                              0x08008583   Thumb Code    40  ml_math_func.o(.text)
    inv_q_shift_mult                         0x080085ab   Thumb Code    32  ml_math_func.o(.text)
    inv_q_add                                0x080085cb   Thumb Code    36  ml_math_func.o(.text)
    inv_vector_normalize                     0x080085ef   Thumb Code   182  ml_math_func.o(.text)
    inv_q_normalize                          0x080086a5   Thumb Code    14  ml_math_func.o(.text)
    quaternion_to_rotation_angle             0x080086b3   Thumb Code   112  ml_math_func.o(.text)
    inv_q_rotate                             0x08008723   Thumb Code    66  ml_math_func.o(.text)
    inv_q_multf                              0x08008765   Thumb Code   304  ml_math_func.o(.text)
    inv_q_addf                               0x08008895   Thumb Code    50  ml_math_func.o(.text)
    inv_q_normalizef                         0x080088c7   Thumb Code   366  ml_math_func.o(.text)
    inv_q_norm4                              0x08008a35   Thumb Code   146  ml_math_func.o(.text)
    inv_q_invertf                            0x08008ac7   Thumb Code    30  ml_math_func.o(.text)
    inv_quaternion_to_rotation               0x08008ae5   Thumb Code   218  ml_math_func.o(.text)
    inv_quaternion_to_rotation_vector        0x08008bbf   Thumb Code    60  ml_math_func.o(.text)
    inv_int32_to_big8                        0x08008bfb   Thumb Code    20  ml_math_func.o(.text)
    inv_big8_to_int32                        0x08008c0f   Thumb Code    26  ml_math_func.o(.text)
    inv_big8_to_int16                        0x08008c29   Thumb Code    14  ml_math_func.o(.text)
    inv_little8_to_int16                     0x08008c37   Thumb Code    14  ml_math_func.o(.text)
    inv_int16_to_big8                        0x08008c45   Thumb Code    12  ml_math_func.o(.text)
    inv_matrix_det_inc                       0x08008c51   Thumb Code   100  ml_math_func.o(.text)
    inv_matrix_det_incd                      0x08008cb5   Thumb Code   108  ml_math_func.o(.text)
    inv_matrix_det                           0x08008d21   Thumb Code   160  ml_math_func.o(.text)
    inv_matrix_detd                          0x08008dc1   Thumb Code   220  ml_math_func.o(.text)
    inv_wrap_angle                           0x08008e9d   Thumb Code    56  ml_math_func.o(.text)
    inv_angle_diff                           0x08008ed5   Thumb Code    90  ml_math_func.o(.text)
    inv_checksum                             0x08008f2f   Thumb Code    30  ml_math_func.o(.text)
    inv_orientation_matrix_to_scalar         0x08008f9b   Thumb Code    40  ml_math_func.o(.text)
    inv_convert_to_body                      0x08008fc3   Thumb Code    82  ml_math_func.o(.text)
    inv_convert_to_chip                      0x08009015   Thumb Code    82  ml_math_func.o(.text)
    inv_convert_to_body_with_scale           0x08009067   Thumb Code   114  ml_math_func.o(.text)
    inv_vector_norm                          0x080090d9   Thumb Code    66  ml_math_func.o(.text)
    inv_init_biquad_filter                   0x0800911b   Thumb Code    34  ml_math_func.o(.text)
    inv_calc_state_to_match_output           0x0800913d   Thumb Code    50  ml_math_func.o(.text)
    inv_biquad_filter_process                0x0800916f   Thumb Code   104  ml_math_func.o(.text)
    inv_get_cross_product_vec                0x080091d7   Thumb Code    98  ml_math_func.o(.text)
    mlMatrixVectorMult                       0x08009239   Thumb Code    62  ml_math_func.o(.text)
    inv_init_mpl                             0x080092d5   Thumb Code   106  mpl.o(.text)
    inv_get_version                          0x0800933f   Thumb Code    10  mpl.o(.text)
    inv_start_mpl                            0x08009349   Thumb Code    38  mpl.o(.text)
    inv_store_gaming_quaternion              0x080093b5   Thumb Code    30  results_holder.o(.text)
    inv_set_compass_correction               0x080093d3   Thumb Code    30  results_holder.o(.text)
    inv_get_compass_correction               0x080093f1   Thumb Code    20  results_holder.o(.text)
    inv_get_large_mag_field                  0x08009405   Thumb Code     6  results_holder.o(.text)
    inv_set_large_mag_field                  0x0800940b   Thumb Code     6  results_holder.o(.text)
    inv_get_acc_state                        0x08009411   Thumb Code     6  results_holder.o(.text)
    inv_set_acc_state                        0x08009417   Thumb Code     6  results_holder.o(.text)
    inv_get_motion_state                     0x0800941d   Thumb Code    16  results_holder.o(.text)
    inv_set_motion_state                     0x0800942d   Thumb Code    74  results_holder.o(.text)
    inv_set_local_field                      0x08009477   Thumb Code    14  results_holder.o(.text)
    inv_get_local_field                      0x08009485   Thumb Code    12  results_holder.o(.text)
    inv_set_mag_scale                        0x08009491   Thumb Code    14  results_holder.o(.text)
    inv_get_mag_scale                        0x0800949f   Thumb Code    12  results_holder.o(.text)
    inv_get_gravity                          0x080094ab   Thumb Code    90  results_holder.o(.text)
    inv_get_6axis_quaternion                 0x08009505   Thumb Code    18  results_holder.o(.text)
    inv_get_quaternion                       0x08009517   Thumb Code    54  results_holder.o(.text)
    inv_get_quaternion_float                 0x0800954d   Thumb Code    50  results_holder.o(.text)
    inv_get_quaternion_set                   0x0800957f   Thumb Code    68  results_holder.o(.text)
    inv_generate_results                     0x080095c3   Thumb Code    12  results_holder.o(.text)
    inv_start_results_holder                 0x080095cf   Thumb Code    20  results_holder.o(.text)
    inv_init_results_holder                  0x080095e3   Thumb Code    46  results_holder.o(.text)
    inv_enable_results_holder                0x08009611   Thumb Code    28  results_holder.o(.text)
    inv_got_accel_bias                       0x0800962d   Thumb Code     6  results_holder.o(.text)
    inv_set_accel_bias_found                 0x08009633   Thumb Code     6  results_holder.o(.text)
    inv_got_compass_bias                     0x08009639   Thumb Code     6  results_holder.o(.text)
    inv_set_compass_bias_found               0x0800963f   Thumb Code     6  results_holder.o(.text)
    inv_set_compass_state                    0x08009645   Thumb Code     6  results_holder.o(.text)
    inv_get_compass_state                    0x0800964b   Thumb Code     6  results_holder.o(.text)
    inv_set_compass_bias_error               0x08009651   Thumb Code    14  results_holder.o(.text)
    inv_get_compass_bias_error               0x0800965f   Thumb Code    12  results_holder.o(.text)
    inv_get_linear_accel                     0x0800966b   Thumb Code    60  results_holder.o(.text)
    inv_get_accel                            0x080096a7   Thumb Code    24  results_holder.o(.text)
    inv_get_accel_float                      0x080096bf   Thumb Code    56  results_holder.o(.text)
    inv_get_gyro_float                       0x080096f7   Thumb Code    58  results_holder.o(.text)
    inv_set_heading_confidence_interval      0x08009731   Thumb Code     8  results_holder.o(.text)
    inv_get_heading_confidence_interval      0x08009739   Thumb Code     8  results_holder.o(.text)
    inv_get_linear_accel_float               0x08009741   Thumb Code    56  results_holder.o(.text)
    inv_init_start_manager                   0x08009799   Thumb Code    14  start_manager.o(.text)
    inv_unregister_mpl_start_notification    0x080097a7   Thumb Code    86  start_manager.o(.text)
    inv_register_mpl_start_notification      0x080097fd   Thumb Code    38  start_manager.o(.text)
    inv_execute_mpl_start_notification       0x08009823   Thumb Code    40  start_manager.o(.text)
    inv_init_storage_manager                 0x08009851   Thumb Code    20  storage_manager.o(.text)
    inv_register_load_store                  0x08009865   Thumb Code   134  storage_manager.o(.text)
    inv_get_mpl_state_size                   0x080098eb   Thumb Code    12  storage_manager.o(.text)
    inv_load_mpl_states                      0x08009923   Thumb Code   174  storage_manager.o(.text)
    inv_save_mpl_states                      0x080099d1   Thumb Code   158  storage_manager.o(.text)
    inv_init_maxmin                          0x08009a75   Thumb Code    78  fast_no_motion.o(.text)
    inv_fast_nomot_parameter                 0x08009ac3   Thumb Code   318  fast_no_motion.o(.text)
    inv_fast_nomot_parameter_3rd             0x08009c01   Thumb Code   180  fast_no_motion.o(.text)
    inv_fast_nomot_set_gyro_bias             0x08009cb5   Thumb Code   232  fast_no_motion.o(.text)
    inv_set_fast_nomot_compass_threshold     0x08009d9d   Thumb Code     8  fast_no_motion.o(.text)
    int_set_fast_nomot_gyro_threshold        0x08009da5   Thumb Code     8  fast_no_motion.o(.text)
    inv_set_fast_nomot_accel_threshold       0x08009dad   Thumb Code     8  fast_no_motion.o(.text)
    inv_get_fast_nomot_compass_param         0x08009db5   Thumb Code    18  fast_no_motion.o(.text)
    inv_get_fast_nomot_accel_param           0x08009dc7   Thumb Code    18  fast_no_motion.o(.text)
    inv_fast_nomot_store_data                0x08009dd9   Thumb Code   140  fast_no_motion.o(.text)
    inv_fast_nomot_store_data_compass        0x08009e65   Thumb Code    74  fast_no_motion.o(.text)
    inv_fast_nomot_reset_data_compass        0x08009eaf   Thumb Code    36  fast_no_motion.o(.text)
    inv_fast_nomot_get_time_elaps            0x08009ed3   Thumb Code     8  fast_no_motion.o(.text)
    inv_fast_nomot_parameter_compass         0x08009edb   Thumb Code    22  fast_no_motion.o(.text)
    inv_get_right_shift_by_rounding          0x08009ef1   Thumb Code    76  fast_no_motion.o(.text)
    inv_reset_min_max_gyro_accel_statistics  0x08009f3d   Thumb Code    38  fast_no_motion.o(.text)
    inv_record_max_moment_in_no_motion_gyro  0x08009f63   Thumb Code    32  fast_no_motion.o(.text)
    inv_record_max_moment_in_no_motion_accel 0x08009f83   Thumb Code    32  fast_no_motion.o(.text)
    inv_record_min_moment_in_motion_gyro     0x08009fa3   Thumb Code    34  fast_no_motion.o(.text)
    inv_record_min_moment_in_motion_accel    0x08009fc5   Thumb Code    34  fast_no_motion.o(.text)
    inv_detect_motion_by_gyro_accel          0x08009fe7   Thumb Code   214  fast_no_motion.o(.text)
    inv_sensor_data_preprocess               0x0800a0bd   Thumb Code   132  fast_no_motion.o(.text)
    inv_generate_fast_nomot                  0x0800a141   Thumb Code   498  fast_no_motion.o(.text)
    inv_set_default_number_of_samples        0x0800a333   Thumb Code    56  fast_no_motion.o(.text)
    inv_init_fast_nomot                      0x0800a36b   Thumb Code    78  fast_no_motion.o(.text)
    inv_start_fast_nomot                     0x0800a3b9   Thumb Code    56  fast_no_motion.o(.text)
    inv_stop_fast_nomot                      0x0800a3f1   Thumb Code    20  fast_no_motion.o(.text)
    inv_enable_fast_nomot                    0x0800a405   Thumb Code    24  fast_no_motion.o(.text)
    inv_disable_fast_nomot                   0x0800a41d   Thumb Code    18  fast_no_motion.o(.text)
    inv_get_fnm_gyro_no_motion_param         0x0800a42f   Thumb Code     8  fast_no_motion.o(.text)
    inv_fnm_debug_print                      0x0800a437   Thumb Code     2  fast_no_motion.o(.text)
    inv_filter_correction_angle              0x0800a469   Thumb Code   364  fusion_9axis.o(.text)
    inv_perform_9x_fusion                    0x0800a5d5   Thumb Code   840  fusion_9axis.o(.text)
    inv_process_9x_sensor_fusion_cb          0x0800a91d   Thumb Code   120  fusion_9axis.o(.text)
    inv_init_9x_fusion                       0x0800a995   Thumb Code    50  fusion_9axis.o(.text)
    inv_9x_fusion_set_mag_fb                 0x0800a9c7   Thumb Code    10  fusion_9axis.o(.text)
    inv_9x_fusion_enable_jitter_reduction    0x0800a9d1   Thumb Code    10  fusion_9axis.o(.text)
    inv_9x_fusion_use_timestamps             0x0800a9db   Thumb Code    10  fusion_9axis.o(.text)
    inv_start_9x_sensor_fusion               0x0800a9e5   Thumb Code    14  fusion_9axis.o(.text)
    inv_stop_9x_sensor_fusion                0x0800a9f3   Thumb Code     8  fusion_9axis.o(.text)
    inv_enable_9x_sensor_fusion              0x0800a9fb   Thumb Code    30  fusion_9axis.o(.text)
    inv_disable_9x_sensor_fusion             0x0800aa19   Thumb Code     8  fusion_9axis.o(.text)
    inv_init_gyro_ts                         0x0800ae3f   Thumb Code    46  gyro_tc.o(.text)
    inv_set_gtc_max_temp                     0x0800ae6d   Thumb Code    10  gyro_tc.o(.text)
    inv_set_gtc_min_temp                     0x0800ae77   Thumb Code    10  gyro_tc.o(.text)
    inv_set_gtc_min_diff                     0x0800ae81   Thumb Code    10  gyro_tc.o(.text)
    inv_get_gyro_ts                          0x0800ae8b   Thumb Code    30  gyro_tc.o(.text)
    inv_set_gyro_ts                          0x0800aea9   Thumb Code    16  gyro_tc.o(.text)
    inv_set_gtc_order                        0x0800aeb9   Thumb Code    16  gyro_tc.o(.text)
    inv_print_gtc_data                       0x0800aec9   Thumb Code    62  gyro_tc.o(.text)
    inv_start_gyro_tc                        0x0800af07   Thumb Code    10  gyro_tc.o(.text)
    inv_stop_gyro_tc                         0x0800af11   Thumb Code     6  gyro_tc.o(.text)
    inv_enable_gyro_tc                       0x0800af17   Thumb Code    48  gyro_tc.o(.text)
    inv_disable_gyro_tc                      0x0800af47   Thumb Code    40  gyro_tc.o(.text)
    inv_generate_gyro_quaternion             0x0800b311   Thumb Code   260  quaternion_supervisor.o(.text)
    inv_set_quaternion                       0x0800b603   Thumb Code    38  quaternion_supervisor.o(.text)
    inv_generate_accel_gyro_quaternion       0x0800b629   Thumb Code   428  quaternion_supervisor.o(.text)
    inv_stop_quaternion                      0x0800b81d   Thumb Code     6  quaternion_supervisor.o(.text)
    inv_init_quaternion                      0x0800b823   Thumb Code    34  quaternion_supervisor.o(.text)
    inv_start_quaternion                     0x0800b845   Thumb Code    34  quaternion_supervisor.o(.text)
    inv_enable_quaternion                    0x0800b867   Thumb Code    24  quaternion_supervisor.o(.text)
    inv_disable_quaternion                   0x0800b87f   Thumb Code    20  quaternion_supervisor.o(.text)
    inv_set_magnetic_disturbance             0x0800b8c1   Thumb Code    16  mag_disturb.o(.text)
    inv_init_magnetic_disturbance            0x0800b8d1   Thumb Code    50  mag_disturb.o(.text)
    MagDisturbSetDisturbance                 0x0800b903   Thumb Code    98  mag_disturb.o(.text)
    MagDisturbCheckSettling                  0x0800b965   Thumb Code    54  mag_disturb.o(.text)
    ComputeAngleVelocity                     0x0800b99b   Thumb Code    94  mag_disturb.o(.text)
    inv_disable_dip_tracking                 0x0800b9f9   Thumb Code    10  mag_disturb.o(.text)
    Mag3ofNormalizedLong                     0x0800ba03   Thumb Code    72  mag_disturb.o(.text)
    inv_track_dip_angle                      0x0800ba4b   Thumb Code   114  mag_disturb.o(.text)
    inv_check_magnetic_disturbance           0x0800babd   Thumb Code   690  mag_disturb.o(.text)
    inv_magnetic_disturbance_process         0x0800bd6f   Thumb Code    50  mag_disturb.o(.text)
    inv_start_magnetic_disturbance           0x0800bda1   Thumb Code    14  mag_disturb.o(.text)
    inv_stop_magnetic_disturbance            0x0800bdaf   Thumb Code     8  mag_disturb.o(.text)
    inv_enable_magnetic_disturbance          0x0800bdb7   Thumb Code    40  mag_disturb.o(.text)
    inv_disable_magnetic_disturbance         0x0800bddf   Thumb Code    22  mag_disturb.o(.text)
    inv_enable_dip_tracking                  0x0800bdf5   Thumb Code    14  mag_disturb.o(.text)
    inv_get_magnetic_disturbance_state       0x0800be03   Thumb Code     8  mag_disturb.o(.text)
    __aeabi_ldivmod                          0x0800be11   Thumb Code    98  ldiv.o(.text)
    __aeabi_llsl                             0x0800be73   Thumb Code    30  llshl.o(.text)
    _ll_shift_l                              0x0800be73   Thumb Code     0  llshl.o(.text)
    __aeabi_lasr                             0x0800be91   Thumb Code    36  llsshr.o(.text)
    _ll_sshift_r                             0x0800be91   Thumb Code     0  llsshr.o(.text)
    ___aeabi_memcpy4$move                    0x0800beb5   Thumb Code     0  memmovea.o(.text)
    ___aeabi_memcpy8$move                    0x0800beb5   Thumb Code     0  memmovea.o(.text)
    __aeabi_memcpy                           0x0800beb5   Thumb Code    64  memmovea.o(.text)
    __aeabi_memmove                          0x0800beb5   Thumb Code     0  memmovea.o(.text)
    __aeabi_memmove4                         0x0800beb5   Thumb Code     0  memmovea.o(.text)
    __aeabi_memmove8                         0x0800beb5   Thumb Code     0  memmovea.o(.text)
    __aeabi_memset                           0x0800bef5   Thumb Code    14  memseta.o(.text)
    __aeabi_memset4                          0x0800bef5   Thumb Code     0  memseta.o(.text)
    __aeabi_memset8                          0x0800bef5   Thumb Code     0  memseta.o(.text)
    __aeabi_memclr                           0x0800bf03   Thumb Code     4  memseta.o(.text)
    __aeabi_memclr4                          0x0800bf03   Thumb Code     0  memseta.o(.text)
    __aeabi_memclr8                          0x0800bf03   Thumb Code     0  memseta.o(.text)
    _memset$wrapper                          0x0800bf07   Thumb Code    18  memseta.o(.text)
    memcmp                                   0x0800bf19   Thumb Code    26  memcmp.o(.text)
    __aeabi_fadd                             0x0800bf33   Thumb Code   164  fadd.o(.text)
    __aeabi_fsub                             0x0800bfd7   Thumb Code     6  fadd.o(.text)
    __aeabi_frsub                            0x0800bfdd   Thumb Code     6  fadd.o(.text)
    __aeabi_fmul                             0x0800bfe3   Thumb Code   100  fmul.o(.text)
    __aeabi_fdiv                             0x0800c047   Thumb Code   124  fdiv.o(.text)
    __ARM_scalbnf                            0x0800c0c3   Thumb Code    24  fscalb.o(.text)
    scalbnf                                  0x0800c0c3   Thumb Code     0  fscalb.o(.text)
    __aeabi_dadd                             0x0800c0db   Thumb Code   322  dadd.o(.text)
    __aeabi_dsub                             0x0800c21d   Thumb Code     6  dadd.o(.text)
    __aeabi_drsub                            0x0800c223   Thumb Code     6  dadd.o(.text)
    __aeabi_dmul                             0x0800c229   Thumb Code   228  dmul.o(.text)
    __aeabi_ddiv                             0x0800c30d   Thumb Code   222  ddiv.o(.text)
    __ARM_scalbn                             0x0800c3eb   Thumb Code    46  dscalb.o(.text)
    scalbn                                   0x0800c3eb   Thumb Code     0  dscalb.o(.text)
    __aeabi_i2f                              0x0800c419   Thumb Code    18  fflti.o(.text)
    __aeabi_ui2f                             0x0800c42b   Thumb Code    10  ffltui.o(.text)
    __aeabi_l2f                              0x0800c435   Thumb Code    44  ffltl.o(.text)
    __aeabi_i2d                              0x0800c461   Thumb Code    34  dflti.o(.text)
    __aeabi_f2iz                             0x0800c483   Thumb Code    50  ffixi.o(.text)
    __aeabi_f2uiz                            0x0800c4b5   Thumb Code    40  ffixui.o(.text)
    __aeabi_f2lz                             0x0800c4dd   Thumb Code    66  ffixl.o(.text)
    __aeabi_d2iz                             0x0800c51f   Thumb Code    62  dfixi.o(.text)
    __aeabi_f2d                              0x0800c55d   Thumb Code    38  f2d.o(.text)
    __aeabi_cdcmpeq                          0x0800c585   Thumb Code     0  cdcmple.o(.text)
    __aeabi_cdcmple                          0x0800c585   Thumb Code    48  cdcmple.o(.text)
    __aeabi_cdrcmple                         0x0800c5b5   Thumb Code    48  cdrcmple.o(.text)
    __aeabi_d2f                              0x0800c5e5   Thumb Code    56  d2f.o(.text)
    __aeabi_cfcmpeq                          0x0800c61d   Thumb Code     0  cfcmple.o(.text)
    __aeabi_cfcmple                          0x0800c61d   Thumb Code    20  cfcmple.o(.text)
    __aeabi_cfrcmple                         0x0800c631   Thumb Code    20  cfrcmple.o(.text)
    __aeabi_uidiv                            0x0800c645   Thumb Code     0  uidiv.o(.text)
    __aeabi_uidivmod                         0x0800c645   Thumb Code    44  uidiv.o(.text)
    __aeabi_uldivmod                         0x0800c671   Thumb Code    98  uldiv.o(.text)
    __aeabi_llsr                             0x0800c6d3   Thumb Code    32  llushr.o(.text)
    _ll_ushift_r                             0x0800c6d3   Thumb Code     0  llushr.o(.text)
    __I$use$fp                               0x0800c6f3   Thumb Code     0  iusefp.o(.text)
    _float_round                             0x0800c6f3   Thumb Code    18  fepilogue.o(.text)
    _float_epilogue                          0x0800c705   Thumb Code    92  fepilogue.o(.text)
    _fsqrt                                   0x0800c761   Thumb Code    94  fsqrt.o(.text)
    _frnd                                    0x0800c7bf   Thumb Code    60  frnd.o(.text)
    _double_round                            0x0800c7fb   Thumb Code    30  depilogue.o(.text)
    _double_epilogue                         0x0800c819   Thumb Code   156  depilogue.o(.text)
    _dsqrt                                   0x0800c8b5   Thumb Code   162  dsqrt.o(.text)
    __aeabi_d2ulz                            0x0800c957   Thumb Code    48  dfixul.o(.text)
    __scatterload                            0x0800c989   Thumb Code    28  init.o(.text)
    __scatterload_rt2                        0x0800c989   Thumb Code     0  init.o(.text)
    __0printf                                0x0800c9ad   Thumb Code    22  printfa.o(i.__0printf)
    __1printf                                0x0800c9ad   Thumb Code     0  printfa.o(i.__0printf)
    __2printf                                0x0800c9ad   Thumb Code     0  printfa.o(i.__0printf)
    __c89printf                              0x0800c9ad   Thumb Code     0  printfa.o(i.__0printf)
    printf                                   0x0800c9ad   Thumb Code     0  printfa.o(i.__0printf)
    __0sprintf                               0x0800c9cd   Thumb Code    34  printfa.o(i.__0sprintf)
    __1sprintf                               0x0800c9cd   Thumb Code     0  printfa.o(i.__0sprintf)
    __2sprintf                               0x0800c9cd   Thumb Code     0  printfa.o(i.__0sprintf)
    __c89sprintf                             0x0800c9cd   Thumb Code     0  printfa.o(i.__0sprintf)
    sprintf                                  0x0800c9cd   Thumb Code     0  printfa.o(i.__0sprintf)
    __0vsprintf                              0x0800c9f5   Thumb Code    30  printfa.o(i.__0vsprintf)
    __1vsprintf                              0x0800c9f5   Thumb Code     0  printfa.o(i.__0vsprintf)
    __2vsprintf                              0x0800c9f5   Thumb Code     0  printfa.o(i.__0vsprintf)
    __c89vsprintf                            0x0800c9f5   Thumb Code     0  printfa.o(i.__0vsprintf)
    vsprintf                                 0x0800c9f5   Thumb Code     0  printfa.o(i.__0vsprintf)
    __ARM_fpclassifyf                        0x0800ca19   Thumb Code    38  fpclassifyf.o(i.__ARM_fpclassifyf)
    __kernel_poly                            0x0800ca3f   Thumb Code   170  poly.o(i.__kernel_poly)
    __mathlib_dbl_infnan                     0x0800cae9   Thumb Code     6  dunder.o(i.__mathlib_dbl_infnan)
    __mathlib_dbl_invalid                    0x0800caef   Thumb Code    12  dunder.o(i.__mathlib_dbl_invalid)
    __mathlib_flt_infnan                     0x0800cafb   Thumb Code     6  funder.o(i.__mathlib_flt_infnan)
    __mathlib_flt_infnan2                    0x0800cb01   Thumb Code     4  funder.o(i.__mathlib_flt_infnan2)
    __mathlib_flt_invalid                    0x0800cb05   Thumb Code     8  funder.o(i.__mathlib_flt_invalid)
    __mathlib_flt_underflow                  0x0800cb0d   Thumb Code    10  funder.o(i.__mathlib_flt_underflow)
    __mathlib_rredf2                         0x0800cb19   Thumb Code   344  rredf.o(i.__mathlib_rredf2)
    __scatterload_copy                       0x0800cc81   Thumb Code    14  handlers.o(i.__scatterload_copy)
    __scatterload_null                       0x0800cc8f   Thumb Code     2  handlers.o(i.__scatterload_null)
    __scatterload_zeroinit                   0x0800cc91   Thumb Code    14  handlers.o(i.__scatterload_zeroinit)
    __set_errno                              0x0800cca1   Thumb Code     6  errno.o(i.__set_errno)
    acos                                     0x0800d549   Thumb Code   574  acos.o(i.acos)
    acosf                                    0x0800d7c5   Thumb Code   242  acosf.o(i.acosf)
    asinf                                    0x0800d8e1   Thumb Code   254  asinf.o(i.asinf)
    atan2f                                   0x0800da05   Thumb Code   528  atan2f.o(i.atan2f)
    cosf                                     0x0800dc61   Thumb Code   328  cosf.o(i.cosf)
    sinf                                     0x0800dddd   Thumb Code   338  sinf.o(i.sinf)
    sqrt                                     0x0800df65   Thumb Code    76  sqrt.o(i.sqrt)
    sqrtf                                    0x0800dfb1   Thumb Code    44  sqrtf.o(i.sqrtf)
    ucAscii_1608                             0x0800dfdc   Data        1520  bsp_ili9341_lcd.o(.constdata)
    reg                                      0x0800e5cc   Data          30  inv_mpu.o(.constdata)
    hw                                       0x0800e5ea   Data          12  inv_mpu.o(.constdata)
    test                                     0x0800e5f8   Data          40  inv_mpu.o(.constdata)
    sin_lookup                               0x0800f218   Data        1024  ml_math_func.o(.constdata)
    ml_ver                                   0x0800f618   Data          20  mpl.o(.constdata)
    Region$$Table$$Base                      0x0800f708   Number         0  anon$$obj.o(Region$$Table)
    Region$$Table$$Limit                     0x0800f728   Number         0  anon$$obj.o(Region$$Table)
    SystemCoreClock                          0x20000000   Data           4  system_stm32f10x.o(.data)
    AHBPrescTable                            0x20000004   Data          16  system_stm32f10x.o(.data)
    hal_timestamp                            0x20000028   Data           4  main.o(.data)
    rx_new                                   0x2000002c   Data           1  main.o(.data)
    mpl_key                                  0x20000030   Data           4  main.o(.data)
    Task_Delay                               0x20000040   Data           8  stm32f10x_it.o(.data)
    g_ul_ms_ticks                            0x20000048   Data           4  bsp_systick.o(.data)
    compass_low_pass_filter_coeff            0x20000084   Data          20  hal_outputs.o(.data)
    __stdout                                 0x2000009c   Data           4  stdout.o(.data)
    sensors                                  0x20000240   Data         408  data_builder.o(.bss)
    fnm                                      0x20000710   Data         608  fast_no_motion.o(.bss)
    s9axis                                   0x200009b0   Data         312  fusion_9axis.o(.bss)
    mag_disturb                              0x20000d18   Data         184  mag_disturb.o(.bss)
    __initial_sp                             0x200011d0   Data           0  startup_stm32f10x_hd.o(STACK)



==============================================================================

Memory Map of the image

  Image Entry point : 0x08000131

  Load Region LR_IROM1 (Base: 0x08000000, Size: 0x0000f7cc, Max: 0x00080000, ABSOLUTE)

    Execution Region ER_IROM1 (Base: 0x08000000, Size: 0x0000f728, Max: 0x00080000, ABSOLUTE)

    Base Addr    Size         Type   Attr      Idx    E Section Name        Object

    0x08000000   0x00000130   Data   RO            3    RESET               startup_stm32f10x_hd.o
    0x08000130   0x00000000   Code   RO         1223  * .ARM.Collect$$$$00000000  mc_w.l(entry.o)
    0x08000130   0x00000004   Code   RO         1601    .ARM.Collect$$$$00000001  mc_w.l(entry2.o)
    0x08000134   0x00000004   Code   RO         1604    .ARM.Collect$$$$00000004  mc_w.l(entry5.o)
    0x08000138   0x00000000   Code   RO         1606    .ARM.Collect$$$$00000008  mc_w.l(entry7b.o)
    0x08000138   0x00000000   Code   RO         1608    .ARM.Collect$$$$0000000A  mc_w.l(entry8b.o)
    0x08000138   0x00000008   Code   RO         1609    .ARM.Collect$$$$0000000B  mc_w.l(entry9a.o)
    0x08000140   0x00000000   Code   RO         1611    .ARM.Collect$$$$0000000D  mc_w.l(entry10a.o)
    0x08000140   0x00000000   Code   RO         1613    .ARM.Collect$$$$0000000F  mc_w.l(entry11a.o)
    0x08000140   0x00000004   Code   RO         1602    .ARM.Collect$$$$00002712  mc_w.l(entry2.o)
    0x08000144   0x00000024   Code   RO            4    .text               startup_stm32f10x_hd.o
    0x08000168   0x000001e0   Code   RO           24    .text               system_stm32f10x.o
    0x08000348   0x000000dc   Code   RO          121    .text               misc.o
    0x08000424   0x0000011c   Code   RO          233    .text               stm32f10x_exti.o
    0x08000540   0x0000060c   Code   RO          257    .text               stm32f10x_fsmc.o
    0x08000b4c   0x0000035c   Code   RO          269    .text               stm32f10x_gpio.o
    0x08000ea8   0x000003a4   Code   RO          317    .text               stm32f10x_rcc.o
    0x0800124c   0x00000408   Code   RO          379    .text               stm32f10x_usart.o
    0x08001654   0x00001334   Code   RO          403    .text               main.o
    0x08002988   0x00000064   Code   RO          563    .text               stm32f10x_it.o
    0x080029ec   0x00000068   Code   RO          582    .text               bsp_led.o
    0x08002a54   0x000000bc   Code   RO          594    .text               bsp_systick.o
    0x08002b10   0x000000bc   Code   RO          613    .text               bsp_usart1.o
    0x08002bcc   0x0000040c   Code   RO          625    .text               bsp_i2c.o
    0x08002fd8   0x000000c4   Code   RO          639    .text               bsp_exti.o
    0x0800309c   0x00000b38   Code   RO          651    .text               bsp_ili9341_lcd.o
    0x08003bd4   0x00000008   Code   RO          669    .text               bsp_lcd.o
    0x08003bdc   0x00001ef0   Code   RO          688    .text               inv_mpu.o
    0x08005acc   0x00000d74   Code   RO          704    .text               inv_mpu_dmp_motion_driver.o
    0x08006840   0x00000338   Code   RO          725    .text               log_stm32.o
    0x08006b78   0x000004d4   Code   RO          746    .text               empl_outputs.o
    0x0800704c   0x00000c68   Code   RO          763    .text               data_builder.o
    0x08007cb4   0x000006a0   Code   RO          788    .text               hal_outputs.o
    0x08008354   0x0000002c   Code   RO          804    .text               message_layer.o
    0x08008380   0x00000f38   Code   RO          818    .text               ml_math_func.o
    0x080092b8   0x000000fc   Code   RO          848    .text               mpl.o
    0x080093b4   0x000003e4   Code   RO          866    .text               results_holder.o
    0x08009798   0x000000b8   Code   RO          880    .text               start_manager.o
    0x08009850   0x00000224   Code   RO          894    .text               storage_manager.o
    0x08009a74   0x000009f4   Code   RO          908    .text               libmpllib.lib(fast_no_motion.o)
    0x0800a468   0x0000065c   Code   RO          999    .text               libmpllib.lib(fusion_9axis.o)
    0x0800aac4   0x000004bc   Code   RO         1024    .text               libmpllib.lib(gyro_tc.o)
    0x0800af80   0x00000940   Code   RO         1045    .text               libmpllib.lib(quaternion_supervisor.o)
    0x0800b8c0   0x00000550   Code   RO         1063    .text               libmpllib.lib(mag_disturb.o)
    0x0800be10   0x00000062   Code   RO         1226    .text               mc_w.l(ldiv.o)
    0x0800be72   0x0000001e   Code   RO         1228    .text               mc_w.l(llshl.o)
    0x0800be90   0x00000024   Code   RO         1230    .text               mc_w.l(llsshr.o)
    0x0800beb4   0x00000040   Code   RO         1234    .text               mc_w.l(memmovea.o)
    0x0800bef4   0x00000024   Code   RO         1236    .text               mc_w.l(memseta.o)
    0x0800bf18   0x0000001a   Code   RO         1238    .text               mc_w.l(memcmp.o)
    0x0800bf32   0x000000b0   Code   RO         1505    .text               mf_w.l(fadd.o)
    0x0800bfe2   0x00000064   Code   RO         1507    .text               mf_w.l(fmul.o)
    0x0800c046   0x0000007c   Code   RO         1509    .text               mf_w.l(fdiv.o)
    0x0800c0c2   0x00000018   Code   RO         1511    .text               mf_w.l(fscalb.o)
    0x0800c0da   0x0000014e   Code   RO         1513    .text               mf_w.l(dadd.o)
    0x0800c228   0x000000e4   Code   RO         1515    .text               mf_w.l(dmul.o)
    0x0800c30c   0x000000de   Code   RO         1517    .text               mf_w.l(ddiv.o)
    0x0800c3ea   0x0000002e   Code   RO         1519    .text               mf_w.l(dscalb.o)
    0x0800c418   0x00000012   Code   RO         1521    .text               mf_w.l(fflti.o)
    0x0800c42a   0x0000000a   Code   RO         1523    .text               mf_w.l(ffltui.o)
    0x0800c434   0x0000002c   Code   RO         1525    .text               mf_w.l(ffltl.o)
    0x0800c460   0x00000022   Code   RO         1527    .text               mf_w.l(dflti.o)
    0x0800c482   0x00000032   Code   RO         1529    .text               mf_w.l(ffixi.o)
    0x0800c4b4   0x00000028   Code   RO         1531    .text               mf_w.l(ffixui.o)
    0x0800c4dc   0x00000042   Code   RO         1533    .text               mf_w.l(ffixl.o)
    0x0800c51e   0x0000003e   Code   RO         1535    .text               mf_w.l(dfixi.o)
    0x0800c55c   0x00000026   Code   RO         1537    .text               mf_w.l(f2d.o)
    0x0800c582   0x00000002   PAD
    0x0800c584   0x00000030   Code   RO         1539    .text               mf_w.l(cdcmple.o)
    0x0800c5b4   0x00000030   Code   RO         1541    .text               mf_w.l(cdrcmple.o)
    0x0800c5e4   0x00000038   Code   RO         1543    .text               mf_w.l(d2f.o)
    0x0800c61c   0x00000014   Code   RO         1545    .text               mf_w.l(cfcmple.o)
    0x0800c630   0x00000014   Code   RO         1547    .text               mf_w.l(cfrcmple.o)
    0x0800c644   0x0000002c   Code   RO         1616    .text               mc_w.l(uidiv.o)
    0x0800c670   0x00000062   Code   RO         1618    .text               mc_w.l(uldiv.o)
    0x0800c6d2   0x00000020   Code   RO         1620    .text               mc_w.l(llushr.o)
    0x0800c6f2   0x00000000   Code   RO         1629    .text               mc_w.l(iusefp.o)
    0x0800c6f2   0x0000006e   Code   RO         1630    .text               mf_w.l(fepilogue.o)
    0x0800c760   0x0000005e   Code   RO         1632    .text               mf_w.l(fsqrt.o)
    0x0800c7be   0x0000003c   Code   RO         1634    .text               mf_w.l(frnd.o)
    0x0800c7fa   0x000000ba   Code   RO         1636    .text               mf_w.l(depilogue.o)
    0x0800c8b4   0x000000a2   Code   RO         1638    .text               mf_w.l(dsqrt.o)
    0x0800c956   0x00000030   Code   RO         1640    .text               mf_w.l(dfixul.o)
    0x0800c986   0x00000002   PAD
    0x0800c988   0x00000024   Code   RO         1642    .text               mc_w.l(init.o)
    0x0800c9ac   0x00000020   Code   RO         1477    i.__0printf         mc_w.l(printfa.o)
    0x0800c9cc   0x00000028   Code   RO         1479    i.__0sprintf        mc_w.l(printfa.o)
    0x0800c9f4   0x00000024   Code   RO         1483    i.__0vsprintf       mc_w.l(printfa.o)
    0x0800ca18   0x00000026   Code   RO         1568    i.__ARM_fpclassifyf  m_ws.l(fpclassifyf.o)
    0x0800ca3e   0x000000aa   Code   RO         1584    i.__kernel_poly     m_ws.l(poly.o)
    0x0800cae8   0x00000006   Code   RO         1553    i.__mathlib_dbl_infnan  m_ws.l(dunder.o)
    0x0800caee   0x0000000c   Code   RO         1555    i.__mathlib_dbl_invalid  m_ws.l(dunder.o)
    0x0800cafa   0x00000006   Code   RO         1571    i.__mathlib_flt_infnan  m_ws.l(funder.o)
    0x0800cb00   0x00000004   Code   RO         1572    i.__mathlib_flt_infnan2  m_ws.l(funder.o)
    0x0800cb04   0x00000008   Code   RO         1573    i.__mathlib_flt_invalid  m_ws.l(funder.o)
    0x0800cb0c   0x0000000a   Code   RO         1576    i.__mathlib_flt_underflow  m_ws.l(funder.o)
    0x0800cb16   0x00000002   PAD
    0x0800cb18   0x00000168   Code   RO         1592    i.__mathlib_rredf2  m_ws.l(rredf.o)
    0x0800cc80   0x0000000e   Code   RO         1648    i.__scatterload_copy  mc_w.l(handlers.o)
    0x0800cc8e   0x00000002   Code   RO         1649    i.__scatterload_null  mc_w.l(handlers.o)
    0x0800cc90   0x0000000e   Code   RO         1650    i.__scatterload_zeroinit  mc_w.l(handlers.o)
    0x0800cc9e   0x00000002   PAD
    0x0800cca0   0x0000000c   Code   RO         1624    i.__set_errno       mc_w.l(errno.o)
    0x0800ccac   0x00000164   Code   RO         1484    i._fp_digits        mc_w.l(printfa.o)
    0x0800ce10   0x000006dc   Code   RO         1485    i._printf_core      mc_w.l(printfa.o)
    0x0800d4ec   0x00000024   Code   RO         1486    i._printf_post_padding  mc_w.l(printfa.o)
    0x0800d510   0x0000002e   Code   RO         1487    i._printf_pre_padding  mc_w.l(printfa.o)
    0x0800d53e   0x0000000a   Code   RO         1489    i._sputc            mc_w.l(printfa.o)
    0x0800d548   0x0000027c   Code   RO         1086    i.acos              m_ws.l(acos.o)
    0x0800d7c4   0x0000011c   Code   RO         1096    i.acosf             m_ws.l(acosf.o)
    0x0800d8e0   0x00000124   Code   RO         1114    i.asinf             m_ws.l(asinf.o)
    0x0800da04   0x0000025c   Code   RO         1140    i.atan2f            m_ws.l(atan2f.o)
    0x0800dc60   0x0000017c   Code   RO         1160    i.cosf              m_ws.l(cosf.o)
    0x0800dddc   0x00000188   Code   RO         1200    i.sinf              m_ws.l(sinf.o)
    0x0800df64   0x0000004c   Code   RO         1208    i.sqrt              m_ws.l(sqrt.o)
    0x0800dfb0   0x0000002c   Code   RO         1216    i.sqrtf             m_ws.l(sqrtf.o)
    0x0800dfdc   0x000005f0   Data   RO          652    .constdata          bsp_ili9341_lcd.o
    0x0800e5cc   0x00000054   Data   RO          689    .constdata          inv_mpu.o
    0x0800e620   0x00000bf6   Data   RO          706    .constdata          inv_mpu_dmp_motion_driver.o
    0x0800f216   0x00000002   PAD
    0x0800f218   0x00000400   Data   RO          819    .constdata          ml_math_func.o
    0x0800f618   0x0000002f   Data   RO          849    .constdata          mpl.o
    0x0800f647   0x00000001   PAD
    0x0800f648   0x00000050   Data   RO         1087    .constdata          m_ws.l(acos.o)
    0x0800f698   0x00000020   Data   RO         1593    .constdata          m_ws.l(rredf.o)
    0x0800f6b8   0x00000009   Data   RO          406    .conststring        main.o
    0x0800f6c1   0x00000003   PAD
    0x0800f6c4   0x00000044   Data   RO          765    .conststring        data_builder.o
    0x0800f708   0x00000020   Data   RO         1646    Region$$Table       anon$$obj.o


    Execution Region RW_IRAM1 (Base: 0x20000000, Size: 0x000011d0, Max: 0x00010000, ABSOLUTE)

    Base Addr    Size         Type   Attr      Idx    E Section Name        Object

    0x20000000   0x00000014   Data   RW           25    .data               system_stm32f10x.o
    0x20000014   0x00000014   Data   RW          318    .data               stm32f10x_rcc.o
    0x20000028   0x00000015   Data   RW          407    .data               main.o
    0x2000003d   0x00000003   PAD
    0x20000040   0x00000008   Data   RW          564    .data               stm32f10x_it.o
    0x20000048   0x00000008   Data   RW          595    .data               bsp_systick.o
    0x20000050   0x00000006   Data   RW          626    .data               bsp_i2c.o
    0x20000056   0x00000002   PAD
    0x20000058   0x0000002c   Data   RW          690    .data               inv_mpu.o
    0x20000084   0x00000014   Data   RW          790    .data               hal_outputs.o
    0x20000098   0x00000004   Data   RW          805    .data               message_layer.o
    0x2000009c   0x00000004   Data   RW         1615    .data               mc_w.l(stdout.o)
    0x200000a0   0x00000004   Data   RW         1625    .data               mc_w.l(errno.o)
    0x200000a4   0x00000024   Zero   RW          404    .bss                main.o
    0x200000c8   0x00000010   Zero   RW          705    .bss                inv_mpu_dmp_motion_driver.o
    0x200000d8   0x00000028   Zero   RW          747    .bss                empl_outputs.o
    0x20000100   0x000002d8   Zero   RW          764    .bss                data_builder.o
    0x200003d8   0x000000c4   Zero   RW          789    .bss                hal_outputs.o
    0x2000049c   0x00000088   Zero   RW          867    .bss                results_holder.o
    0x20000524   0x00000054   Zero   RW          881    .bss                start_manager.o
    0x20000578   0x00000198   Zero   RW          895    .bss                storage_manager.o
    0x20000710   0x000002a0   Zero   RW          909    .bss                libmpllib.lib(fast_no_motion.o)
    0x200009b0   0x00000138   Zero   RW         1000    .bss                libmpllib.lib(fusion_9axis.o)
    0x20000ae8   0x000001c4   Zero   RW         1025    .bss                libmpllib.lib(gyro_tc.o)
    0x20000cac   0x0000006c   Zero   RW         1046    .bss                libmpllib.lib(quaternion_supervisor.o)
    0x20000d18   0x000000b8   Zero   RW         1064    .bss                libmpllib.lib(mag_disturb.o)
    0x20000dd0   0x00000400   Zero   RW            1    STACK               startup_stm32f10x_hd.o


==============================================================================

Image component sizes


      Code (inc. data)   RO Data    RW Data    ZI Data      Debug   Object Name

       196          4          0          0          0       1145   bsp_exti.o
      1036         14          0          6          0       6004   bsp_i2c.o
      2872         20       1520          0          0       9787   bsp_ili9341_lcd.o
         8          0          0          0          0        523   bsp_lcd.o
       104         10          0          0          0        610   bsp_led.o
       188         22          0          8          0      17338   bsp_systick.o
       188         10          0          0          0       1060   bsp_usart1.o
         0          0          0          0          0       4504   core_cm3.o
      3176         72         68          0        728      18556   data_builder.o
      1236         44          0          0         40       5797   empl_outputs.o
      1696         30          0         20        196       6863   hal_outputs.o
      7920        108         84         44          0      22619   inv_mpu.o
      3444        128       3062          0         16      15375   inv_mpu_dmp_motion_driver.o
       824         22          0          0          0       2247   log_stm32.o
      4916        964          9         21         36      17345   main.o
        44          4          0          4          0       1682   message_layer.o
       220         22          0          0          0       1981   misc.o
      3896         54       1024          0          0      15545   ml_math_func.o
       252         70         47          0          0       2358   mpl.o
       996         10          0          0        136       9541   results_holder.o
       184          6          0          0         84       2486   start_manager.o
        36          8        304          0       1024        920   startup_stm32f10x_hd.o
       284         10          0          0          0       2411   stm32f10x_exti.o
      1548         18          0          0          0       5519   stm32f10x_fsmc.o
       860         38          0          0          0       5821   stm32f10x_gpio.o
       100          4          0          8          0       3596   stm32f10x_it.o
       932         36          0         20          0       9072   stm32f10x_rcc.o
      1032         22          0          0          0       8548   stm32f10x_usart.o
       548          6          0          0        408       3770   storage_manager.o
       480         38          0         20          0     240863   system_stm32f10x.o

    ----------------------------------------------------------------------
     39216       1794       6156        156       2668     443886   Object Totals
         0          0         32          0          0          0   (incl. Generated)
         0          0          6          5          0          0   (incl. Padding)

    ----------------------------------------------------------------------

      Code (inc. data)   RO Data    RW Data    ZI Data      Debug   Library Member Name

      2548         42          0          0        672      19752   fast_no_motion.o
      1628         54          0          0        312       5308   fusion_9axis.o
      1212         30          0          0        452       5515   gyro_tc.o
      1360         46          0          0        184       7270   mag_disturb.o
      2368        102          0          0        108       5409   quaternion_supervisor.o
       636         62         80          0          0        188   acos.o
       284         42          0          0          0        120   acosf.o
       292         38          0          0          0        120   asinf.o
       604         76          0          0          0        116   atan2f.o
       380         52          0          0          0        124   cosf.o
        18          0          0          0          0        136   dunder.o
        38          0          0          0          0         68   fpclassifyf.o
        28          0          0          0          0        272   funder.o
       170          0          0          0          0         96   poly.o
       360         16         32          0          0         88   rredf.o
       392         54          0          0          0        124   sinf.o
        76          0          0          0          0         84   sqrt.o
        44          0          0          0          0         80   sqrtf.o
         0          0          0          0          0          0   entry.o
         0          0          0          0          0          0   entry10a.o
         0          0          0          0          0          0   entry11a.o
         8          4          0          0          0          0   entry2.o
         4          0          0          0          0          0   entry5.o
         0          0          0          0          0          0   entry7b.o
         0          0          0          0          0          0   entry8b.o
         8          4          0          0          0          0   entry9a.o
        12          6          0          4          0         68   errno.o
        30          0          0          0          0          0   handlers.o
        36          8          0          0          0         68   init.o
         0          0          0          0          0          0   iusefp.o
        98          0          0          0          0         84   ldiv.o
        30          0          0          0          0         68   llshl.o
        36          0          0          0          0         68   llsshr.o
        32          0          0          0          0         68   llushr.o
        26          0          0          0          0         80   memcmp.o
        64          0          0          0          0         76   memmovea.o
        36          0          0          0          0        108   memseta.o
      2312        102          0          0          0        676   printfa.o
         0          0          0          4          0          0   stdout.o
        44          0          0          0          0         80   uidiv.o
        98          0          0          0          0         92   uldiv.o
        48          0          0          0          0         68   cdcmple.o
        48          0          0          0          0         68   cdrcmple.o
        20          0          0          0          0         68   cfcmple.o
        20          0          0          0          0         68   cfrcmple.o
        56          0          0          0          0         88   d2f.o
       334          0          0          0          0        148   dadd.o
       222          0          0          0          0        100   ddiv.o
       186          0          0          0          0        176   depilogue.o
        62          0          0          0          0         80   dfixi.o
        48          0          0          0          0         68   dfixul.o
        34          0          0          0          0         76   dflti.o
       228          0          0          0          0         96   dmul.o
        46          0          0          0          0         80   dscalb.o
       162          0          0          0          0        100   dsqrt.o
        38          0          0          0          0         68   f2d.o
       176          0          0          0          0        140   fadd.o
       124          0          0          0          0         88   fdiv.o
       110          0          0          0          0        168   fepilogue.o
        50          0          0          0          0         68   ffixi.o
        66          0          0          0          0         76   ffixl.o
        40          0          0          0          0         68   ffixui.o
        18          0          0          0          0         68   fflti.o
        44          0          0          0          0         92   ffltl.o
        10          0          0          0          0         68   ffltui.o
       100          0          0          0          0         76   fmul.o
        60          0          0          0          0         76   frnd.o
        24          0          0          0          0         68   fscalb.o
        94          0          0          0          0         96   fsqrt.o

    ----------------------------------------------------------------------
     17788        738        112          8       1728      48910   Library Totals
         8          0          0          0          0          0   (incl. Padding)

    ----------------------------------------------------------------------

      Code (inc. data)   RO Data    RW Data    ZI Data      Debug   Library Name

      9116        274          0          0       1728      43254   libmpllib.lib
      3322        340        112          0          0       1616   m_ws.l
      2874        124          0          8          0       1536   mc_w.l
      2468          0          0          0          0       2504   mf_w.l

    ----------------------------------------------------------------------
     17788        738        112          8       1728      48910   Library Totals

    ----------------------------------------------------------------------

==============================================================================


      Code (inc. data)   RO Data    RW Data    ZI Data      Debug   

     57004       2532       6268        164       4396     486240   Grand Totals
     57004       2532       6268        164       4396     486240   ELF Image Totals
     57004       2532       6268        164          0          0   ROM Totals

==============================================================================

    Total RO  Size (Code + RO Data)                63272 (  61.79kB)
    Total RW  Size (RW Data + ZI Data)              4560 (   4.45kB)
    Total ROM Size (Code + RO Data + RW Data)      63436 (  61.95kB)

==============================================================================

