<html>
<body>
<pre>
<h1>µVision Build Log</h1>
<h2>Tool Versions:</h2>
IDE-Version: ¦ÌVision V5.14.0.0
Copyright (C) 2015 ARM Ltd and ARM Germany GmbH. All rights reserved.
License Information: Fantasy King, USTB, LIC=ATTJJ-URPRA-442SX-H8FZA-MP317-00ZRF
 
Tool Versions:
Toolchain:       MDK-ARM Standard  Version: 5.14.0.0
Toolchain Path:  D:\Study\MDK\ARM\ARMCC\Bin
C Compiler:      Armcc.exe V5.05 update 1 (build 106)
Assembler:       Armasm.exe V5.05 update 1 (build 106)
Linker/Locator:  ArmLink.exe V5.05 update 1 (build 106)
Library Manager: ArmAr.exe V5.05 update 1 (build 106)
Hex Converter:   FromElf.exe V5.05 update 1 (build 106)
CPU DLL:         SARMCM3.DLL V5.14.0.0
Dialog DLL:      DCM.DLL V1.13.1.0
Target DLL:      Segger\JL2CM3.dll V2.99.13.0
Dialog DLL:      TCM.DLL V1.14.4.0
 
<h2>Project:</h2>
E:\learning_C\SPI_driver\IMU\SENSOR\Project\RVMDK£¨uv5£©\STM32F4.uvprojx
Project File Date:  04/14/2017

<h2>Output:</h2>
Rebuild target '¹¤³ÌÄ£°å'
compiling stm32f4xx_it.c...
compiling main.c...
compiling LED.C...
compiling usart.c...
compiling delay.c...
compiling systick.c...
compiling mpu9250.c...
..\..\HARDWARE\mpu9250.c(71): warning:  #550-D: variable "adress" was set but never used
        u16 adress;
..\..\HARDWARE\mpu9250.c: 1 warning, 0 errors
compiling mpu9250_spi.c...
compiling ahrs.c...
assembling startup_stm32f427_437xx.s...
compiling misc.c...
compiling stm32f4xx_usart.c...
compiling stm32f4xx_dma.c...
compiling stm32f4xx_spi.c...
compiling stm32f4xx_rtc.c...
compiling stm32f4xx_pwr.c...
compiling stm32f4xx_exti.c...
compiling stm32f4xx_rcc.c...
compiling stm32f4xx_gpio.c...
compiling system_stm32f4xx.c...
linking...
Program Size: Code=3076 RO-data=460 RW-data=76 ZI-data=1068  
FromELF: creating hex file...
"..\..\Output\STM32F4.axf" - 0 Error(s), 1 Warning(s).

<h2>Collection of Component include folders:</h2>
  E:\learning_C\SPI_driver\IMU\SENSOR\Project\RVMDK£¨uv5£©\RTE
  D:\Study\MDK\ARM\PACK\Keil\STM32F4xx_DFP\2.10.0

<h2>Collection of Component Files used:</h2>
</pre>
</body>
</html>
