Component: ARM Compiler 5.05 update 1 (build 106) Tool: armlink [4d0efa]

==============================================================================

Section Cross References

    main.o(i.System_Init) refers to led.o(i.LED_Init) for LED_Init
    main.o(i.System_Init) refers to control.o(i.PID_Init) for PID_Init
    main.o(i.System_Init) refers to pwm_out.o(i.PWM_Out_Init) for PWM_Out_Init
    main.o(i.System_Init) refers to usart.o(i.USART3_Init) for USART3_Init
    main.o(i.System_Init) refers to mpu6500.o(i.MPU6500_Init) for MPU6500_Init
    main.o(i.System_Init) refers to led.o(i.LED_StartShow) for LED_StartShow
    main.o(i.System_Init) refers to systick.o(i.Systick_Init) for Systick_Init
    main.o(i.System_Init) refers to pwm_in.o(i.PWM_In_Init) for PWM_In_Init
    main.o(i.main) refers to main.o(i.System_Init) for System_Init
    stm32f10x_it.o(i.SysTick_Handler) refers to ahrs.o(i.Prepare_Data) for Prepare_Data
    stm32f10x_it.o(i.SysTick_Handler) refers to telecontrol.o(i.Is_WFLY_Unlock) for Is_WFLY_Unlock
    stm32f10x_it.o(i.SysTick_Handler) refers to telecontrol.o(i.Is_WFLY_Lock) for Is_WFLY_Lock
    stm32f10x_it.o(i.SysTick_Handler) refers to ahrs.o(i.IMU_Update) for IMU_Update
    stm32f10x_it.o(i.SysTick_Handler) refers to telecontrol.o(i.WFLY_PWM_Convert) for WFLY_PWM_Convert
    stm32f10x_it.o(i.SysTick_Handler) refers to control.o(i.Control) for Control
    stm32f10x_it.o(i.SysTick_Handler) refers to pwm_out.o(i.Motor_PWM_Update) for Motor_PWM_Update
    stm32f10x_it.o(i.SysTick_Handler) refers to stm32f10x_it.o(.data) for cnt
    stm32f10x_it.o(i.SysTick_Handler) refers to ahrs.o(.bss) for Angle
    stm32f10x_it.o(i.SysTick_Handler) refers to control.o(.bss) for Exp_Angle
    stm32f10x_it.o(i.TIM2_IRQHandler) refers to stm32f10x_tim.o(i.TIM_GetITStatus) for TIM_GetITStatus
    stm32f10x_it.o(i.TIM2_IRQHandler) refers to stm32f10x_tim.o(i.TIM_GetCapture1) for TIM_GetCapture1
    stm32f10x_it.o(i.TIM2_IRQHandler) refers to stm32f10x_tim.o(i.TIM_OC1PolarityConfig) for TIM_OC1PolarityConfig
    stm32f10x_it.o(i.TIM2_IRQHandler) refers to stm32f10x_tim.o(i.TIM_SetCounter) for TIM_SetCounter
    stm32f10x_it.o(i.TIM2_IRQHandler) refers to stm32f10x_tim.o(i.TIM_ClearITPendingBit) for TIM_ClearITPendingBit
    stm32f10x_it.o(i.TIM2_IRQHandler) refers to stm32f10x_tim.o(i.TIM_GetCapture2) for TIM_GetCapture2
    stm32f10x_it.o(i.TIM2_IRQHandler) refers to stm32f10x_tim.o(i.TIM_OC2PolarityConfig) for TIM_OC2PolarityConfig
    stm32f10x_it.o(i.TIM2_IRQHandler) refers to stm32f10x_tim.o(i.TIM_GetCapture3) for TIM_GetCapture3
    stm32f10x_it.o(i.TIM2_IRQHandler) refers to stm32f10x_tim.o(i.TIM_OC3PolarityConfig) for TIM_OC3PolarityConfig
    stm32f10x_it.o(i.TIM2_IRQHandler) refers to stm32f10x_tim.o(i.TIM_GetCapture4) for TIM_GetCapture4
    stm32f10x_it.o(i.TIM2_IRQHandler) refers to stm32f10x_tim.o(i.TIM_OC4PolarityConfig) for TIM_OC4PolarityConfig
    stm32f10x_it.o(i.TIM2_IRQHandler) refers to stm32f10x_it.o(.data) for Rc_Capture_Sta
    stm32f10x_it.o(i.TIM2_IRQHandler) refers to stm32f10x_it.o(.bss) for Rc_Channel_Val
    stm32f10x_it.o(i.TIM3_IRQHandler) refers to stm32f10x_tim.o(i.TIM_GetITStatus) for TIM_GetITStatus
    stm32f10x_it.o(i.TIM3_IRQHandler) refers to stm32f10x_tim.o(i.TIM_GetCapture1) for TIM_GetCapture1
    stm32f10x_it.o(i.TIM3_IRQHandler) refers to stm32f10x_tim.o(i.TIM_OC1PolarityConfig) for TIM_OC1PolarityConfig
    stm32f10x_it.o(i.TIM3_IRQHandler) refers to stm32f10x_tim.o(i.TIM_SetCounter) for TIM_SetCounter
    stm32f10x_it.o(i.TIM3_IRQHandler) refers to stm32f10x_tim.o(i.TIM_ClearITPendingBit) for TIM_ClearITPendingBit
    stm32f10x_it.o(i.TIM3_IRQHandler) refers to stm32f10x_tim.o(i.TIM_GetCapture2) for TIM_GetCapture2
    stm32f10x_it.o(i.TIM3_IRQHandler) refers to stm32f10x_tim.o(i.TIM_OC2PolarityConfig) for TIM_OC2PolarityConfig
    stm32f10x_it.o(i.TIM3_IRQHandler) refers to stm32f10x_it.o(.data) for Rc_Capture_Sta
    stm32f10x_it.o(i.TIM3_IRQHandler) refers to stm32f10x_it.o(.bss) for Rc_Channel_Val
    ahrs.o(i.AHRS_Date_Init) refers to ahrs.o(.bss) for Acc_Buf
    ahrs.o(i.AHRS_Date_Init) refers to ahrs.o(.data) for q0
    ahrs.o(i.AHRS_Date_Init) refers to control.o(.bss) for Exp_Angle
    ahrs.o(i.Acc_Flitter) refers to mpu6500.o(.data) for MPU6500_Acc
    ahrs.o(i.Acc_Flitter) refers to ahrs.o(.data) for filter_cnt
    ahrs.o(i.Acc_Flitter) refers to ahrs.o(.bss) for Acc_Buf
    ahrs.o(i.IMU_Update) refers to fflt_clz.o(x$fpl$fflt) for __aeabi_i2f
    ahrs.o(i.IMU_Update) refers to fmul.o(x$fpl$fmul) for __aeabi_fmul
    ahrs.o(i.IMU_Update) refers to faddsub_clz.o(x$fpl$fsub) for __aeabi_fsub
    ahrs.o(i.IMU_Update) refers to faddsub_clz.o(x$fpl$fadd) for __aeabi_fadd
    ahrs.o(i.IMU_Update) refers to f2d.o(x$fpl$f2d) for __aeabi_f2d
    ahrs.o(i.IMU_Update) refers to sqrt.o(i.sqrt) for sqrt
    ahrs.o(i.IMU_Update) refers to d2f.o(x$fpl$d2f) for __aeabi_d2f
[...]
    ../fplib/dsqrt.s                         0x00000000   Number         0  dsqrt_noumaal.o ABSOLUTE
    ../fplib/f2d.s                           0x00000000   Number         0  f2d.o ABSOLUTE
    ../fplib/faddsub.s                       0x00000000   Number         0  faddsub_clz.o ABSOLUTE
    ../fplib/fcmpi.s                         0x00000000   Number         0  fcmpi.o ABSOLUTE
    ../fplib/fdiv.s                          0x00000000   Number         0  fdiv.o ABSOLUTE
    ../fplib/feqf.s                          0x00000000   Number         0  feqf.o ABSOLUTE
    ../fplib/ffix.s                          0x00000000   Number         0  ffix.o ABSOLUTE
    ../fplib/ffixu.s                         0x00000000   Number         0  ffixu.o ABSOLUTE
    ../fplib/fflt.s                          0x00000000   Number         0  fflt_clz.o ABSOLUTE
    ../fplib/fleqf.s                         0x00000000   Number         0  fleqf.o ABSOLUTE
    ../fplib/fmul.s                          0x00000000   Number         0  fmul.o ABSOLUTE
    ../fplib/fnaninf.s                       0x00000000   Number         0  fnaninf.o ABSOLUTE
    ../fplib/fpinit.s                        0x00000000   Number         0  fpinit.o ABSOLUTE
    ../fplib/fretinf.s                       0x00000000   Number         0  fretinf.o ABSOLUTE
    ../fplib/frleqf.s                        0x00000000   Number         0  frleqf.o ABSOLUTE
    ../fplib/retnan.s                        0x00000000   Number         0  retnan.o ABSOLUTE
    ../fplib/scalbn.s                        0x00000000   Number         0  scalbn.o ABSOLUTE
    ../fplib/trapv.s                         0x00000000   Number         0  trapv.o ABSOLUTE
    ../fplib/usenofp.s                       0x00000000   Number         0  usenofp.o ABSOLUTE
    ../mathlib/asin.c                        0x00000000   Number         0  asin.o ABSOLUTE
    ../mathlib/asin.c                        0x00000000   Number         0  asin_x.o ABSOLUTE
    ../mathlib/atan.c                        0x00000000   Number         0  atan_x.o ABSOLUTE
    ../mathlib/atan.c                        0x00000000   Number         0  atan.o ABSOLUTE
    ../mathlib/atan2.c                       0x00000000   Number         0  atan2.o ABSOLUTE
    ../mathlib/atan2.c                       0x00000000   Number         0  atan2_x.o ABSOLUTE
    ../mathlib/dunder.c                      0x00000000   Number         0  dunder.o ABSOLUTE
    ../mathlib/fpclassify.c                  0x00000000   Number         0  fpclassify.o ABSOLUTE
    ../mathlib/poly.c                        0x00000000   Number         0  poly.o ABSOLUTE
    ../mathlib/qnan.c                        0x00000000   Number         0  qnan.o ABSOLUTE
    ../mathlib/sqrt.c                        0x00000000   Number         0  sqrt.o ABSOLUTE
    ../mathlib/sqrt.c                        0x00000000   Number         0  sqrt_x.o ABSOLUTE
    Drivers\delay.c                          0x00000000   Number         0  delay.o ABSOLUTE
    Drivers\led.c                            0x00000000   Number         0  led.o ABSOLUTE
    Drivers\mpu6500.c                        0x00000000   Number         0  mpu6500.o ABSOLUTE
    Drivers\mpu6500_spi.c                    0x00000000   Number         0  mpu6500_spi.o ABSOLUTE
    Drivers\pwm_in.c                         0x00000000   Number         0  pwm_in.o ABSOLUTE
    Drivers\pwm_out.c                        0x00000000   Number         0  pwm_out.o ABSOLUTE
    Drivers\systick.c                        0x00000000   Number         0  systick.o ABSOLUTE
    Drivers\usart.c                          0x00000000   Number         0  usart.o ABSOLUTE
    Libraries\CMSIS\CoreSupport\core_cm3.c   0x00000000   Number         0  core_cm3.o ABSOLUTE
    Libraries\CMSIS\DeviceSupport\ST\STM32F10x\startup\arm\startup_stm32f10x_hd.s 0x00000000   Number         0  startup_stm32f10x_hd.o ABSOLUTE
    Libraries\STM32F10x_StdPeriph_Driver\src\misc.c 0x00000000   Number         0  misc.o ABSOLUTE
    Libraries\STM32F10x_StdPeriph_Driver\src\stm32f10x_adc.c 0x00000000   Number         0  stm32f10x_adc.o ABSOLUTE
    Libraries\STM32F10x_StdPeriph_Driver\src\stm32f10x_bkp.c 0x00000000   Number         0  stm32f10x_bkp.o ABSOLUTE
    Libraries\STM32F10x_StdPeriph_Driver\src\stm32f10x_can.c 0x00000000   Number         0  stm32f10x_can.o ABSOLUTE
    Libraries\STM32F10x_StdPeriph_Driver\src\stm32f10x_cec.c 0x00000000   Number         0  stm32f10x_cec.o ABSOLUTE
    Libraries\STM32F10x_StdPeriph_Driver\src\stm32f10x_crc.c 0x00000000   Number         0  stm32f10x_crc.o ABSOLUTE
    Libraries\STM32F10x_StdPeriph_Driver\src\stm32f10x_dac.c 0x00000000   Number         0  stm32f10x_dac.o ABSOLUTE
    Libraries\STM32F10x_StdPeriph_Driver\src\stm32f10x_dbgmcu.c 0x00000000   Number         0  stm32f10x_dbgmcu.o ABSOLUTE
    Libraries\STM32F10x_StdPeriph_Driver\src\stm32f10x_dma.c 0x00000000   Number         0  stm32f10x_dma.o ABSOLUTE
    Libraries\STM32F10x_StdPeriph_Driver\src\stm32f10x_exti.c 0x00000000   Number         0  stm32f10x_exti.o ABSOLUTE
    Libraries\STM32F10x_StdPeriph_Driver\src\stm32f10x_flash.c 0x00000000   Number         0  stm32f10x_flash.o ABSOLUTE
    Libraries\STM32F10x_StdPeriph_Driver\src\stm32f10x_fsmc.c 0x00000000   Number         0  stm32f10x_fsmc.o ABSOLUTE
    Libraries\STM32F10x_StdPeriph_Driver\src\stm32f10x_gpio.c 0x00000000   Number         0  stm32f10x_gpio.o ABSOLUTE
    Libraries\STM32F10x_StdPeriph_Driver\src\stm32f10x_i2c.c 0x00000000   Number         0  stm32f10x_i2c.o ABSOLUTE
    Libraries\STM32F10x_StdPeriph_Driver\src\stm32f10x_iwdg.c 0x00000000   Number         0  stm32f10x_iwdg.o ABSOLUTE
    Libraries\STM32F10x_StdPeriph_Driver\src\stm32f10x_pwr.c 0x00000000   Number         0  stm32f10x_pwr.o ABSOLUTE
    Libraries\STM32F10x_StdPeriph_Driver\src\stm32f10x_rcc.c 0x00000000   Number         0  stm32f10x_rcc.o ABSOLUTE
    Libraries\STM32F10x_StdPeriph_Driver\src\stm32f10x_rtc.c 0x00000000   Number         0  stm32f10x_rtc.o ABSOLUTE
    Libraries\STM32F10x_StdPeriph_Driver\src\stm32f10x_sdio.c 0x00000000   Number         0  stm32f10x_sdio.o ABSOLUTE
    Libraries\STM32F10x_StdPeriph_Driver\src\stm32f10x_spi.c 0x00000000   Number         0  stm32f10x_spi.o ABSOLUTE
    Libraries\STM32F10x_StdPeriph_Driver\src\stm32f10x_tim.c 0x00000000   Number         0  stm32f10x_tim.o ABSOLUTE
    Libraries\STM32F10x_StdPeriph_Driver\src\stm32f10x_usart.c 0x00000000   Number         0  stm32f10x_usart.o ABSOLUTE
    Libraries\STM32F10x_StdPeriph_Driver\src\stm32f10x_wwdg.c 0x00000000   Number         0  stm32f10x_wwdg.o ABSOLUTE
    Libraries\\CMSIS\\CoreSupport\\core_cm3.c 0x00000000   Number         0  core_cm3.o ABSOLUTE
    applications\ahrs.c                      0x00000000   Number         0  ahrs.o ABSOLUTE
    applications\control.c                   0x00000000   Number         0  control.o ABSOLUTE
    applications\main.c                      0x00000000   Number         0  main.o ABSOLUTE
    applications\stm32f10x_it.c              0x00000000   Number         0  stm32f10x_it.o ABSOLUTE
    applications\system_stm32f10x.c          0x00000000   Number         0  system_stm32f10x.o ABSOLUTE
    applications\telecontrol.c               0x00000000   Number         0  telecontrol.o ABSOLUTE
    dc.s                                     0x00000000   Number         0  dc.o ABSOLUTE
    RESET                                    0x08000000   Section      304  startup_stm32f10x_hd.o(RESET)
    !!!main                                  0x08000130   Section        8  __main.o(!!!main)
    !!!scatter                               0x08000138   Section       52  __scatter.o(!!!scatter)
    !!handler_copy                           0x0800016c   Section       26  __scatter_copy.o(!!handler_copy)
    !!handler_zi                             0x08000188   Section       28  __scatter_zi.o(!!handler_zi)
    .ARM.Collect$$libinit$$00000000          0x080001a4   Section        2  libinit.o(.ARM.Collect$$libinit$$00000000)
    .ARM.Collect$$libinit$$00000002          0x080001a6   Section        0  libinit2.o(.ARM.Collect$$libinit$$00000002)
    .ARM.Collect$$libinit$$00000004          0x080001a6   Section        0  libinit2.o(.ARM.Collect$$libinit$$00000004)
    .ARM.Collect$$libinit$$0000000A          0x080001a6   Section        0  libinit2.o(.ARM.Collect$$libinit$$0000000A)
    .ARM.Collect$$libinit$$0000000C          0x080001a6   Section        0  libinit2.o(.ARM.Collect$$libinit$$0000000C)
    .ARM.Collect$$libinit$$0000000E          0x080001a6   Section        0  libinit2.o(.ARM.Collect$$libinit$$0000000E)
    .ARM.Collect$$libinit$$00000011          0x080001a6   Section        0  libinit2.o(.ARM.Collect$$libinit$$00000011)
    .ARM.Collect$$libinit$$00000013          0x080001a6   Section        0  libinit2.o(.ARM.Collect$$libinit$$00000013)
    .ARM.Collect$$libinit$$00000015          0x080001a6   Section        0  libinit2.o(.ARM.Collect$$libinit$$00000015)
    .ARM.Collect$$libinit$$00000017          0x080001a6   Section        0  libinit2.o(.ARM.Collect$$libinit$$00000017)
    .ARM.Collect$$libinit$$00000019          0x080001a6   Section        0  libinit2.o(.ARM.Collect$$libinit$$00000019)
    .ARM.Collect$$libinit$$0000001B          0x080001a6   Section        0  libinit2.o(.ARM.Collect$$libinit$$0000001B)
    .ARM.Collect$$libinit$$0000001D          0x080001a6   Section        0  libinit2.o(.ARM.Collect$$libinit$$0000001D)
    .ARM.Collect$$libinit$$0000001F          0x080001a6   Section        0  libinit2.o(.ARM.Collect$$libinit$$0000001F)
    .ARM.Collect$$libinit$$00000021          0x080001a6   Section        0  libinit2.o(.ARM.Collect$$libinit$$00000021)
    .ARM.Collect$$libinit$$00000023          0x080001a6   Section        0  libinit2.o(.ARM.Collect$$libinit$$00000023)
    .ARM.Collect$$libinit$$00000025          0x080001a6   Section        0  libinit2.o(.ARM.Collect$$libinit$$00000025)
    .ARM.Collect$$libinit$$0000002C          0x080001a6   Section        0  libinit2.o(.ARM.Collect$$libinit$$0000002C)
    .ARM.Collect$$libinit$$0000002E          0x080001a6   Section        0  libinit2.o(.ARM.Collect$$libinit$$0000002E)
    .ARM.Collect$$libinit$$00000030          0x080001a6   Section        0  libinit2.o(.ARM.Collect$$libinit$$00000030)
    .ARM.Collect$$libinit$$00000032          0x080001a6   Section        0  libinit2.o(.ARM.Collect$$libinit$$00000032)
    .ARM.Collect$$libinit$$00000033          0x080001a6   Section        2  libinit2.o(.ARM.Collect$$libinit$$00000033)
    .ARM.Collect$$libshutdown$$00000000      0x080001a8   Section        2  libshutdown.o(.ARM.Collect$$libshutdown$$00000000)
    .ARM.Collect$$libshutdown$$00000003      0x080001aa   Section        0  libshutdown2.o(.ARM.Collect$$libshutdown$$00000003)
    .ARM.Collect$$libshutdown$$00000006      0x080001aa   Section        0  libshutdown2.o(.ARM.Collect$$libshutdown$$00000006)
    .ARM.Collect$$libshutdown$$00000009      0x080001aa   Section        0  libshutdown2.o(.ARM.Collect$$libshutdown$$00000009)
    .ARM.Collect$$libshutdown$$0000000B      0x080001aa   Section        0  libshutdown2.o(.ARM.Collect$$libshutdown$$0000000B)
    .ARM.Collect$$libshutdown$$0000000E      0x080001aa   Section        0  libshutdown2.o(.ARM.Collect$$libshutdown$$0000000E)
    .ARM.Collect$$libshutdown$$0000000F      0x080001aa   Section        2  libshutdown2.o(.ARM.Collect$$libshutdown$$0000000F)
    .ARM.Collect$$rtentry$$00000000          0x080001ac   Section        0  __rtentry.o(.ARM.Collect$$rtentry$$00000000)
    .ARM.Collect$$rtentry$$00000002          0x080001ac   Section        0  __rtentry2.o(.ARM.Collect$$rtentry$$00000002)
    .ARM.Collect$$rtentry$$00000004          0x080001ac   Section        6  __rtentry4.o(.ARM.Collect$$rtentry$$00000004)
    .ARM.Collect$$rtentry$$00000009          0x080001b2   Section        0  __rtentry2.o(.ARM.Collect$$rtentry$$00000009)
    .ARM.Collect$$rtentry$$0000000A          0x080001b2   Section        4  __rtentry2.o(.ARM.Collect$$rtentry$$0000000A)
    .ARM.Collect$$rtentry$$0000000C          0x080001b6   Section        0  __rtentry2.o(.ARM.Collect$$rtentry$$0000000C)
    .ARM.Collect$$rtentry$$0000000D          0x080001b6   Section        8  __rtentry2.o(.ARM.Collect$$rtentry$$0000000D)
    .ARM.Collect$$rtexit$$00000000           0x080001be   Section        2  rtexit.o(.ARM.Collect$$rtexit$$00000000)
    .ARM.Collect$$rtexit$$00000002           0x080001c0   Section        0  rtexit2.o(.ARM.Collect$$rtexit$$00000002)
    .ARM.Collect$$rtexit$$00000003           0x080001c0   Section        4  rtexit2.o(.ARM.Collect$$rtexit$$00000003)
    .ARM.Collect$$rtexit$$00000004           0x080001c4   Section        6  rtexit2.o(.ARM.Collect$$rtexit$$00000004)
    .text                                    0x080001cc   Section       64  startup_stm32f10x_hd.o(.text)
    .text                                    0x0800020c   Section        2  use_no_semi_2.o(.text)
    .text                                    0x0800020e   Section        0  heapauxi.o(.text)
    .text                                    0x08000214   Section        2  use_no_semi.o(.text)
    .text                                    0x08000216   Section        0  _rserrno.o(.text)
    .text                                    0x0800022c   Section        8  rt_errno_addr_intlibspace.o(.text)
    .text                                    0x08000234   Section        8  libspace.o(.text)
    .text                                    0x0800023c   Section       74  sys_stackheap_outer.o(.text)
    .text                                    0x08000286   Section        0  exit.o(.text)
    i.AHRS_Date_Init                         0x08000294   Section        0  ahrs.o(i.AHRS_Date_Init)
    i.Acc_Flitter                            0x08000328   Section        0  ahrs.o(i.Acc_Flitter)
    i.Control                                0x0800041c   Section        0  control.o(i.Control)
    i.Delay_Ms                               0x08000668   Section        0  delay.o(i.Delay_Ms)
    i.GPIO_Init                              0x08000688   Section        0  stm32f10x_gpio.o(i.GPIO_Init)
    i.GPIO_ResetBits                         0x0800079e   Section        0  stm32f10x_gpio.o(i.GPIO_ResetBits)
    i.GPIO_SetBits                           0x080007a2   Section        0  stm32f10x_gpio.o(i.GPIO_SetBits)
    i.IMU_Update                             0x080007a8   Section        0  ahrs.o(i.IMU_Update)
    i.Is_WFLY_Connected                      0x08000f5c   Section        0  telecontrol.o(i.Is_WFLY_Connected)
    i.Is_WFLY_Lock                           0x08000f90   Section        0  telecontrol.o(i.Is_WFLY_Lock)
    i.Is_WFLY_Unlock                         0x0800101c   Section        0  telecontrol.o(i.Is_WFLY_Unlock)
    i.LED_Init                               0x080010e8   Section        0  led.o(i.LED_Init)
    i.LED_StartShow                          0x08001128   Section        0  led.o(i.LED_StartShow)
    i.MPU6500_Date_Offset                    0x08001188   Section        0  mpu6500.o(i.MPU6500_Date_Offset)
    i.MPU6500_Init                           0x08001268   Section        0  mpu6500.o(i.MPU6500_Init)
    i.MPU6500_ReadValue                      0x080012d4   Section        0  mpu6500.o(i.MPU6500_ReadValue)
    i.MPU6500_Read_Reg                       0x080014d0   Section        0  mpu6500_spi.o(i.MPU6500_Read_Reg)
    i.MPU6500_Write_Reg                      0x080014fc   Section        0  mpu6500_spi.o(i.MPU6500_Write_Reg)
    i.Motor_PWM_Update                       0x08001528   Section        0  pwm_out.o(i.Motor_PWM_Update)
    i.NVIC_Init                              0x08001584   Section        0  misc.o(i.NVIC_Init)
    i.PID_Init                               0x080015f4   Section        0  control.o(i.PID_Init)
    i.PWM_In_Init                            0x08001690   Section        0  pwm_in.o(i.PWM_In_Init)
    i.PWM_Out_Init                           0x080016a8   Section        0  pwm_out.o(i.PWM_Out_Init)
    i.Prepare_Data                           0x08001780   Section        0  ahrs.o(i.Prepare_Data)
    i.RCC_APB1PeriphClockCmd                 0x0800178c   Section        0  stm32f10x_rcc.o(i.RCC_APB1PeriphClockCmd)
    i.RCC_APB2PeriphClockCmd                 0x080017ac   Section        0  stm32f10x_rcc.o(i.RCC_APB2PeriphClockCmd)
    i.RCC_GetClocksFreq                      0x080017cc   Section        0  stm32f10x_rcc.o(i.RCC_GetClocksFreq)
    i.SPI1_Init                              0x080018a0   Section        0  mpu6500_spi.o(i.SPI1_Init)
    i.SPI1_Read_Write_Byte                   0x0800195c   Section        0  mpu6500_spi.o(i.SPI1_Read_Write_Byte)
    i.SPI_Cmd                                0x080019b0   Section        0  stm32f10x_spi.o(i.SPI_Cmd)
    i.SPI_I2S_GetFlagStatus                  0x080019c8   Section        0  stm32f10x_spi.o(i.SPI_I2S_GetFlagStatus)
    i.SPI_I2S_ReceiveData                    0x080019da   Section        0  stm32f10x_spi.o(i.SPI_I2S_ReceiveData)
    i.SPI_I2S_SendData                       0x080019e0   Section        0  stm32f10x_spi.o(i.SPI_I2S_SendData)
    i.SPI_Init                               0x080019e4   Section        0  stm32f10x_spi.o(i.SPI_Init)
    i.SetSysClock                            0x08001a20   Section        0  system_stm32f10x.o(i.SetSysClock)
    SetSysClock                              0x08001a21   Thumb Code     8  system_stm32f10x.o(i.SetSysClock)
    i.SetSysClockTo72                        0x08001a28   Section        0  system_stm32f10x.o(i.SetSysClockTo72)
    SetSysClockTo72                          0x08001a29   Thumb Code   214  system_stm32f10x.o(i.SetSysClockTo72)
    i.SysTick_Handler                        0x08001b08   Section        0  stm32f10x_it.o(i.SysTick_Handler)
    i.SystemInit                             0x08001bf8   Section        0  system_stm32f10x.o(i.SystemInit)
    i.System_Init                            0x08001c58   Section        0  main.o(i.System_Init)
    i.Systick_Init                           0x08001c9c   Section        0  systick.o(i.Systick_Init)
    i.TI1_Config                             0x08001d04   Section        0  stm32f10x_tim.o(i.TI1_Config)
    TI1_Config                               0x08001d05   Thumb Code   108  stm32f10x_tim.o(i.TI1_Config)
    i.TI2_Config                             0x08001d84   Section        0  stm32f10x_tim.o(i.TI2_Config)
    TI2_Config                               0x08001d85   Thumb Code   130  stm32f10x_tim.o(i.TI2_Config)
    i.TI3_Config                             0x08001e1c   Section        0  stm32f10x_tim.o(i.TI3_Config)
    TI3_Config                               0x08001e1d   Thumb Code   122  stm32f10x_tim.o(i.TI3_Config)
    i.TI4_Config                             0x08001eac   Section        0  stm32f10x_tim.o(i.TI4_Config)
    TI4_Config                               0x08001ead   Thumb Code   130  stm32f10x_tim.o(i.TI4_Config)
    i.TIM2_IRQHandler                        0x08001f44   Section        0  stm32f10x_it.o(i.TIM2_IRQHandler)
    i.TIM2_PWM_In_Init                       0x08002084   Section        0  pwm_in.o(i.TIM2_PWM_In_Init)
    i.TIM3_IRQHandler                        0x080021c0   Section        0  stm32f10x_it.o(i.TIM3_IRQHandler)
    i.TIM3_PWM_In_Init                       0x08002260   Section        0  pwm_in.o(i.TIM3_PWM_In_Init)
    i.TIM_ARRPreloadConfig                   0x0800233c   Section        0  stm32f10x_tim.o(i.TIM_ARRPreloadConfig)
    i.TIM_ClearITPendingBit                  0x08002354   Section        0  stm32f10x_tim.o(i.TIM_ClearITPendingBit)
    i.TIM_Cmd                                0x0800235a   Section        0  stm32f10x_tim.o(i.TIM_Cmd)
    i.TIM_GetCapture1                        0x08002372   Section        0  stm32f10x_tim.o(i.TIM_GetCapture1)
    i.TIM_GetCapture2                        0x08002378   Section        0  stm32f10x_tim.o(i.TIM_GetCapture2)
    i.TIM_GetCapture3                        0x0800237e   Section        0  stm32f10x_tim.o(i.TIM_GetCapture3)
    i.TIM_GetCapture4                        0x08002384   Section        0  stm32f10x_tim.o(i.TIM_GetCapture4)
    i.TIM_GetITStatus                        0x0800238c   Section        0  stm32f10x_tim.o(i.TIM_GetITStatus)
    i.TIM_ICInit                             0x080023b0   Section        0  stm32f10x_tim.o(i.TIM_ICInit)
    i.TIM_ITConfig                           0x0800245c   Section        0  stm32f10x_tim.o(i.TIM_ITConfig)
    i.TIM_OC1Init                            0x08002470   Section        0  stm32f10x_tim.o(i.TIM_OC1Init)
    i.TIM_OC1PolarityConfig                  0x08002508   Section        0  stm32f10x_tim.o(i.TIM_OC1PolarityConfig)
    i.TIM_OC1PreloadConfig                   0x0800251a   Section        0  stm32f10x_tim.o(i.TIM_OC1PreloadConfig)
    i.TIM_OC2Init                            0x0800252c   Section        0  stm32f10x_tim.o(i.TIM_OC2Init)
    i.TIM_OC2PolarityConfig                  0x080025d0   Section        0  stm32f10x_tim.o(i.TIM_OC2PolarityConfig)
    i.TIM_OC2PreloadConfig                   0x080025ea   Section        0  stm32f10x_tim.o(i.TIM_OC2PreloadConfig)
    i.TIM_OC3Init                            0x08002604   Section        0  stm32f10x_tim.o(i.TIM_OC3Init)
    i.TIM_OC3PolarityConfig                  0x080026a4   Section        0  stm32f10x_tim.o(i.TIM_OC3PolarityConfig)
    i.TIM_OC3PreloadConfig                   0x080026be   Section        0  stm32f10x_tim.o(i.TIM_OC3PreloadConfig)
    i.TIM_OC4Init                            0x080026d0   Section        0  stm32f10x_tim.o(i.TIM_OC4Init)
    i.TIM_OC4PolarityConfig                  0x0800274c   Section        0  stm32f10x_tim.o(i.TIM_OC4PolarityConfig)
    i.TIM_OC4PreloadConfig                   0x08002766   Section        0  stm32f10x_tim.o(i.TIM_OC4PreloadConfig)
    i.TIM_SetCounter                         0x08002780   Section        0  stm32f10x_tim.o(i.TIM_SetCounter)
    i.TIM_SetIC1Prescaler                    0x08002784   Section        0  stm32f10x_tim.o(i.TIM_SetIC1Prescaler)
    i.TIM_SetIC2Prescaler                    0x08002796   Section        0  stm32f10x_tim.o(i.TIM_SetIC2Prescaler)
    i.TIM_SetIC3Prescaler                    0x080027b0   Section        0  stm32f10x_tim.o(i.TIM_SetIC3Prescaler)
    i.TIM_SetIC4Prescaler                    0x080027c2   Section        0  stm32f10x_tim.o(i.TIM_SetIC4Prescaler)
    i.TIM_TimeBaseInit                       0x080027dc   Section        0  stm32f10x_tim.o(i.TIM_TimeBaseInit)
    i.USART3_Init                            0x08002880   Section        0  usart.o(i.USART3_Init)
    i.USART_Cmd                              0x080028e8   Section        0  stm32f10x_usart.o(i.USART_Cmd)
    i.USART_Init                             0x08002900   Section        0  stm32f10x_usart.o(i.USART_Init)
    i.WFLY_PWM_Convert                       0x080029d8   Section        0  telecontrol.o(i.WFLY_PWM_Convert)
    i.__ARM_fpclassify                       0x08002b98   Section        0  fpclassify.o(i.__ARM_fpclassify)
    i.__kernel_poly                          0x08002bc0   Section        0  poly.o(i.__kernel_poly)
    i.__mathlib_dbl_infnan                   0x08002c6a   Section        0  dunder.o(i.__mathlib_dbl_infnan)
    i.__mathlib_dbl_infnan2                  0x08002c70   Section        0  dunder.o(i.__mathlib_dbl_infnan2)
    i.__mathlib_dbl_invalid                  0x08002c74   Section        0  dunder.o(i.__mathlib_dbl_invalid)
    i.__mathlib_dbl_underflow                0x08002c80   Section        0  dunder.o(i.__mathlib_dbl_underflow)
    i._sys_exit                              0x08002c90   Section        0  usart.o(i._sys_exit)
    i.asin                                   0x08002c98   Section        0  asin.o(i.asin)
    i.atan                                   0x08002f08   Section        0  atan.o(i.atan)
    i.atan2                                  0x08003128   Section        0  atan2.o(i.atan2)
    i.main                                   0x080032a8   Section        0  main.o(i.main)
    i.sqrt                                   0x080032b0   Section        0  sqrt.o(i.sqrt)
    x$fpl$d2f                                0x080032fc   Section       98  d2f.o(x$fpl$d2f)
    x$fpl$dadd                               0x08003360   Section      336  daddsub_clz.o(x$fpl$dadd)
    _dadd1                                   0x08003371   Thumb Code     0  daddsub_clz.o(x$fpl$dadd)
    x$fpl$dcheck1                            0x080034b0   Section       16  dcheck1.o(x$fpl$dcheck1)
    x$fpl$ddiv                               0x080034c0   Section      688  ddiv.o(x$fpl$ddiv)
    ddiv_entry                               0x080034c7   Thumb Code     0  ddiv.o(x$fpl$ddiv)
    x$fpl$dmul                               0x08003770   Section      340  dmul.o(x$fpl$dmul)
    x$fpl$dnaninf                            0x080038c4   Section      156  dnaninf.o(x$fpl$dnaninf)
    x$fpl$dretinf                            0x08003960   Section       12  dretinf.o(x$fpl$dretinf)
    x$fpl$drsb                               0x0800396c   Section       22  daddsub_clz.o(x$fpl$drsb)
    x$fpl$dsqrt                              0x08003984   Section      460  dsqrt_noumaal.o(x$fpl$dsqrt)
    x$fpl$dsub                               0x08003b50   Section      468  daddsub_clz.o(x$fpl$dsub)
    _dsub1                                   0x08003b61   Thumb Code     0  daddsub_clz.o(x$fpl$dsub)
    x$fpl$f2d                                0x08003d24   Section       86  f2d.o(x$fpl$f2d)
    x$fpl$fadd                               0x08003d7c   Section      196  faddsub_clz.o(x$fpl$fadd)
    _fadd1                                   0x08003d8b   Thumb Code     0  faddsub_clz.o(x$fpl$fadd)
    x$fpl$fcmpinf                            0x08003e40   Section       24  fcmpi.o(x$fpl$fcmpinf)
    x$fpl$fdiv                               0x08003e58   Section      388  fdiv.o(x$fpl$fdiv)
    _fdiv1                                   0x08003e59   Thumb Code     0  fdiv.o(x$fpl$fdiv)
    x$fpl$feqf                               0x08003fdc   Section      104  feqf.o(x$fpl$feqf)
    x$fpl$ffix                               0x08004044   Section       54  ffix.o(x$fpl$ffix)
    x$fpl$ffixu                              0x0800407c   Section       62  ffixu.o(x$fpl$ffixu)
    x$fpl$fflt                               0x080040bc   Section       48  fflt_clz.o(x$fpl$fflt)
    x$fpl$fleqf                              0x080040ec   Section      104  fleqf.o(x$fpl$fleqf)
    x$fpl$fmul                               0x08004154   Section      258  fmul.o(x$fpl$fmul)
    x$fpl$fnaninf                            0x08004256   Section      140  fnaninf.o(x$fpl$fnaninf)
    x$fpl$fretinf                            0x080042e2   Section       10  fretinf.o(x$fpl$fretinf)
    x$fpl$frleqf                             0x080042ec   Section       98  frleqf.o(x$fpl$frleqf)
    x$fpl$fsub                               0x08004350   Section      234  faddsub_clz.o(x$fpl$fsub)
    _fsub1                                   0x0800435f   Thumb Code     0  faddsub_clz.o(x$fpl$fsub)
    x$fpl$retnan                             0x0800443a   Section      100  retnan.o(x$fpl$retnan)
    x$fpl$scalbn                             0x0800449e   Section       92  scalbn.o(x$fpl$scalbn)
    x$fpl$trapveneer                         0x080044fa   Section       48  trapv.o(x$fpl$trapveneer)
    x$fpl$usenofp                            0x0800452a   Section        0  usenofp.o(x$fpl$usenofp)
    .constdata                               0x08004530   Section       80  asin.o(.constdata)
    pS                                       0x08004530   Data          48  asin.o(.constdata)
    qS                                       0x08004560   Data          32  asin.o(.constdata)
    .constdata                               0x08004580   Section      152  atan.o(.constdata)
    atanhi                                   0x08004580   Data          32  atan.o(.constdata)
    atanlo                                   0x080045a0   Data          32  atan.o(.constdata)
    aTodd                                    0x080045c0   Data          40  atan.o(.constdata)
    aTeven                                   0x080045e8   Data          48  atan.o(.constdata)
    .constdata                               0x08004618   Section        8  qnan.o(.constdata)
    .data                                    0x20000000   Section        9  stm32f10x_it.o(.data)
    cnt                                      0x20000006   Data           2  stm32f10x_it.o(.data)
    ms                                       0x20000008   Data           1  stm32f10x_it.o(.data)
    .data                                    0x2000000c   Section       54  ahrs.o(.data)
    filter_cnt                               0x20000040   Data           1  ahrs.o(.data)
    cnt                                      0x20000041   Data           1  ahrs.o(.data)
    .data                                    0x20000042   Section        2  control.o(.data)
    .data                                    0x20000044   Section       14  telecontrol.o(.data)
    cnt_unlock                               0x2000004c   Data           2  telecontrol.o(.data)
    cnt_lock                                 0x2000004e   Data           2  telecontrol.o(.data)
    cnt                                      0x20000050   Data           2  telecontrol.o(.data)
    .data                                    0x20000054   Section       20  system_stm32f10x.o(.data)
    .data                                    0x20000068   Section       36  mpu6500.o(.data)
    .data                                    0x2000008c   Section       20  stm32f10x_rcc.o(.data)
    APBAHBPrescTable                         0x2000008c   Data          16  stm32f10x_rcc.o(.data)
    ADCPrescTable                            0x2000009c   Data           4  stm32f10x_rcc.o(.data)
    .bss                                     0x200000a0   Section       12  stm32f10x_it.o(.bss)
    .bss                                     0x200000ac   Section      144  ahrs.o(.bss)
    .bss                                     0x2000013c   Section      216  control.o(.bss)
    .bss                                     0x20000214   Section       40  mpu6500.o(.bss)
    Temp_Gyro                                0x20000224   Data          12  mpu6500.o(.bss)
    Temp_Acc                                 0x20000230   Data          12  mpu6500.o(.bss)
    .bss                                     0x2000023c   Section       96  libspace.o(.bss)
    HEAP                                     0x200002a0   Section     1024  startup_stm32f10x_hd.o(HEAP)
    Heap_Mem                                 0x200002a0   Data        1024  startup_stm32f10x_hd.o(HEAP)
    STACK                                    0x200006a0   Section     2048  startup_stm32f10x_hd.o(STACK)
    Stack_Mem                                0x200006a0   Data        2048  startup_stm32f10x_hd.o(STACK)
    __initial_sp                             0x20000ea0   Data           0  startup_stm32f10x_hd.o(STACK)

    Global Symbols

    Symbol Name                              Value     Ov Type        Size  Object(Section)

    BuildAttributes$$THM_ISAv4$P$D$K$B$S$PE$A:L22UL41UL21$X:L11$S22US41US21$IEEE1$IW$USESV6$~STKCKD$USESV7$~SHL$OTIME$ROPI$IEEEX$EBA8$UX$STANDARDLIB$REQ8$PRES8$EABIv2 0x00000000   Number         0  anon$$obj.o ABSOLUTE
    __ARM_use_no_argv                        0x00000000   Number         0  main.o ABSOLUTE
    __ARM_exceptions_init                     - Undefined Weak Reference
    __alloca_initialize                       - Undefined Weak Reference
    __arm_preinit_                            - Undefined Weak Reference
    __cpp_initialize__aeabi_                  - Undefined Weak Reference
    __cxa_finalize                            - Undefined Weak Reference
    __rt_locale                               - Undefined Weak Reference
    __sigvec_lookup                           - Undefined Weak Reference
    _atexit_init                              - Undefined Weak Reference
    _call_atexit_fns                          - Undefined Weak Reference
    _clock_init                               - Undefined Weak Reference
    _fp_trap_init                             - Undefined Weak Reference
    _fp_trap_shutdown                         - Undefined Weak Reference
    _get_lc_collate                           - Undefined Weak Reference
    _get_lc_ctype                             - Undefined Weak Reference
    _get_lc_monetary                          - Undefined Weak Reference
    _get_lc_numeric                           - Undefined Weak Reference
    _get_lc_time                              - Undefined Weak Reference
    _getenv_init                              - Undefined Weak Reference
    _handle_redirection                       - Undefined Weak Reference
    _init_alloc                               - Undefined Weak Reference
    _init_user_alloc                          - Undefined Weak Reference
    _initio                                   - Undefined Weak Reference
    _rand_init                                - Undefined Weak Reference
    _signal_finish                            - Undefined Weak Reference
    _signal_init                              - Undefined Weak Reference
    _terminate_alloc                          - Undefined Weak Reference
    _terminate_user_alloc                     - Undefined Weak Reference
    _terminateio                              - Undefined Weak Reference
    __Vectors_Size                           0x00000130   Number         0  startup_stm32f10x_hd.o ABSOLUTE
    __Vectors                                0x08000000   Data           4  startup_stm32f10x_hd.o(RESET)
    __Vectors_End                            0x08000130   Data           0  startup_stm32f10x_hd.o(RESET)
    __main                                   0x08000131   Thumb Code     8  __main.o(!!!main)
    __scatterload                            0x08000139   Thumb Code     0  __scatter.o(!!!scatter)
    __scatterload_rt2                        0x08000139   Thumb Code    44  __scatter.o(!!!scatter)
    __scatterload_rt2_thumb_only             0x08000139   Thumb Code     0  __scatter.o(!!!scatter)
    __scatterload_null                       0x08000147   Thumb Code     0  __scatter.o(!!!scatter)
    __scatterload_copy                       0x0800016d   Thumb Code    26  __scatter_copy.o(!!handler_copy)
    __scatterload_zeroinit                   0x08000189   Thumb Code    28  __scatter_zi.o(!!handler_zi)
    __rt_lib_init                            0x080001a5   Thumb Code     0  libinit.o(.ARM.Collect$$libinit$$00000000)
    __rt_lib_init_alloca_1                   0x080001a7   Thumb Code     0  libinit2.o(.ARM.Collect$$libinit$$0000002E)
    __rt_lib_init_argv_1                     0x080001a7   Thumb Code     0  libinit2.o(.ARM.Collect$$libinit$$0000002C)
    __rt_lib_init_atexit_1                   0x080001a7   Thumb Code     0  libinit2.o(.ARM.Collect$$libinit$$0000001B)
    __rt_lib_init_clock_1                    0x080001a7   Thumb Code     0  libinit2.o(.ARM.Collect$$libinit$$00000021)
    __rt_lib_init_cpp_1                      0x080001a7   Thumb Code     0  libinit2.o(.ARM.Collect$$libinit$$00000032)
    __rt_lib_init_exceptions_1               0x080001a7   Thumb Code     0  libinit2.o(.ARM.Collect$$libinit$$00000030)
    __rt_lib_init_fp_1                       0x080001a7   Thumb Code     0  libinit2.o(.ARM.Collect$$libinit$$00000002)
    __rt_lib_init_fp_trap_1                  0x080001a7   Thumb Code     0  libinit2.o(.ARM.Collect$$libinit$$0000001F)
    __rt_lib_init_getenv_1                   0x080001a7   Thumb Code     0  libinit2.o(.ARM.Collect$$libinit$$00000023)
    __rt_lib_init_heap_1                     0x080001a7   Thumb Code     0  libinit2.o(.ARM.Collect$$libinit$$0000000A)
    __rt_lib_init_lc_collate_1               0x080001a7   Thumb Code     0  libinit2.o(.ARM.Collect$$libinit$$00000011)
    __rt_lib_init_lc_ctype_1                 0x080001a7   Thumb Code     0  libinit2.o(.ARM.Collect$$libinit$$00000013)
    __rt_lib_init_lc_monetary_1              0x080001a7   Thumb Code     0  libinit2.o(.ARM.Collect$$libinit$$00000015)
    __rt_lib_init_lc_numeric_1               0x080001a7   Thumb Code     0  libinit2.o(.ARM.Collect$$libinit$$00000017)
    __rt_lib_init_lc_time_1                  0x080001a7   Thumb Code     0  libinit2.o(.ARM.Collect$$libinit$$00000019)
    __rt_lib_init_preinit_1                  0x080001a7   Thumb Code     0  libinit2.o(.ARM.Collect$$libinit$$00000004)
    __rt_lib_init_rand_1                     0x080001a7   Thumb Code     0  libinit2.o(.ARM.Collect$$libinit$$0000000E)
    __rt_lib_init_return                     0x080001a7   Thumb Code     0  libinit2.o(.ARM.Collect$$libinit$$00000033)
    __rt_lib_init_signal_1                   0x080001a7   Thumb Code     0  libinit2.o(.ARM.Collect$$libinit$$0000001D)
    __rt_lib_init_stdio_1                    0x080001a7   Thumb Code     0  libinit2.o(.ARM.Collect$$libinit$$00000025)
    __rt_lib_init_user_alloc_1               0x080001a7   Thumb Code     0  libinit2.o(.ARM.Collect$$libinit$$0000000C)
    __rt_lib_shutdown                        0x080001a9   Thumb Code     0  libshutdown.o(.ARM.Collect$$libshutdown$$00000000)
    __rt_lib_shutdown_fp_trap_1              0x080001ab   Thumb Code     0  libshutdown2.o(.ARM.Collect$$libshutdown$$00000006)
    __rt_lib_shutdown_heap_1                 0x080001ab   Thumb Code     0  libshutdown2.o(.ARM.Collect$$libshutdown$$0000000E)
    __rt_lib_shutdown_return                 0x080001ab   Thumb Code     0  libshutdown2.o(.ARM.Collect$$libshutdown$$0000000F)
    __rt_lib_shutdown_signal_1               0x080001ab   Thumb Code     0  libshutdown2.o(.ARM.Collect$$libshutdown$$00000009)
    __rt_lib_shutdown_stdio_1                0x080001ab   Thumb Code     0  libshutdown2.o(.ARM.Collect$$libshutdown$$00000003)
    __rt_lib_shutdown_user_alloc_1           0x080001ab   Thumb Code     0  libshutdown2.o(.ARM.Collect$$libshutdown$$0000000B)
    __rt_entry                               0x080001ad   Thumb Code     0  __rtentry.o(.ARM.Collect$$rtentry$$00000000)
    __rt_entry_presh_1                       0x080001ad   Thumb Code     0  __rtentry2.o(.ARM.Collect$$rtentry$$00000002)
    __rt_entry_sh                            0x080001ad   Thumb Code     0  __rtentry4.o(.ARM.Collect$$rtentry$$00000004)
    __rt_entry_li                            0x080001b3   Thumb Code     0  __rtentry2.o(.ARM.Collect$$rtentry$$0000000A)
    __rt_entry_postsh_1                      0x080001b3   Thumb Code     0  __rtentry2.o(.ARM.Collect$$rtentry$$00000009)
    __rt_entry_main                          0x080001b7   Thumb Code     0  __rtentry2.o(.ARM.Collect$$rtentry$$0000000D)
    __rt_entry_postli_1                      0x080001b7   Thumb Code     0  __rtentry2.o(.ARM.Collect$$rtentry$$0000000C)
    __rt_exit                                0x080001bf   Thumb Code     0  rtexit.o(.ARM.Collect$$rtexit$$00000000)
    __rt_exit_ls                             0x080001c1   Thumb Code     0  rtexit2.o(.ARM.Collect$$rtexit$$00000003)
    __rt_exit_prels_1                        0x080001c1   Thumb Code     0  rtexit2.o(.ARM.Collect$$rtexit$$00000002)
    __rt_exit_exit                           0x080001c5   Thumb Code     0  rtexit2.o(.ARM.Collect$$rtexit$$00000004)
    Reset_Handler                            0x080001cd   Thumb Code     8  startup_stm32f10x_hd.o(.text)
    NMI_Handler                              0x080001d5   Thumb Code     2  startup_stm32f10x_hd.o(.text)
    HardFault_Handler                        0x080001d7   Thumb Code     2  startup_stm32f10x_hd.o(.text)
    MemManage_Handler                        0x080001d9   Thumb Code     2  startup_stm32f10x_hd.o(.text)
    BusFault_Handler                         0x080001db   Thumb Code     2  startup_stm32f10x_hd.o(.text)
    UsageFault_Handler                       0x080001dd   Thumb Code     2  startup_stm32f10x_hd.o(.text)
    SVC_Handler                              0x080001df   Thumb Code     2  startup_stm32f10x_hd.o(.text)
    DebugMon_Handler                         0x080001e1   Thumb Code     2  startup_stm32f10x_hd.o(.text)
    PendSV_Handler                           0x080001e3   Thumb Code     2  startup_stm32f10x_hd.o(.text)
    ADC1_2_IRQHandler                        0x080001e7   Thumb Code     0  startup_stm32f10x_hd.o(.text)
    ADC3_IRQHandler                          0x080001e7   Thumb Code     0  startup_stm32f10x_hd.o(.text)
    CAN1_RX1_IRQHandler                      0x080001e7   Thumb Code     0  startup_stm32f10x_hd.o(.text)
    CAN1_SCE_IRQHandler                      0x080001e7   Thumb Code     0  startup_stm32f10x_hd.o(.text)
    DMA1_Channel1_IRQHandler                 0x080001e7   Thumb Code     0  startup_stm32f10x_hd.o(.text)
    DMA1_Channel2_IRQHandler                 0x080001e7   Thumb Code     0  startup_stm32f10x_hd.o(.text)
    DMA1_Channel3_IRQHandler                 0x080001e7   Thumb Code     0  startup_stm32f10x_hd.o(.text)
    DMA1_Channel4_IRQHandler                 0x080001e7   Thumb Code     0  startup_stm32f10x_hd.o(.text)
    DMA1_Channel5_IRQHandler                 0x080001e7   Thumb Code     0  startup_stm32f10x_hd.o(.text)
    DMA1_Channel6_IRQHandler                 0x080001e7   Thumb Code     0  startup_stm32f10x_hd.o(.text)
    DMA1_Channel7_IRQHandler                 0x080001e7   Thumb Code     0  startup_stm32f10x_hd.o(.text)
    DMA2_Channel1_IRQHandler                 0x080001e7   Thumb Code     0  startup_stm32f10x_hd.o(.text)
    DMA2_Channel2_IRQHandler                 0x080001e7   Thumb Code     0  startup_stm32f10x_hd.o(.text)
    DMA2_Channel3_IRQHandler                 0x080001e7   Thumb Code     0  startup_stm32f10x_hd.o(.text)
    DMA2_Channel4_5_IRQHandler               0x080001e7   Thumb Code     0  startup_stm32f10x_hd.o(.text)
    EXTI0_IRQHandler                         0x080001e7   Thumb Code     0  startup_stm32f10x_hd.o(.text)
    EXTI15_10_IRQHandler                     0x080001e7   Thumb Code     0  startup_stm32f10x_hd.o(.text)
    EXTI1_IRQHandler                         0x080001e7   Thumb Code     0  startup_stm32f10x_hd.o(.text)
    EXTI2_IRQHandler                         0x080001e7   Thumb Code     0  startup_stm32f10x_hd.o(.text)
    EXTI3_IRQHandler                         0x080001e7   Thumb Code     0  startup_stm32f10x_hd.o(.text)
    EXTI4_IRQHandler                         0x080001e7   Thumb Code     0  startup_stm32f10x_hd.o(.text)
    EXTI9_5_IRQHandler                       0x080001e7   Thumb Code     0  startup_stm32f10x_hd.o(.text)
    FLASH_IRQHandler                         0x080001e7   Thumb Code     0  startup_stm32f10x_hd.o(.text)
    FSMC_IRQHandler                          0x080001e7   Thumb Code     0  startup_stm32f10x_hd.o(.text)
    I2C1_ER_IRQHandler                       0x080001e7   Thumb Code     0  startup_stm32f10x_hd.o(.text)
    I2C1_EV_IRQHandler                       0x080001e7   Thumb Code     0  startup_stm32f10x_hd.o(.text)
    I2C2_ER_IRQHandler                       0x080001e7   Thumb Code     0  startup_stm32f10x_hd.o(.text)
    I2C2_EV_IRQHandler                       0x080001e7   Thumb Code     0  startup_stm32f10x_hd.o(.text)
    PVD_IRQHandler                           0x080001e7   Thumb Code     0  startup_stm32f10x_hd.o(.text)
    RCC_IRQHandler                           0x080001e7   Thumb Code     0  startup_stm32f10x_hd.o(.text)
    RTCAlarm_IRQHandler                      0x080001e7   Thumb Code     0  startup_stm32f10x_hd.o(.text)
    RTC_IRQHandler                           0x080001e7   Thumb Code     0  startup_stm32f10x_hd.o(.text)
    SDIO_IRQHandler                          0x080001e7   Thumb Code     0  startup_stm32f10x_hd.o(.text)
    SPI1_IRQHandler                          0x080001e7   Thumb Code     0  startup_stm32f10x_hd.o(.text)
    SPI2_IRQHandler                          0x080001e7   Thumb Code     0  startup_stm32f10x_hd.o(.text)
    SPI3_IRQHandler                          0x080001e7   Thumb Code     0  startup_stm32f10x_hd.o(.text)
    TAMPER_IRQHandler                        0x080001e7   Thumb Code     0  startup_stm32f10x_hd.o(.text)
    TIM1_BRK_IRQHandler                      0x080001e7   Thumb Code     0  startup_stm32f10x_hd.o(.text)
    TIM1_CC_IRQHandler                       0x080001e7   Thumb Code     0  startup_stm32f10x_hd.o(.text)
    TIM1_TRG_COM_IRQHandler                  0x080001e7   Thumb Code     0  startup_stm32f10x_hd.o(.text)
    TIM1_UP_IRQHandler                       0x080001e7   Thumb Code     0  startup_stm32f10x_hd.o(.text)
    TIM4_IRQHandler                          0x080001e7   Thumb Code     0  startup_stm32f10x_hd.o(.text)
    TIM5_IRQHandler                          0x080001e7   Thumb Code     0  startup_stm32f10x_hd.o(.text)
    TIM6_IRQHandler                          0x080001e7   Thumb Code     0  startup_stm32f10x_hd.o(.text)
    TIM7_IRQHandler                          0x080001e7   Thumb Code     0  startup_stm32f10x_hd.o(.text)
    TIM8_BRK_IRQHandler                      0x080001e7   Thumb Code     0  startup_stm32f10x_hd.o(.text)
    TIM8_CC_IRQHandler                       0x080001e7   Thumb Code     0  startup_stm32f10x_hd.o(.text)
    TIM8_TRG_COM_IRQHandler                  0x080001e7   Thumb Code     0  startup_stm32f10x_hd.o(.text)
    TIM8_UP_IRQHandler                       0x080001e7   Thumb Code     0  startup_stm32f10x_hd.o(.text)
    UART4_IRQHandler                         0x080001e7   Thumb Code     0  startup_stm32f10x_hd.o(.text)
    UART5_IRQHandler                         0x080001e7   Thumb Code     0  startup_stm32f10x_hd.o(.text)
    USART1_IRQHandler                        0x080001e7   Thumb Code     0  startup_stm32f10x_hd.o(.text)
    USART2_IRQHandler                        0x080001e7   Thumb Code     0  startup_stm32f10x_hd.o(.text)
    USART3_IRQHandler                        0x080001e7   Thumb Code     0  startup_stm32f10x_hd.o(.text)
    USBWakeUp_IRQHandler                     0x080001e7   Thumb Code     0  startup_stm32f10x_hd.o(.text)
    USB_HP_CAN1_TX_IRQHandler                0x080001e7   Thumb Code     0  startup_stm32f10x_hd.o(.text)
    USB_LP_CAN1_RX0_IRQHandler               0x080001e7   Thumb Code     0  startup_stm32f10x_hd.o(.text)
    WWDG_IRQHandler                          0x080001e7   Thumb Code     0  startup_stm32f10x_hd.o(.text)
    __user_initial_stackheap                 0x080001e9   Thumb Code     0  startup_stm32f10x_hd.o(.text)
    __use_no_semihosting                     0x0800020d   Thumb Code     2  use_no_semi_2.o(.text)
    __use_two_region_memory                  0x0800020f   Thumb Code     2  heapauxi.o(.text)
    __rt_heap_escrow$2region                 0x08000211   Thumb Code     2  heapauxi.o(.text)
    __rt_heap_expand$2region                 0x08000213   Thumb Code     2  heapauxi.o(.text)
    __I$use$semihosting                      0x08000215   Thumb Code     0  use_no_semi.o(.text)
    __use_no_semihosting_swi                 0x08000215   Thumb Code     2  use_no_semi.o(.text)
    __read_errno                             0x08000217   Thumb Code    10  _rserrno.o(.text)
    __set_errno                              0x08000221   Thumb Code    12  _rserrno.o(.text)
    __aeabi_errno_addr                       0x0800022d   Thumb Code     8  rt_errno_addr_intlibspace.o(.text)
    __errno$intlibspace                      0x0800022d   Thumb Code     0  rt_errno_addr_intlibspace.o(.text)
    __rt_errno_addr$intlibspace              0x0800022d   Thumb Code     0  rt_errno_addr_intlibspace.o(.text)
    __user_libspace                          0x08000235   Thumb Code     8  libspace.o(.text)
    __user_perproc_libspace                  0x08000235   Thumb Code     0  libspace.o(.text)
    __user_perthread_libspace                0x08000235   Thumb Code     0  libspace.o(.text)
    __user_setup_stackheap                   0x0800023d   Thumb Code    74  sys_stackheap_outer.o(.text)
    exit                                     0x08000287   Thumb Code    12  exit.o(.text)
    AHRS_Date_Init                           0x08000295   Thumb Code   104  ahrs.o(i.AHRS_Date_Init)
    Acc_Flitter                              0x08000329   Thumb Code   222  ahrs.o(i.Acc_Flitter)
    Control                                  0x0800041d   Thumb Code   556  control.o(i.Control)
    Delay_Ms                                 0x08000669   Thumb Code    32  delay.o(i.Delay_Ms)
    GPIO_Init                                0x08000689   Thumb Code   278  stm32f10x_gpio.o(i.GPIO_Init)
    GPIO_ResetBits                           0x0800079f   Thumb Code     4  stm32f10x_gpio.o(i.GPIO_ResetBits)
    GPIO_SetBits                             0x080007a3   Thumb Code     4  stm32f10x_gpio.o(i.GPIO_SetBits)
    IMU_Update                               0x080007a9   Thumb Code  1930  ahrs.o(i.IMU_Update)
    Is_WFLY_Connected                        0x08000f5d   Thumb Code    48  telecontrol.o(i.Is_WFLY_Connected)
    Is_WFLY_Lock                             0x08000f91   Thumb Code   118  telecontrol.o(i.Is_WFLY_Lock)
    Is_WFLY_Unlock                           0x0800101d   Thumb Code   184  telecontrol.o(i.Is_WFLY_Unlock)
    LED_Init                                 0x080010e9   Thumb Code    56  led.o(i.LED_Init)
    LED_StartShow                            0x08001129   Thumb Code    86  led.o(i.LED_StartShow)
    MPU6500_Date_Offset                      0x08001189   Thumb Code   196  mpu6500.o(i.MPU6500_Date_Offset)
    MPU6500_Init                             0x08001269   Thumb Code   108  mpu6500.o(i.MPU6500_Init)
    MPU6500_ReadValue                        0x080012d5   Thumb Code   466  mpu6500.o(i.MPU6500_ReadValue)
    MPU6500_Read_Reg                         0x080014d1   Thumb Code    40  mpu6500_spi.o(i.MPU6500_Read_Reg)
    MPU6500_Write_Reg                        0x080014fd   Thumb Code    40  mpu6500_spi.o(i.MPU6500_Write_Reg)
    Motor_PWM_Update                         0x08001529   Thumb Code    86  pwm_out.o(i.Motor_PWM_Update)
    NVIC_Init                                0x08001585   Thumb Code   100  misc.o(i.NVIC_Init)
    PID_Init                                 0x080015f5   Thumb Code   124  control.o(i.PID_Init)
    PWM_In_Init                              0x08001691   Thumb Code    24  pwm_in.o(i.PWM_In_Init)
    PWM_Out_Init                             0x080016a9   Thumb Code   208  pwm_out.o(i.PWM_Out_Init)
    Prepare_Data                             0x08001781   Thumb Code    12  ahrs.o(i.Prepare_Data)
    RCC_APB1PeriphClockCmd                   0x0800178d   Thumb Code    26  stm32f10x_rcc.o(i.RCC_APB1PeriphClockCmd)
    RCC_APB2PeriphClockCmd                   0x080017ad   Thumb Code    26  stm32f10x_rcc.o(i.RCC_APB2PeriphClockCmd)
    RCC_GetClocksFreq                        0x080017cd   Thumb Code   192  stm32f10x_rcc.o(i.RCC_GetClocksFreq)
    SPI1_Init                                0x080018a1   Thumb Code   176  mpu6500_spi.o(i.SPI1_Init)
    SPI1_Read_Write_Byte                     0x0800195d   Thumb Code    78  mpu6500_spi.o(i.SPI1_Read_Write_Byte)
    SPI_Cmd                                  0x080019b1   Thumb Code    24  stm32f10x_spi.o(i.SPI_Cmd)
    SPI_I2S_GetFlagStatus                    0x080019c9   Thumb Code    18  stm32f10x_spi.o(i.SPI_I2S_GetFlagStatus)
    SPI_I2S_ReceiveData                      0x080019db   Thumb Code     6  stm32f10x_spi.o(i.SPI_I2S_ReceiveData)
    SPI_I2S_SendData                         0x080019e1   Thumb Code     4  stm32f10x_spi.o(i.SPI_I2S_SendData)
    SPI_Init                                 0x080019e5   Thumb Code    60  stm32f10x_spi.o(i.SPI_Init)
    SysTick_Handler                          0x08001b09   Thumb Code   214  stm32f10x_it.o(i.SysTick_Handler)
    SystemInit                               0x08001bf9   Thumb Code    78  system_stm32f10x.o(i.SystemInit)
    System_Init                              0x08001c59   Thumb Code    68  main.o(i.System_Init)
    Systick_Init                             0x08001c9d   Thumb Code    92  systick.o(i.Systick_Init)
    TIM2_IRQHandler                          0x08001f45   Thumb Code   312  stm32f10x_it.o(i.TIM2_IRQHandler)
    TIM2_PWM_In_Init                         0x08002085   Thumb Code   312  pwm_in.o(i.TIM2_PWM_In_Init)
    TIM3_IRQHandler                          0x080021c1   Thumb Code   148  stm32f10x_it.o(i.TIM3_IRQHandler)
    TIM3_PWM_In_Init                         0x08002261   Thumb Code   212  pwm_in.o(i.TIM3_PWM_In_Init)
    TIM_ARRPreloadConfig                     0x0800233d   Thumb Code    24  stm32f10x_tim.o(i.TIM_ARRPreloadConfig)
    TIM_ClearITPendingBit                    0x08002355   Thumb Code     6  stm32f10x_tim.o(i.TIM_ClearITPendingBit)
    TIM_Cmd                                  0x0800235b   Thumb Code    24  stm32f10x_tim.o(i.TIM_Cmd)
    TIM_GetCapture1                          0x08002373   Thumb Code     6  stm32f10x_tim.o(i.TIM_GetCapture1)
    TIM_GetCapture2                          0x08002379   Thumb Code     6  stm32f10x_tim.o(i.TIM_GetCapture2)
    TIM_GetCapture3                          0x0800237f   Thumb Code     6  stm32f10x_tim.o(i.TIM_GetCapture3)
    TIM_GetCapture4                          0x08002385   Thumb Code     8  stm32f10x_tim.o(i.TIM_GetCapture4)
    TIM_GetITStatus                          0x0800238d   Thumb Code    34  stm32f10x_tim.o(i.TIM_GetITStatus)
    TIM_ICInit                               0x080023b1   Thumb Code   150  stm32f10x_tim.o(i.TIM_ICInit)
    TIM_ITConfig                             0x0800245d   Thumb Code    18  stm32f10x_tim.o(i.TIM_ITConfig)
    TIM_OC1Init                              0x08002471   Thumb Code   132  stm32f10x_tim.o(i.TIM_OC1Init)
    TIM_OC1PolarityConfig                    0x08002509   Thumb Code    18  stm32f10x_tim.o(i.TIM_OC1PolarityConfig)
    TIM_OC1PreloadConfig                     0x0800251b   Thumb Code    18  stm32f10x_tim.o(i.TIM_OC1PreloadConfig)
    TIM_OC2Init                              0x0800252d   Thumb Code   154  stm32f10x_tim.o(i.TIM_OC2Init)
    TIM_OC2PolarityConfig                    0x080025d1   Thumb Code    26  stm32f10x_tim.o(i.TIM_OC2PolarityConfig)
    TIM_OC2PreloadConfig                     0x080025eb   Thumb Code    26  stm32f10x_tim.o(i.TIM_OC2PreloadConfig)
    TIM_OC3Init                              0x08002605   Thumb Code   150  stm32f10x_tim.o(i.TIM_OC3Init)
    TIM_OC3PolarityConfig                    0x080026a5   Thumb Code    26  stm32f10x_tim.o(i.TIM_OC3PolarityConfig)
    TIM_OC3PreloadConfig                     0x080026bf   Thumb Code    18  stm32f10x_tim.o(i.TIM_OC3PreloadConfig)
    TIM_OC4Init                              0x080026d1   Thumb Code   114  stm32f10x_tim.o(i.TIM_OC4Init)
    TIM_OC4PolarityConfig                    0x0800274d   Thumb Code    26  stm32f10x_tim.o(i.TIM_OC4PolarityConfig)
    TIM_OC4PreloadConfig                     0x08002767   Thumb Code    26  stm32f10x_tim.o(i.TIM_OC4PreloadConfig)
    TIM_SetCounter                           0x08002781   Thumb Code     4  stm32f10x_tim.o(i.TIM_SetCounter)
    TIM_SetIC1Prescaler                      0x08002785   Thumb Code    18  stm32f10x_tim.o(i.TIM_SetIC1Prescaler)
    TIM_SetIC2Prescaler                      0x08002797   Thumb Code    26  stm32f10x_tim.o(i.TIM_SetIC2Prescaler)
    TIM_SetIC3Prescaler                      0x080027b1   Thumb Code    18  stm32f10x_tim.o(i.TIM_SetIC3Prescaler)
    TIM_SetIC4Prescaler                      0x080027c3   Thumb Code    26  stm32f10x_tim.o(i.TIM_SetIC4Prescaler)
    TIM_TimeBaseInit                         0x080027dd   Thumb Code   122  stm32f10x_tim.o(i.TIM_TimeBaseInit)
    USART3_Init                              0x08002881   Thumb Code    96  usart.o(i.USART3_Init)
    USART_Cmd                                0x080028e9   Thumb Code    24  stm32f10x_usart.o(i.USART_Cmd)
    USART_Init                               0x08002901   Thumb Code   210  stm32f10x_usart.o(i.USART_Init)
    WFLY_PWM_Convert                         0x080029d9   Thumb Code   396  telecontrol.o(i.WFLY_PWM_Convert)
    __ARM_fpclassify                         0x08002b99   Thumb Code    40  fpclassify.o(i.__ARM_fpclassify)
    __kernel_poly                            0x08002bc1   Thumb Code   170  poly.o(i.__kernel_poly)
    __mathlib_dbl_infnan                     0x08002c6b   Thumb Code     6  dunder.o(i.__mathlib_dbl_infnan)
    __mathlib_dbl_infnan2                    0x08002c71   Thumb Code     4  dunder.o(i.__mathlib_dbl_infnan2)
    __mathlib_dbl_invalid                    0x08002c75   Thumb Code    12  dunder.o(i.__mathlib_dbl_invalid)
    __mathlib_dbl_underflow                  0x08002c81   Thumb Code    10  dunder.o(i.__mathlib_dbl_underflow)
    _sys_exit                                0x08002c91   Thumb Code     6  usart.o(i._sys_exit)
    asin                                     0x08002c99   Thumb Code   572  asin.o(i.asin)
    atan                                     0x08002f09   Thumb Code   474  atan.o(i.atan)
    atan2                                    0x08003129   Thumb Code   346  atan2.o(i.atan2)
    main                                     0x080032a9   Thumb Code     8  main.o(i.main)
    sqrt                                     0x080032b1   Thumb Code    76  sqrt.o(i.sqrt)
    __aeabi_d2f                              0x080032fd   Thumb Code     0  d2f.o(x$fpl$d2f)
    _d2f                                     0x080032fd   Thumb Code    98  d2f.o(x$fpl$d2f)
    __aeabi_dadd                             0x08003361   Thumb Code     0  daddsub_clz.o(x$fpl$dadd)
    _dadd                                    0x08003361   Thumb Code   332  daddsub_clz.o(x$fpl$dadd)
    __fpl_dcheck_NaN1                        0x080034b1   Thumb Code    10  dcheck1.o(x$fpl$dcheck1)
    __aeabi_ddiv                             0x080034c1   Thumb Code     0  ddiv.o(x$fpl$ddiv)
    _ddiv                                    0x080034c1   Thumb Code   552  ddiv.o(x$fpl$ddiv)
    __aeabi_dmul                             0x08003771   Thumb Code     0  dmul.o(x$fpl$dmul)
    _dmul                                    0x08003771   Thumb Code   332  dmul.o(x$fpl$dmul)
    __fpl_dnaninf                            0x080038c5   Thumb Code   156  dnaninf.o(x$fpl$dnaninf)
    __fpl_dretinf                            0x08003961   Thumb Code    12  dretinf.o(x$fpl$dretinf)
    __aeabi_drsub                            0x0800396d   Thumb Code     0  daddsub_clz.o(x$fpl$drsb)
    _drsb                                    0x0800396d   Thumb Code    22  daddsub_clz.o(x$fpl$drsb)
    _dsqrt                                   0x08003985   Thumb Code   456  dsqrt_noumaal.o(x$fpl$dsqrt)
    __aeabi_dsub                             0x08003b51   Thumb Code     0  daddsub_clz.o(x$fpl$dsub)
    _dsub                                    0x08003b51   Thumb Code   464  daddsub_clz.o(x$fpl$dsub)
    __aeabi_f2d                              0x08003d25   Thumb Code     0  f2d.o(x$fpl$f2d)
    _f2d                                     0x08003d25   Thumb Code    86  f2d.o(x$fpl$f2d)
    __aeabi_fadd                             0x08003d7d   Thumb Code     0  faddsub_clz.o(x$fpl$fadd)
    _fadd                                    0x08003d7d   Thumb Code   196  faddsub_clz.o(x$fpl$fadd)
    __fpl_fcmp_Inf                           0x08003e41   Thumb Code    24  fcmpi.o(x$fpl$fcmpinf)
    __aeabi_fdiv                             0x08003e59   Thumb Code     0  fdiv.o(x$fpl$fdiv)
    _fdiv                                    0x08003e59   Thumb Code   384  fdiv.o(x$fpl$fdiv)
    __aeabi_cfcmpeq                          0x08003fdd   Thumb Code     0  feqf.o(x$fpl$feqf)
    _fcmpeq                                  0x08003fdd   Thumb Code   104  feqf.o(x$fpl$feqf)
    __aeabi_f2iz                             0x08004045   Thumb Code     0  ffix.o(x$fpl$ffix)
    _ffix                                    0x08004045   Thumb Code    54  ffix.o(x$fpl$ffix)
    __aeabi_f2uiz                            0x0800407d   Thumb Code     0  ffixu.o(x$fpl$ffixu)
    _ffixu                                   0x0800407d   Thumb Code    62  ffixu.o(x$fpl$ffixu)
    __aeabi_i2f                              0x080040bd   Thumb Code     0  fflt_clz.o(x$fpl$fflt)
    _fflt                                    0x080040bd   Thumb Code    48  fflt_clz.o(x$fpl$fflt)
    __aeabi_cfcmple                          0x080040ed   Thumb Code     0  fleqf.o(x$fpl$fleqf)
    _fcmple                                  0x080040ed   Thumb Code   104  fleqf.o(x$fpl$fleqf)
    __fpl_fcmple_InfNaN                      0x0800413f   Thumb Code     0  fleqf.o(x$fpl$fleqf)
    __aeabi_fmul                             0x08004155   Thumb Code     0  fmul.o(x$fpl$fmul)
    _fmul                                    0x08004155   Thumb Code   258  fmul.o(x$fpl$fmul)
    __fpl_fnaninf                            0x08004257   Thumb Code   140  fnaninf.o(x$fpl$fnaninf)
    __fpl_fretinf                            0x080042e3   Thumb Code    10  fretinf.o(x$fpl$fretinf)
    __aeabi_cfrcmple                         0x080042ed   Thumb Code     0  frleqf.o(x$fpl$frleqf)
    _frcmple                                 0x080042ed   Thumb Code    98  frleqf.o(x$fpl$frleqf)
    __aeabi_fsub                             0x08004351   Thumb Code     0  faddsub_clz.o(x$fpl$fsub)
    _fsub                                    0x08004351   Thumb Code   234  faddsub_clz.o(x$fpl$fsub)
    __fpl_return_NaN                         0x0800443b   Thumb Code   100  retnan.o(x$fpl$retnan)
    __ARM_scalbn                             0x0800449f   Thumb Code    92  scalbn.o(x$fpl$scalbn)
    __fpl_cmpreturn                          0x080044fb   Thumb Code    48  trapv.o(x$fpl$trapveneer)
    __I$use$fp                               0x0800452a   Number         0  usenofp.o(x$fpl$usenofp)
    __mathlib_zero                           0x08004618   Data           8  qnan.o(.constdata)
    Region$$Table$$Base                      0x08004620   Number         0  anon$$obj.o(Region$$Table)
    Region$$Table$$Limit                     0x08004640   Number         0  anon$$obj.o(Region$$Table)
    Rc_Capture_Sta                           0x20000000   Data           6  stm32f10x_it.o(.data)
    Acc_Avg                                  0x2000000c   Data           6  ahrs.o(.data)
    ex_int                                   0x20000014   Data           4  ahrs.o(.data)
    ey_int                                   0x20000018   Data           4  ahrs.o(.data)
    ez_int                                   0x2000001c   Data           4  ahrs.o(.data)
    q0                                       0x20000020   Data           4  ahrs.o(.data)
    q1                                       0x20000024   Data           4  ahrs.o(.data)
    q2                                       0x20000028   Data           4  ahrs.o(.data)
    q3                                       0x2000002c   Data           4  ahrs.o(.data)
    q0_yaw                                   0x20000030   Data           4  ahrs.o(.data)
    q1_yaw                                   0x20000034   Data           4  ahrs.o(.data)
    q2_yaw                                   0x20000038   Data           4  ahrs.o(.data)
    q3_yaw                                   0x2000003c   Data           4  ahrs.o(.data)
    throttle                                 0x20000042   Data           2  control.o(.data)
    unlock_flag                              0x20000044   Data           1  telecontrol.o(.data)
    angle_z                                  0x20000048   Data           4  telecontrol.o(.data)
    SystemCoreClock                          0x20000054   Data           4  system_stm32f10x.o(.data)
    AHBPrescTable                            0x20000058   Data          16  system_stm32f10x.o(.data)
    offset_flag                              0x20000068   Data           1  mpu6500.o(.data)
    MPU6500_Acc_Offset                       0x2000006a   Data           6  mpu6500.o(.data)
    MPU6500_Gyro_Offset                      0x20000070   Data           6  mpu6500.o(.data)
    MPU6500_Acc                              0x20000076   Data           6  mpu6500.o(.data)
    MPU6500_Gyro                             0x2000007c   Data           6  mpu6500.o(.data)
    mpu6500_tempreature                      0x20000084   Data           4  mpu6500.o(.data)
    mpu6500_tempreature_temp                 0x20000088   Data           2  mpu6500.o(.data)
    mpu6500_tempreature_Offset               0x2000008a   Data           2  mpu6500.o(.data)
    Rc_Channel_Val                           0x200000a0   Data          12  stm32f10x_it.o(.bss)
    Acc_Angle                                0x200000ac   Data          12  ahrs.o(.bss)
    Angle                                    0x200000b8   Data          12  ahrs.o(.bss)
    Acc_Buf                                  0x200000c4   Data         120  ahrs.o(.bss)
    motor                                    0x2000013c   Data          10  control.o(.bss)
    PID_Roll_Angle                           0x20000148   Data          32  control.o(.bss)
    PID_Pitch_Angle                          0x20000168   Data          32  control.o(.bss)
    PID_Yaw_Angle                            0x20000188   Data          32  control.o(.bss)
    PID_Roll_Rate                            0x200001a8   Data          32  control.o(.bss)
    PID_Pitch_Rate                           0x200001c8   Data          32  control.o(.bss)
    PID_Yaw_Rate                             0x200001e8   Data          32  control.o(.bss)
    Exp_Angle                                0x20000208   Data          12  control.o(.bss)
    mpu6500_buf                              0x20000214   Data          14  mpu6500.o(.bss)
    __libspace_start                         0x2000023c   Data          96  libspace.o(.bss)
    __temporary_stack_top$libspace           0x2000029c   Data           0  libspace.o(.bss)



==============================================================================

Memory Map of the image

  Image Entry point : 0x08000131

  Load Region LR_IROM1 (Base: 0x08000000, Size: 0x000046e0, Max: 0x00010000, ABSOLUTE)

    Execution Region ER_IROM1 (Base: 0x08000000, Size: 0x00004640, Max: 0x00010000, ABSOLUTE)

    Base Addr    Size         Type   Attr      Idx    E Section Name        Object

    0x08000000   0x00000130   Data   RO         3501    RESET               startup_stm32f10x_hd.o
    0x08000130   0x00000008   Code   RO         3512  * !!!main             c_w.l(__main.o)
    0x08000138   0x00000034   Code   RO         3801    !!!scatter          c_w.l(__scatter.o)
    0x0800016c   0x0000001a   Code   RO         3803    !!handler_copy      c_w.l(__scatter_copy.o)
    0x08000186   0x00000002   PAD
    0x08000188   0x0000001c   Code   RO         3805    !!handler_zi        c_w.l(__scatter_zi.o)
    0x080001a4   0x00000002   Code   RO         3675    .ARM.Collect$$libinit$$00000000  c_w.l(libinit.o)
    0x080001a6   0x00000000   Code   RO         3681    .ARM.Collect$$libinit$$00000002  c_w.l(libinit2.o)
    0x080001a6   0x00000000   Code   RO         3683    .ARM.Collect$$libinit$$00000004  c_w.l(libinit2.o)
    0x080001a6   0x00000000   Code   RO         3686    .ARM.Collect$$libinit$$0000000A  c_w.l(libinit2.o)
    0x080001a6   0x00000000   Code   RO         3688    .ARM.Collect$$libinit$$0000000C  c_w.l(libinit2.o)
    0x080001a6   0x00000000   Code   RO         3690    .ARM.Collect$$libinit$$0000000E  c_w.l(libinit2.o)
    0x080001a6   0x00000000   Code   RO         3693    .ARM.Collect$$libinit$$00000011  c_w.l(libinit2.o)
    0x080001a6   0x00000000   Code   RO         3695    .ARM.Collect$$libinit$$00000013  c_w.l(libinit2.o)
    0x080001a6   0x00000000   Code   RO         3697    .ARM.Collect$$libinit$$00000015  c_w.l(libinit2.o)
    0x080001a6   0x00000000   Code   RO         3699    .ARM.Collect$$libinit$$00000017  c_w.l(libinit2.o)
    0x080001a6   0x00000000   Code   RO         3701    .ARM.Collect$$libinit$$00000019  c_w.l(libinit2.o)
    0x080001a6   0x00000000   Code   RO         3703    .ARM.Collect$$libinit$$0000001B  c_w.l(libinit2.o)
    0x080001a6   0x00000000   Code   RO         3705    .ARM.Collect$$libinit$$0000001D  c_w.l(libinit2.o)
    0x080001a6   0x00000000   Code   RO         3707    .ARM.Collect$$libinit$$0000001F  c_w.l(libinit2.o)
    0x080001a6   0x00000000   Code   RO         3709    .ARM.Collect$$libinit$$00000021  c_w.l(libinit2.o)
    0x080001a6   0x00000000   Code   RO         3711    .ARM.Collect$$libinit$$00000023  c_w.l(libinit2.o)
    0x080001a6   0x00000000   Code   RO         3713    .ARM.Collect$$libinit$$00000025  c_w.l(libinit2.o)
    0x080001a6   0x00000000   Code   RO         3717    .ARM.Collect$$libinit$$0000002C  c_w.l(libinit2.o)
    0x080001a6   0x00000000   Code   RO         3719    .ARM.Collect$$libinit$$0000002E  c_w.l(libinit2.o)
    0x080001a6   0x00000000   Code   RO         3721    .ARM.Collect$$libinit$$00000030  c_w.l(libinit2.o)
    0x080001a6   0x00000000   Code   RO         3723    .ARM.Collect$$libinit$$00000032  c_w.l(libinit2.o)
    0x080001a6   0x00000002   Code   RO         3724    .ARM.Collect$$libinit$$00000033  c_w.l(libinit2.o)
    0x080001a8   0x00000002   Code   RO         3744    .ARM.Collect$$libshutdown$$00000000  c_w.l(libshutdown.o)
    0x080001aa   0x00000000   Code   RO         3755    .ARM.Collect$$libshutdown$$00000003  c_w.l(libshutdown2.o)
    0x080001aa   0x00000000   Code   RO         3758    .ARM.Collect$$libshutdown$$00000006  c_w.l(libshutdown2.o)
    0x080001aa   0x00000000   Code   RO         3761    .ARM.Collect$$libshutdown$$00000009  c_w.l(libshutdown2.o)
    0x080001aa   0x00000000   Code   RO         3763    .ARM.Collect$$libshutdown$$0000000B  c_w.l(libshutdown2.o)
    0x080001aa   0x00000000   Code   RO         3766    .ARM.Collect$$libshutdown$$0000000E  c_w.l(libshutdown2.o)
    0x080001aa   0x00000002   Code   RO         3767    .ARM.Collect$$libshutdown$$0000000F  c_w.l(libshutdown2.o)
    0x080001ac   0x00000000   Code   RO         3580    .ARM.Collect$$rtentry$$00000000  c_w.l(__rtentry.o)
    0x080001ac   0x00000000   Code   RO         3640    .ARM.Collect$$rtentry$$00000002  c_w.l(__rtentry2.o)
    0x080001ac   0x00000006   Code   RO         3652    .ARM.Collect$$rtentry$$00000004  c_w.l(__rtentry4.o)
    0x080001b2   0x00000000   Code   RO         3642    .ARM.Collect$$rtentry$$00000009  c_w.l(__rtentry2.o)
    0x080001b2   0x00000004   Code   RO         3643    .ARM.Collect$$rtentry$$0000000A  c_w.l(__rtentry2.o)
    0x080001b6   0x00000000   Code   RO         3645    .ARM.Collect$$rtentry$$0000000C  c_w.l(__rtentry2.o)
    0x080001b6   0x00000008   Code   RO         3646    .ARM.Collect$$rtentry$$0000000D  c_w.l(__rtentry2.o)
    0x080001be   0x00000002   Code   RO         3678    .ARM.Collect$$rtexit$$00000000  c_w.l(rtexit.o)
    0x080001c0   0x00000000   Code   RO         3728    .ARM.Collect$$rtexit$$00000002  c_w.l(rtexit2.o)
    0x080001c0   0x00000004   Code   RO         3729    .ARM.Collect$$rtexit$$00000003  c_w.l(rtexit2.o)
    0x080001c4   0x00000006   Code   RO         3730    .ARM.Collect$$rtexit$$00000004  c_w.l(rtexit2.o)
    0x080001ca   0x00000002   PAD
    0x080001cc   0x00000040   Code   RO         3502    .text               startup_stm32f10x_hd.o
    0x0800020c   0x00000002   Code   RO         3508    .text               c_w.l(use_no_semi_2.o)
    0x0800020e   0x00000006   Code   RO         3510    .text               c_w.l(heapauxi.o)
    0x08000214   0x00000002   Code   RO         3578    .text               c_w.l(use_no_semi.o)
    0x08000216   0x00000016   Code   RO         3581    .text               c_w.l(_rserrno.o)
    0x0800022c   0x00000008   Code   RO         3657    .text               c_w.l(rt_errno_addr_intlibspace.o)
    0x08000234   0x00000008   Code   RO         3663    .text               c_w.l(libspace.o)
    0x0800023c   0x0000004a   Code   RO         3666    .text               c_w.l(sys_stackheap_outer.o)
    0x08000286   0x0000000c   Code   RO         3668    .text               c_w.l(exit.o)
    0x08000292   0x00000002   PAD
    0x08000294   0x00000094   Code   RO          185    i.AHRS_Date_Init    ahrs.o
    0x08000328   0x000000f4   Code   RO          186    i.Acc_Flitter       ahrs.o
    0x0800041c   0x0000024c   Code   RO          223    i.Control           control.o
    0x08000668   0x00000020   Code   RO          314    i.Delay_Ms          delay.o
    0x08000688   0x00000116   Code   RO         1672    i.GPIO_Init         stm32f10x_gpio.o
    0x0800079e   0x00000004   Code   RO         1679    i.GPIO_ResetBits    stm32f10x_gpio.o
    0x080007a2   0x00000004   Code   RO         1680    i.GPIO_SetBits      stm32f10x_gpio.o
    0x080007a6   0x00000002   PAD
    0x080007a8   0x000007b4   Code   RO          187    i.IMU_Update        ahrs.o
    0x08000f5c   0x00000034   Code   RO          246    i.Is_WFLY_Connected  telecontrol.o
    0x08000f90   0x0000008c   Code   RO          247    i.Is_WFLY_Lock      telecontrol.o
    0x0800101c   0x000000cc   Code   RO          248    i.Is_WFLY_Unlock    telecontrol.o
    0x080010e8   0x00000040   Code   RO          335    i.LED_Init          led.o
    0x08001128   0x00000060   Code   RO          336    i.LED_StartShow     led.o
    0x08001188   0x000000e0   Code   RO          409    i.MPU6500_Date_Offset  mpu6500.o
    0x08001268   0x0000006c   Code   RO          410    i.MPU6500_Init      mpu6500.o
    0x080012d4   0x000001fc   Code   RO          411    i.MPU6500_ReadValue  mpu6500.o
    0x080014d0   0x0000002c   Code   RO          443    i.MPU6500_Read_Reg  mpu6500_spi.o
    0x080014fc   0x0000002c   Code   RO          444    i.MPU6500_Write_Reg  mpu6500_spi.o
    0x08001528   0x0000005c   Code   RO          500    i.Motor_PWM_Update  pwm_out.o
    0x08001584   0x00000070   Code   RO          521    i.NVIC_Init         misc.o
    0x080015f4   0x0000009c   Code   RO          224    i.PID_Init          control.o
    0x08001690   0x00000018   Code   RO          473    i.PWM_In_Init       pwm_in.o
    0x080016a8   0x000000d8   Code   RO          501    i.PWM_Out_Init      pwm_out.o
    0x08001780   0x0000000c   Code   RO          188    i.Prepare_Data      ahrs.o
    0x0800178c   0x00000020   Code   RO         2088    i.RCC_APB1PeriphClockCmd  stm32f10x_rcc.o
    0x080017ac   0x00000020   Code   RO         2090    i.RCC_APB2PeriphClockCmd  stm32f10x_rcc.o
    0x080017cc   0x000000d4   Code   RO         2098    i.RCC_GetClocksFreq  stm32f10x_rcc.o
    0x080018a0   0x000000bc   Code   RO          445    i.SPI1_Init         mpu6500_spi.o
    0x0800195c   0x00000054   Code   RO          446    i.SPI1_Read_Write_Byte  mpu6500_spi.o
    0x080019b0   0x00000018   Code   RO         2567    i.SPI_Cmd           stm32f10x_spi.o
    0x080019c8   0x00000012   Code   RO         2575    i.SPI_I2S_GetFlagStatus  stm32f10x_spi.o
    0x080019da   0x00000006   Code   RO         2578    i.SPI_I2S_ReceiveData  stm32f10x_spi.o
    0x080019e0   0x00000004   Code   RO         2579    i.SPI_I2S_SendData  stm32f10x_spi.o
    0x080019e4   0x0000003c   Code   RO         2580    i.SPI_Init          stm32f10x_spi.o
    0x08001a20   0x00000008   Code   RO          280    i.SetSysClock       system_stm32f10x.o
    0x08001a28   0x000000e0   Code   RO          281    i.SetSysClockTo72   system_stm32f10x.o
    0x08001b08   0x000000f0   Code   RO          153    i.SysTick_Handler   stm32f10x_it.o
    0x08001bf8   0x00000060   Code   RO          283    i.SystemInit        system_stm32f10x.o
    0x08001c58   0x00000044   Code   RO            1    i.System_Init       main.o
    0x08001c9c   0x00000068   Code   RO          390    i.Systick_Init      systick.o
    0x08001d04   0x00000080   Code   RO         2706    i.TI1_Config        stm32f10x_tim.o
    0x08001d84   0x00000098   Code   RO         2707    i.TI2_Config        stm32f10x_tim.o
    0x08001e1c   0x00000090   Code   RO         2708    i.TI3_Config        stm32f10x_tim.o
    0x08001eac   0x00000098   Code   RO         2709    i.TI4_Config        stm32f10x_tim.o
    0x08001f44   0x00000140   Code   RO          154    i.TIM2_IRQHandler   stm32f10x_it.o
    0x08002084   0x0000013c   Code   RO          474    i.TIM2_PWM_In_Init  pwm_in.o
    0x080021c0   0x000000a0   Code   RO          155    i.TIM3_IRQHandler   stm32f10x_it.o
    0x08002260   0x000000dc   Code   RO          475    i.TIM3_PWM_In_Init  pwm_in.o
    0x0800233c   0x00000018   Code   RO         2710    i.TIM_ARRPreloadConfig  stm32f10x_tim.o
    0x08002354   0x00000006   Code   RO         2717    i.TIM_ClearITPendingBit  stm32f10x_tim.o
    0x0800235a   0x00000018   Code   RO         2722    i.TIM_Cmd           stm32f10x_tim.o
    0x08002372   0x00000006   Code   RO         2737    i.TIM_GetCapture1   stm32f10x_tim.o
    0x08002378   0x00000006   Code   RO         2738    i.TIM_GetCapture2   stm32f10x_tim.o
    0x0800237e   0x00000006   Code   RO         2739    i.TIM_GetCapture3   stm32f10x_tim.o
    0x08002384   0x00000008   Code   RO         2740    i.TIM_GetCapture4   stm32f10x_tim.o
    0x0800238c   0x00000022   Code   RO         2743    i.TIM_GetITStatus   stm32f10x_tim.o
    0x080023ae   0x00000002   PAD
    0x080023b0   0x000000ac   Code   RO         2745    i.TIM_ICInit        stm32f10x_tim.o
    0x0800245c   0x00000012   Code   RO         2747    i.TIM_ITConfig      stm32f10x_tim.o
    0x0800246e   0x00000002   PAD
    0x08002470   0x00000098   Code   RO         2751    i.TIM_OC1Init       stm32f10x_tim.o
    0x08002508   0x00000012   Code   RO         2753    i.TIM_OC1PolarityConfig  stm32f10x_tim.o
    0x0800251a   0x00000012   Code   RO         2754    i.TIM_OC1PreloadConfig  stm32f10x_tim.o
    0x0800252c   0x000000a4   Code   RO         2756    i.TIM_OC2Init       stm32f10x_tim.o
    0x080025d0   0x0000001a   Code   RO         2758    i.TIM_OC2PolarityConfig  stm32f10x_tim.o
    0x080025ea   0x0000001a   Code   RO         2759    i.TIM_OC2PreloadConfig  stm32f10x_tim.o
    0x08002604   0x000000a0   Code   RO         2761    i.TIM_OC3Init       stm32f10x_tim.o
    0x080026a4   0x0000001a   Code   RO         2763    i.TIM_OC3PolarityConfig  stm32f10x_tim.o
    0x080026be   0x00000012   Code   RO         2764    i.TIM_OC3PreloadConfig  stm32f10x_tim.o
    0x080026d0   0x0000007c   Code   RO         2766    i.TIM_OC4Init       stm32f10x_tim.o
    0x0800274c   0x0000001a   Code   RO         2767    i.TIM_OC4PolarityConfig  stm32f10x_tim.o
    0x08002766   0x0000001a   Code   RO         2768    i.TIM_OC4PreloadConfig  stm32f10x_tim.o
    0x08002780   0x00000004   Code   RO         2787    i.TIM_SetCounter    stm32f10x_tim.o
    0x08002784   0x00000012   Code   RO         2788    i.TIM_SetIC1Prescaler  stm32f10x_tim.o
    0x08002796   0x0000001a   Code   RO         2789    i.TIM_SetIC2Prescaler  stm32f10x_tim.o
    0x080027b0   0x00000012   Code   RO         2790    i.TIM_SetIC3Prescaler  stm32f10x_tim.o
    0x080027c2   0x0000001a   Code   RO         2791    i.TIM_SetIC4Prescaler  stm32f10x_tim.o
    0x080027dc   0x000000a4   Code   RO         2793    i.TIM_TimeBaseInit  stm32f10x_tim.o
    0x08002880   0x00000068   Code   RO          356    i.USART3_Init       usart.o
    0x080028e8   0x00000018   Code   RO         3258    i.USART_Cmd         stm32f10x_usart.o
    0x08002900   0x000000d8   Code   RO         3265    i.USART_Init        stm32f10x_usart.o
    0x080029d8   0x000001c0   Code   RO          249    i.WFLY_PWM_Convert  telecontrol.o
    0x08002b98   0x00000028   Code   RO         3634    i.__ARM_fpclassify  m_ws.l(fpclassify.o)
    0x08002bc0   0x000000aa   Code   RO         3636    i.__kernel_poly     m_ws.l(poly.o)
    0x08002c6a   0x00000006   Code   RO         3621    i.__mathlib_dbl_infnan  m_ws.l(dunder.o)
    0x08002c70   0x00000004   Code   RO         3622    i.__mathlib_dbl_infnan2  m_ws.l(dunder.o)
    0x08002c74   0x0000000c   Code   RO         3623    i.__mathlib_dbl_invalid  m_ws.l(dunder.o)
    0x08002c80   0x00000010   Code   RO         3626    i.__mathlib_dbl_underflow  m_ws.l(dunder.o)
    0x08002c90   0x00000006   Code   RO          357    i._sys_exit         usart.o
    0x08002c96   0x00000002   PAD
    0x08002c98   0x00000270   Code   RO         3553    i.asin              m_ws.l(asin.o)
    0x08002f08   0x00000220   Code   RO         3611    i.atan              m_ws.l(atan.o)
    0x08003128   0x00000180   Code   RO         3563    i.atan2             m_ws.l(atan2.o)
    0x080032a8   0x00000008   Code   RO            2    i.main              main.o
    0x080032b0   0x0000004c   Code   RO         3571    i.sqrt              m_ws.l(sqrt.o)
    0x080032fc   0x00000062   Code   RO         3514    x$fpl$d2f           fz_ws.l(d2f.o)
    0x0800335e   0x00000002   PAD
    0x08003360   0x00000150   Code   RO         3583    x$fpl$dadd          fz_ws.l(daddsub_clz.o)
    0x080034b0   0x00000010   Code   RO         3659    x$fpl$dcheck1       fz_ws.l(dcheck1.o)
    0x080034c0   0x000002b0   Code   RO         3590    x$fpl$ddiv          fz_ws.l(ddiv.o)
    0x08003770   0x00000154   Code   RO         3516    x$fpl$dmul          fz_ws.l(dmul.o)
    0x080038c4   0x0000009c   Code   RO         3595    x$fpl$dnaninf       fz_ws.l(dnaninf.o)
    0x08003960   0x0000000c   Code   RO         3597    x$fpl$dretinf       fz_ws.l(dretinf.o)
    0x0800396c   0x00000016   Code   RO         3584    x$fpl$drsb          fz_ws.l(daddsub_clz.o)
    0x08003982   0x00000002   PAD
    0x08003984   0x000001cc   Code   RO         3599    x$fpl$dsqrt         fz_ws.l(dsqrt_noumaal.o)
    0x08003b50   0x000001d4   Code   RO         3585    x$fpl$dsub          fz_ws.l(daddsub_clz.o)
    0x08003d24   0x00000056   Code   RO         3518    x$fpl$f2d           fz_ws.l(f2d.o)
    0x08003d7a   0x00000002   PAD
    0x08003d7c   0x000000c4   Code   RO         3520    x$fpl$fadd          fz_ws.l(faddsub_clz.o)
    0x08003e40   0x00000018   Code   RO         3601    x$fpl$fcmpinf       fz_ws.l(fcmpi.o)
    0x08003e58   0x00000184   Code   RO         3527    x$fpl$fdiv          fz_ws.l(fdiv.o)
    0x08003fdc   0x00000068   Code   RO         3530    x$fpl$feqf          fz_ws.l(feqf.o)
    0x08004044   0x00000036   Code   RO         3532    x$fpl$ffix          fz_ws.l(ffix.o)
    0x0800407a   0x00000002   PAD
    0x0800407c   0x0000003e   Code   RO         3536    x$fpl$ffixu         fz_ws.l(ffixu.o)
    0x080040ba   0x00000002   PAD
    0x080040bc   0x00000030   Code   RO         3541    x$fpl$fflt          fz_ws.l(fflt_clz.o)
    0x080040ec   0x00000068   Code   RO         3546    x$fpl$fleqf         fz_ws.l(fleqf.o)
    0x08004154   0x00000102   Code   RO         3548    x$fpl$fmul          fz_ws.l(fmul.o)
    0x08004256   0x0000008c   Code   RO         3603    x$fpl$fnaninf       fz_ws.l(fnaninf.o)
    0x080042e2   0x0000000a   Code   RO         3605    x$fpl$fretinf       fz_ws.l(fretinf.o)
    0x080042ec   0x00000062   Code   RO         3550    x$fpl$frleqf        fz_ws.l(frleqf.o)
    0x0800434e   0x00000002   PAD
    0x08004350   0x000000ea   Code   RO         3522    x$fpl$fsub          fz_ws.l(faddsub_clz.o)
    0x0800443a   0x00000064   Code   RO         3676    x$fpl$retnan        fz_ws.l(retnan.o)
    0x0800449e   0x0000005c   Code   RO         3607    x$fpl$scalbn        fz_ws.l(scalbn.o)
    0x080044fa   0x00000030   Code   RO         3725    x$fpl$trapveneer    fz_ws.l(trapv.o)
    0x0800452a   0x00000000   Code   RO         3609    x$fpl$usenofp       fz_ws.l(usenofp.o)
    0x0800452a   0x00000006   PAD
    0x08004530   0x00000050   Data   RO         3554    .constdata          m_ws.l(asin.o)
    0x08004580   0x00000098   Data   RO         3612    .constdata          m_ws.l(atan.o)
    0x08004618   0x00000008   Data   RO         3638    .constdata          m_ws.l(qnan.o)
    0x08004620   0x00000020   Data   RO         3799    Region$$Table       anon$$obj.o


    Execution Region RW_IRAM1 (Base: 0x20000000, Size: 0x00000ea0, Max: 0x00005000, ABSOLUTE)

    Base Addr    Size         Type   Attr      Idx    E Section Name        Object

    0x20000000   0x00000009   Data   RW          157    .data               stm32f10x_it.o
    0x20000009   0x00000003   PAD
    0x2000000c   0x00000036   Data   RW          190    .data               ahrs.o
    0x20000042   0x00000002   Data   RW          226    .data               control.o
    0x20000044   0x0000000e   Data   RW          250    .data               telecontrol.o
    0x20000052   0x00000002   PAD
    0x20000054   0x00000014   Data   RW          284    .data               system_stm32f10x.o
    0x20000068   0x00000024   Data   RW          413    .data               mpu6500.o
    0x2000008c   0x00000014   Data   RW         2118    .data               stm32f10x_rcc.o
    0x200000a0   0x0000000c   Zero   RW          156    .bss                stm32f10x_it.o
    0x200000ac   0x00000090   Zero   RW          189    .bss                ahrs.o
    0x2000013c   0x000000d8   Zero   RW          225    .bss                control.o
    0x20000214   0x00000028   Zero   RW          412    .bss                mpu6500.o
    0x2000023c   0x00000060   Zero   RW         3664    .bss                c_w.l(libspace.o)
    0x2000029c   0x00000004   PAD
    0x200002a0   0x00000400   Zero   RW         3500    HEAP                startup_stm32f10x_hd.o
    0x200006a0   0x00000800   Zero   RW         3499    STACK               startup_stm32f10x_hd.o


==============================================================================

Image component sizes


      Code (inc. data)   RO Data    RW Data    ZI Data      Debug   Object Name

      2376        164          0         54        144       4774   ahrs.o
       744         64          0          2        216       2129   control.o
         0          0          0          0          0         32   core_cm3.o
        32          0          0          0          0        463   delay.o
       160         18          0          0          0        963   led.o
        76          0          0          0          0     262271   main.o
       112         12          0          0          0       1100   misc.o
       840         70          0         36         40       4067   mpu6500.o
       360         26          0          0          0       2386   mpu6500_spi.o
       560         12          0          0          0       2164   pwm_in.o
       308         14          0          0          0       1570   pwm_out.o
        64         26        304          0       3072        888   startup_stm32f10x_hd.o
       286          0          0          0          0       3148   stm32f10x_gpio.o
       720         46          0          9         12       2534   stm32f10x_it.o
       276         32          0         20          0       4586   stm32f10x_rcc.o
       112          0          0          0          0       4002   stm32f10x_spi.o
      1920        200          0          0          0      21063   stm32f10x_tim.o
       240          6          0          0          0       2925   stm32f10x_usart.o
       328         28          0         20          0       2205   system_stm32f10x.o
       104         12          0          0          0      15786   systick.o
       844         98          0         14          0       2597   telecontrol.o
       110          8          0          0          0       1062   usart.o

    ----------------------------------------------------------------------
     10580        836        336        160       3484     342715   Object Totals
         0          0         32          0          0          0   (incl. Generated)
         8          0          0          5          0          0   (incl. Padding)

    ----------------------------------------------------------------------

      Code (inc. data)   RO Data    RW Data    ZI Data      Debug   Library Member Name

         8          0          0          0          0         68   __main.o
         0          0          0          0          0          0   __rtentry.o
        12          0          0          0          0          0   __rtentry2.o
         6          0          0          0          0          0   __rtentry4.o
        52          8          0          0          0          0   __scatter.o
        26          0          0          0          0          0   __scatter_copy.o
        28          0          0          0          0          0   __scatter_zi.o
        22          0          0          0          0        100   _rserrno.o
        12          0          0          0          0         72   exit.o
         6          0          0          0          0        152   heapauxi.o
         2          0          0          0          0          0   libinit.o
         2          0          0          0          0          0   libinit2.o
         2          0          0          0          0          0   libshutdown.o
         2          0          0          0          0          0   libshutdown2.o
         8          4          0          0         96         68   libspace.o
         8          4          0          0          0         68   rt_errno_addr_intlibspace.o
         2          0          0          0          0          0   rtexit.o
        10          0          0          0          0          0   rtexit2.o
        74          0          0          0          0         80   sys_stackheap_outer.o
         2          0          0          0          0         68   use_no_semi.o
         2          0          0          0          0         68   use_no_semi_2.o
        98          4          0          0          0         92   d2f.o
       826         16          0          0          0        348   daddsub_clz.o
        16          4          0          0          0         68   dcheck1.o
       688        140          0          0          0        208   ddiv.o
       340         12          0          0          0        104   dmul.o
       156          4          0          0          0         92   dnaninf.o
        12          0          0          0          0         68   dretinf.o
       460         56          0          0          0        120   dsqrt_noumaal.o
        86          4          0          0          0         84   f2d.o
       430          8          0          0          0        168   faddsub_clz.o
        24          0          0          0          0         68   fcmpi.o
       388         76          0          0          0         96   fdiv.o
       104          4          0          0          0         84   feqf.o
        54          4          0          0          0         84   ffix.o
        62          4          0          0          0         84   ffixu.o
        48          0          0          0          0         68   fflt_clz.o
       104          4          0          0          0         84   fleqf.o
       258          4          0          0          0         84   fmul.o
       140          4          0          0          0         84   fnaninf.o
        10          0          0          0          0         68   fretinf.o
        98          0          0          0          0         68   frleqf.o
       100          0          0          0          0         68   retnan.o
        92          0          0          0          0         68   scalbn.o
        48          0          0          0          0         68   trapv.o
         0          0          0          0          0          0   usenofp.o
       624         52         80          0          0        168   asin.o
       544         70        152          0          0        124   atan.o
       384         38          0          0          0        144   atan2.o
        38          6          0          0          0        272   dunder.o
        40          0          0          0          0         68   fpclassify.o
       170          0          0          0          0         96   poly.o
         0          0          8          0          0          0   qnan.o
        76          0          0          0          0         84   sqrt.o

    ----------------------------------------------------------------------
      6828        530        240          0        100       4128   Library Totals
        24          0          0          0          4          0   (incl. Padding)

    ----------------------------------------------------------------------

      Code (inc. data)   RO Data    RW Data    ZI Data      Debug   Library Name

       286         16          0          0         96        744   c_w.l
      4642        348          0          0          0       2428   fz_ws.l
      1876        166        240          0          0        956   m_ws.l

    ----------------------------------------------------------------------
      6828        530        240          0        100       4128   Library Totals

    ----------------------------------------------------------------------

==============================================================================


      Code (inc. data)   RO Data    RW Data    ZI Data      Debug   

     17408       1366        576        160       3584     340547   Grand Totals
     17408       1366        576        160       3584     340547   ELF Image Totals
     17408       1366        576        160          0          0   ROM Totals

==============================================================================

    Total RO  Size (Code + RO Data)                17984 (  17.56kB)
    Total RW  Size (RW Data + ZI Data)              3744 (   3.66kB)
    Total ROM Size (Code + RO Data + RW Data)      18144 (  17.72kB)

==============================================================================

